<html>
<body>
<pre>
<h1>µVision Build Log</h1>
<h2>Tool Versions:</h2>
IDE-Version: µVision V5.32.0.0
Copyright (C) 2020 ARM Ltd and ARM Germany GmbH. All rights reserved.
License Information: Night Condor, university, LIC=----
 
Tool Versions:
Toolchain:       MDK-Lite  Version: 5.32.0.0
Toolchain Path:  D:\programs\keil\core\ARM\ARMCC\Bin
C Compiler:      Armcc.exe V5.06 update 7 (build 960)
Assembler:       Armasm.exe V5.06 update 7 (build 960)
Linker/Locator:  ArmLink.exe V5.06 update 7 (build 960)
Library Manager: ArmAr.exe V5.06 update 7 (build 960)
Hex Converter:   FromElf.exe V5.06 update 7 (build 960)
CPU DLL:         SARMCM3.DLL V5.32.0.0
Dialog DLL:      DCM.DLL V1.17.3.0
Target DLL:      STLink\ST-LINKIII-KEIL_SWO.dll V3.0.8.0
Dialog DLL:      TCM.DLL V1.46.0.0
 
<h2>Project:</h2>
D:\projects\stm32\micromouse\micromouse\test\F411\pwm\workspace\pwm.uvprojx
Project File Date:  02/16/2022

<h2>Output:</h2>
*** Using Compiler 'V5.06 update 7 (build 960)', folder: 'D:\programs\keil\core\ARM\ARMCC\Bin'
Rebuild target 'pwm'
assembling startup_stm32f411xe.s...
compiling pwm.c...
.\pwm\code\inc\pwm.h(11): warning:  #1-D: last line of file ends without a newline
  #endif /*__PWM_H__*/
pwm\code\src\pwm.c(3): warning:  #177-D: variable "TIM4_dutyCycle"  was declared but never referenced
  static uint16_t TIM4_dutyCycle;
pwm\code\src\pwm.c(4): warning:  #177-D: variable "TIM3_dutyCycle"  was declared but never referenced
  static uint16_t TIM3_dutyCycle;
pwm\code\src\pwm.c: 3 warnings, 0 errors
compiling system_stm32f4xx.c...
compiling timer_delays.c...
compiling uart2.c...
compiling main.c...
.\pwm\code\inc\pwm.h(11): warning:  #1-D: last line of file ends without a newline
  #endif /*__PWM_H__*/
pwm\code\src\main.c(60): warning:  #177-D: function "SYSTick_Int_Init"  was declared but never referenced
  void SYSTick_Int_Init(void)
pwm\code\src\main.c: 2 warnings, 0 errors
linking...
Program Size: Code=1968 RO-data=424 RW-data=0 ZI-data=1712  
".\Objects\pwm.axf" - 0 Error(s), 5 Warning(s).

<h2>Software Packages used:</h2>

Package Vendor: Keil
                http://www.keil.com/pack/Keil.STM32F4xx_DFP.2.15.0.pack
                Keil.STM32F4xx_DFP.2.15.0
                STMicroelectronics STM32F4 Series Device Support, Drivers and Examples

<h2>Collection of Component include folders:</h2>
  D:\programs\keil\packs\Keil\STM32F4xx_DFP\2.15.0\Drivers\CMSIS\Device\ST\STM32F4xx\Include

<h2>Collection of Component Files used:</h2>
Build Time Elapsed:  00:00:01
</pre>
</body>
</html>
