<html>
<body>
<pre>
<h1>µVision Build Log</h1>
<h2>Tool Versions:</h2>
IDE-Version: µVision V5.32.0.0
Copyright (C) 2020 ARM Ltd and ARM Germany GmbH. All rights reserved.
License Information: Night Condor, university, LIC=----
 
Tool Versions:
Toolchain:       MDK-Lite  Version: 5.32.0.0
Toolchain Path:  D:\programs\keil\core\ARM\ARMCC\Bin
C Compiler:      Armcc.exe V5.06 update 7 (build 960)
Assembler:       Armasm.exe V5.06 update 7 (build 960)
Linker/Locator:  ArmLink.exe V5.06 update 7 (build 960)
Library Manager: ArmAr.exe V5.06 update 7 (build 960)
Hex Converter:   FromElf.exe V5.06 update 7 (build 960)
CPU DLL:         SARMCM3.DLL V5.32.0.0
Dialog DLL:      DCM.DLL V1.17.3.0
Target DLL:      STLink\ST-LINKIII-KEIL_SWO.dll V3.0.8.0
Dialog DLL:      TCM.DLL V1.46.0.0
 
<h2>Project:</h2>
D:\projects\stm32\micromouse\micromouse\workspace\micromouse.uvprojx
Project File Date:  05/25/2022

<h2>Output:</h2>
*** Using Compiler 'V5.06 update 7 (build 960)', folder: 'D:\programs\keil\core\ARM\ARMCC\Bin'
Rebuild target 'micromouse'
assembling startup_stm32f411xe.s...
compiling uart1.c...
compiling motors.c...
micromouse\code\src\motors.c(4): warning:  #177-D: variable "TIM4_dutyCycle"  was declared but never referenced
  static uint16_t TIM4_dutyCycle;
micromouse\code\src\motors.c(5): warning:  #177-D: variable "TIM3_dutyCycle"  was declared but never referenced
  static uint16_t TIM3_dutyCycle;
micromouse\code\src\motors.c: 2 warnings, 0 errors
compiling system_stm32f4xx.c...
compiling main.c...
micromouse\code\src\main.c(62): warning:  #1035-D: single-precision operand implicitly converted to double-precision
  				angle += gyro[2] * 0.005;
micromouse\code\src\main.c(94): warning:  #223-D: function "ADC_ReadBattery" declared implicitly
  			ADC_ReadBattery();
micromouse\code\src\main.c: 2 warnings, 0 errors
compiling timer_delays.c...
compiling encoder.c...
compiling adc.c...
compiling mpu6050.c...
compiling i2c1.c...
linking...
Program Size: Code=7876 RO-data=440 RW-data=32 ZI-data=1920  
".\Objects\micromouse.axf" - 0 Error(s), 4 Warning(s).

<h2>Software Packages used:</h2>

Package Vendor: Keil
                http://www.keil.com/pack/Keil.STM32F4xx_DFP.2.15.0.pack
                Keil.STM32F4xx_DFP.2.15.0
                STMicroelectronics STM32F4 Series Device Support, Drivers and Examples

<h2>Collection of Component include folders:</h2>
  D:\programs\keil\packs\Keil\STM32F4xx_DFP\2.15.0\Drivers\CMSIS\Device\ST\STM32F4xx\Include

<h2>Collection of Component Files used:</h2>
Build Time Elapsed:  00:00:02
</pre>
</body>
</html>
