<html>
<body>
<pre>
<h1>µVision Build Log</h1>
<h2>Tool Versions:</h2>
IDE-Version: µVision V5.32.0.0
Copyright (C) 2020 ARM Ltd and ARM Germany GmbH. All rights reserved.
License Information: Night Condor, university, LIC=----
 
Tool Versions:
Toolchain:       MDK-Lite  Version: 5.32.0.0
Toolchain Path:  D:\programs\keil\core\ARM\ARMCC\Bin
C Compiler:      Armcc.exe V5.06 update 7 (build 960)
Assembler:       Armasm.exe V5.06 update 7 (build 960)
Linker/Locator:  ArmLink.exe V5.06 update 7 (build 960)
Library Manager: ArmAr.exe V5.06 update 7 (build 960)
Hex Converter:   FromElf.exe V5.06 update 7 (build 960)
CPU DLL:         SARMCM3.DLL V5.32.0.0
Dialog DLL:      DCM.DLL V1.17.3.0
Target DLL:      STLink\ST-LINKIII-KEIL_SWO.dll V3.0.8.0
Dialog DLL:      TCM.DLL V1.46.0.0
 
<h2>Project:</h2>
D:\projects\stm32\micromouse\micromouse\test\F411\encoder\workspace\pwm.uvprojx
Project File Date:  02/17/2022

<h2>Output:</h2>
*** Using Compiler 'V5.06 update 7 (build 960)', folder: 'D:\programs\keil\core\ARM\ARMCC\Bin'
Build target 'pwm'
compiling main.c...
.\pwm\code\inc\pwm.h(11): warning:  #1-D: last line of file ends without a newline
  #endif /*__PWM_H__*/
.\pwm\code\inc\encoder.h(6): warning:  #1-D: last line of file ends without a newline
  #endif /*__ENCODER_H__*/
pwm\code\src\main.c(50): warning:  #177-D: variable "curr"  was declared but never referenced
  	uint32_t curr = 0;
pwm\code\src\main.c(77): warning:  #177-D: function "SYSTick_Int_Init"  was declared but never referenced
  void SYSTick_Int_Init(void)
pwm\code\src\main.c: 4 warnings, 0 errors
linking...
Program Size: Code=3336 RO-data=440 RW-data=4 ZI-data=1764  
".\Objects\pwm.axf" - 0 Error(s), 4 Warning(s).

<h2>Software Packages used:</h2>

Package Vendor: Keil
                http://www.keil.com/pack/Keil.STM32F4xx_DFP.2.15.0.pack
                Keil.STM32F4xx_DFP.2.15.0
                STMicroelectronics STM32F4 Series Device Support, Drivers and Examples

<h2>Collection of Component include folders:</h2>
  D:\programs\keil\packs\Keil\STM32F4xx_DFP\2.15.0\Drivers\CMSIS\Device\ST\STM32F4xx\Include

<h2>Collection of Component Files used:</h2>
Build Time Elapsed:  00:00:01
</pre>
</body>
</html>
