Component: ARM Compiler 5.06 update 7 (build 960) Tool: armlink [4d3601]

==============================================================================

Section Cross References

    startup_stm32f411xe.o(STACK) refers (Special) to heapauxi.o(.text) for __use_two_region_memory
    startup_stm32f411xe.o(HEAP) refers (Special) to heapauxi.o(.text) for __use_two_region_memory
    startup_stm32f411xe.o(RESET) refers (Special) to heapauxi.o(.text) for __use_two_region_memory
    startup_stm32f411xe.o(RESET) refers to startup_stm32f411xe.o(STACK) for __initial_sp
    startup_stm32f411xe.o(RESET) refers to startup_stm32f411xe.o(.text) for Reset_Handler
    startup_stm32f411xe.o(RESET) refers to uart2.o(i.DMA1_Stream5_IRQHandler) for DMA1_Stream5_IRQHandler
    startup_stm32f411xe.o(RESET) refers to mpu6500.o(i.EXTI9_5_IRQHandler) for EXTI9_5_IRQHandler
    startup_stm32f411xe.o(RESET) refers to uart2.o(i.USART2_IRQHandler) for USART2_IRQHandler
    startup_stm32f411xe.o(.text) refers (Special) to heapauxi.o(.text) for __use_two_region_memory
    startup_stm32f411xe.o(.text) refers to system_stm32f4xx.o(i.SystemInit) for SystemInit
    startup_stm32f411xe.o(.text) refers to __main.o(!!!main) for __main
    startup_stm32f411xe.o(.text) refers to startup_stm32f411xe.o(HEAP) for Heap_Mem
    startup_stm32f411xe.o(.text) refers to startup_stm32f411xe.o(STACK) for Stack_Mem
    system_stm32f4xx.o(i.SystemCoreClockUpdate) refers to system_stm32f4xx.o(.data) for SystemCoreClock
    system_stm32f4xx.o(i.SystemInit) refers to system_stm32f4xx.o(i.SetSysClock) for SetSysClock
    main.o(i.main) refers to _printf_percent.o(.ARM.Collect$$_printf_percent$$00000000) for _printf_percent
    main.o(i.main) refers to _printf_f.o(.ARM.Collect$$_printf_percent$$00000003) for _printf_f
    main.o(i.main) refers to printf1.o(x$fpl$printf1) for _printf_fp_dec
    main.o(i.main) refers to main.o(i.RCC_Init) for RCC_Init
    main.o(i.main) refers to timer_delays.o(i.TIM_DelaysInit) for TIM_DelaysInit
    main.o(i.main) refers to timer_delays.o(i.delay_us) for delay_us
    main.o(i.main) refers to main.o(i.GPIO_Init) for GPIO_Init
    main.o(i.main) refers to spi2.o(i.SPI2_Init) for SPI2_Init
    main.o(i.main) refers to uart2.o(i.UART2_Init) for UART2_Init
    main.o(i.main) refers to mpu6500.o(i.MPU6500_Init) for MPU6500_Init
    main.o(i.main) refers to timer_delays.o(i.delay_ms) for delay_ms
    main.o(i.main) refers to mpu6500.o(i.MPU6500_Read) for MPU6500_Read
    main.o(i.main) refers to f2d.o(x$fpl$f2d) for __aeabi_f2d
    main.o(i.main) refers to noretval__2sprintf.o(.text) for __2sprintf
    main.o(i.main) refers to uart2.o(i.UART2_DMA_Send) for UART2_DMA_Send
    main.o(i.main) refers to mpu6500.o(.bss) for gyroBias
    main.o(i.main) refers to uart2.o(.bss) for UART2_DMAbufferSend
    timer_delays.o(i.TIM_DelaysInit) refers to timer_delays.o(i.TIM11_delay_us_init) for TIM11_delay_us_init
    timer_delays.o(i.TIM_DelaysInit) refers to timer_delays.o(i.TIM9_2_delay_ms_init) for TIM9_2_delay_ms_init
    spi2.o(i.SPI2_Init) refers to spi2.o(i.GPIO_Init) for GPIO_Init
    uart2.o(i.DMA1_Stream5_IRQHandler) refers to uart2.o(i.UART2_DMA_Send) for UART2_DMA_Send
    uart2.o(i.UART2_DMA1_Init) refers to uart2.o(i.NVIC_EnableIRQ) for NVIC_EnableIRQ
    uart2.o(i.UART2_DMA1_Init) refers to uart2.o(.data) for dmaBufferReceive
    uart2.o(i.UART2_DMA1_Init) refers to uart2.o(.bss) for UART2_DMAbufferSend
    uart2.o(i.UART2_Init) refers to uart2.o(i.GPIO_Init) for GPIO_Init
    uart2.o(i.UART2_Init) refers to uart2.o(i.NVIC_EnableIRQ) for NVIC_EnableIRQ
    uart2.o(i.UART2_Init) refers to uart2.o(i.UART2_DMA1_Init) for UART2_DMA1_Init
    mpu6500.o(i.Accel_Init) refers to spi2.o(i.SPI2_ReadWriteReg) for SPI2_ReadWriteReg
    mpu6500.o(i.Accel_Init) refers to timer_delays.o(i.delay_us) for delay_us
    mpu6500.o(i.EXTI9_5_IRQHandler) refers to spi2.o(i.SPI2_BurstRead) for SPI2_BurstRead
    mpu6500.o(i.EXTI9_5_IRQHandler) refers to mpu6500.o(.bss) for rawData
    mpu6500.o(i.Gyro_Init) refers to spi2.o(i.SPI2_ReadWriteReg) for SPI2_ReadWriteReg
    mpu6500.o(i.Gyro_Init) refers to timer_delays.o(i.delay_us) for delay_us
    mpu6500.o(i.Interrupt_Init) refers to mpu6500.o(i.EXTI_Init) for EXTI_Init
    mpu6500.o(i.Interrupt_Init) refers to spi2.o(i.SPI2_ReadWriteReg) for SPI2_ReadWriteReg
    mpu6500.o(i.Interrupt_Init) refers to timer_delays.o(i.delay_us) for delay_us
    mpu6500.o(i.MPU6500_GetGyroBias) refers to mpu6500.o(.bss) for gyroBias
    mpu6500.o(i.MPU6500_Init) refers to timer_delays.o(i.delay_us) for delay_us
    mpu6500.o(i.MPU6500_Init) refers to mpu6500.o(i.PowerUp) for PowerUp
    mpu6500.o(i.MPU6500_Init) refers to mpu6500.o(i.Gyro_Init) for Gyro_Init
    mpu6500.o(i.MPU6500_Init) refers to mpu6500.o(i.Accel_Init) for Accel_Init
    mpu6500.o(i.MPU6500_Init) refers to mpu6500.o(i.Interrupt_Init) for Interrupt_Init
    mpu6500.o(i.MPU6500_Init) refers to mpu6500.o(i.calibrate) for calibrate
    mpu6500.o(i.MPU6500_Init) refers to mpu6500.o(i.EXTI_Init) for EXTI_Init
    mpu6500.o(i.MPU6500_Init) refers to mpu6500.o(.data) for gyroScale
    mpu6500.o(i.MPU6500_Read) refers to mpu6500.o(.bss) for rawData
    mpu6500.o(i.PowerUp) refers to spi2.o(i.SPI2_ReadWriteReg) for SPI2_ReadWriteReg
    mpu6500.o(i.PowerUp) refers to timer_delays.o(i.delay_us) for delay_us
    mpu6500.o(i.calibrate) refers to spi2.o(i.SPI2_ReadWriteReg) for SPI2_ReadWriteReg
    mpu6500.o(i.calibrate) refers to timer_delays.o(i.delay_us) for delay_us
    mpu6500.o(i.calibrate) refers to spi2.o(i.SPI2_BurstRead) for SPI2_BurstRead
    mpu6500.o(i.calibrate) refers to mpu6500.o(.bss) for rawData
    __2sprintf.o(.text) refers to _printf_char_common.o(.text) for _printf_char_common
    __2sprintf.o(.text) refers to _sputc.o(.text) for _sputc
    noretval__2sprintf.o(.text) refers to _printf_char_common.o(.text) for _printf_char_common
    noretval__2sprintf.o(.text) refers to _sputc.o(.text) for _sputc
    __printf.o(.text) refers to _printf_percent.o(.ARM.Collect$$_printf_percent$$00000000) for _printf_percent
    __printf_flags.o(.text) refers to _printf_percent.o(.ARM.Collect$$_printf_percent$$00000000) for _printf_percent
    __printf_flags.o(.text) refers to __printf_flags.o(.constdata) for .constdata
    __printf_ss.o(.text) refers to _printf_percent.o(.ARM.Collect$$_printf_percent$$00000000) for _printf_percent
    __printf_flags_ss.o(.text) refers to _printf_percent.o(.ARM.Collect$$_printf_percent$$00000000) for _printf_percent
    __printf_flags_ss.o(.text) refers to __printf_flags_ss.o(.constdata) for .constdata
    __printf_wp.o(.text) refers to __printf_wp.o(i._is_digit) for _is_digit
    __printf_wp.o(.text) refers to _printf_percent.o(.ARM.Collect$$_printf_percent$$00000000) for _printf_percent
    __printf_flags_wp.o(.text) refers to __printf_wp.o(i._is_digit) for _is_digit
    __printf_flags_wp.o(.text) refers to _printf_percent.o(.ARM.Collect$$_printf_percent$$00000000) for _printf_percent
    __printf_flags_wp.o(.text) refers to __printf_flags_wp.o(.constdata) for .constdata
    __printf_ss_wp.o(.text) refers to __printf_wp.o(i._is_digit) for _is_digit
    __printf_ss_wp.o(.text) refers to _printf_percent.o(.ARM.Collect$$_printf_percent$$00000000) for _printf_percent
    __printf_flags_ss_wp.o(.text) refers to __printf_wp.o(i._is_digit) for _is_digit
    __printf_flags_ss_wp.o(.text) refers to _printf_percent.o(.ARM.Collect$$_printf_percent$$00000000) for _printf_percent
    __printf_flags_ss_wp.o(.text) refers to __printf_flags_ss_wp.o(.constdata) for .constdata
    _printf_f.o(.ARM.Collect$$_printf_percent$$00000003) refers (Weak) to printf1.o(x$fpl$printf1) for _printf_fp_dec
    _printf_percent.o(.ARM.Collect$$_printf_percent$$00000000) refers (Special) to _printf_percent_end.o(.ARM.Collect$$_printf_percent$$00000017) for _printf_percent_end
    __main.o(!!!main) refers to __rtentry.o(.ARM.Collect$$rtentry$$00000000) for __rt_entry
    f2d.o(x$fpl$f2d) refers (Special) to usenofp.o(x$fpl$usenofp) for __I$use$fp
    f2d.o(x$fpl$f2d) refers to fnaninf.o(x$fpl$fnaninf) for __fpl_fnaninf
    f2d.o(x$fpl$f2d) refers to dretinf.o(x$fpl$dretinf) for __fpl_dretinf
    printf1.o(x$fpl$printf1) refers to _printf_fp_dec.o(.text) for _printf_fp_dec_real
    __rtentry.o(.ARM.Collect$$rtentry$$00000000) refers (Special) to __rtentry2.o(.ARM.Collect$$rtentry$$0000000A) for __rt_entry_li
    __rtentry.o(.ARM.Collect$$rtentry$$00000000) refers (Special) to __rtentry2.o(.ARM.Collect$$rtentry$$0000000D) for __rt_entry_main
    __rtentry.o(.ARM.Collect$$rtentry$$00000000) refers (Special) to __rtentry2.o(.ARM.Collect$$rtentry$$0000000C) for __rt_entry_postli_1
    __rtentry.o(.ARM.Collect$$rtentry$$00000000) refers (Special) to __rtentry2.o(.ARM.Collect$$rtentry$$00000009) for __rt_entry_postsh_1
    __rtentry.o(.ARM.Collect$$rtentry$$00000000) refers (Special) to __rtentry2.o(.ARM.Collect$$rtentry$$00000002) for __rt_entry_presh_1
    __rtentry.o(.ARM.Collect$$rtentry$$00000000) refers (Special) to __rtentry4.o(.ARM.Collect$$rtentry$$00000004) for __rt_entry_sh
    _printf_fp_dec.o(.text) refers (Special) to usenofp.o(x$fpl$usenofp) for __I$use$fp
    _printf_fp_dec.o(.text) refers (Special) to lc_numeric_c.o(locale$$code) for _get_lc_numeric
    _printf_fp_dec.o(.text) refers to bigflt0.o(.text) for _btod_etento
    _printf_fp_dec.o(.text) refers to btod.o(CL$$btod_d2e) for _btod_d2e
    _printf_fp_dec.o(.text) refers to btod.o(CL$$btod_ediv) for _btod_ediv
    _printf_fp_dec.o(.text) refers to btod.o(CL$$btod_emul) for _btod_emul
    _printf_fp_dec.o(.text) refers to lludiv10.o(.text) for _ll_udiv10
    _printf_fp_dec.o(.text) refers to fpclassify.o(i.__ARM_fpclassify) for __ARM_fpclassify
    _printf_fp_dec.o(.text) refers to _printf_fp_infnan.o(.text) for _printf_fp_infnan
    _printf_fp_dec.o(.text) refers to rt_locale_intlibspace.o(.text) for __rt_locale
    _printf_char_common.o(.text) refers to __printf_wp.o(.text) for __printf
    dretinf.o(x$fpl$dretinf) refers (Special) to usenofp.o(x$fpl$usenofp) for __I$use$fp
    fnaninf.o(x$fpl$fnaninf) refers (Special) to usenofp.o(x$fpl$usenofp) for __I$use$fp
    __rtentry2.o(.ARM.Collect$$rtentry$$00000008) refers to boardinit2.o(.text) for _platform_post_stackheap_init
    __rtentry2.o(.ARM.Collect$$rtentry$$0000000A) refers to libinit.o(.ARM.Collect$$libinit$$00000000) for __rt_lib_init
    __rtentry2.o(.ARM.Collect$$rtentry$$0000000B) refers to boardinit3.o(.text) for _platform_post_lib_init
    __rtentry2.o(.ARM.Collect$$rtentry$$0000000D) refers to main.o(i.main) for main
    __rtentry2.o(.ARM.Collect$$rtentry$$0000000D) refers to exit.o(.text) for exit
    __rtentry2.o(.ARM.exidx) refers to __rtentry2.o(.ARM.Collect$$rtentry$$00000001) for .ARM.Collect$$rtentry$$00000001
    __rtentry2.o(.ARM.exidx) refers to __rtentry2.o(.ARM.Collect$$rtentry$$00000008) for .ARM.Collect$$rtentry$$00000008
    __rtentry2.o(.ARM.exidx) refers to __rtentry2.o(.ARM.Collect$$rtentry$$0000000A) for .ARM.Collect$$rtentry$$0000000A
    __rtentry2.o(.ARM.exidx) refers to __rtentry2.o(.ARM.Collect$$rtentry$$0000000B) for .ARM.Collect$$rtentry$$0000000B
    __rtentry2.o(.ARM.exidx) refers to __rtentry2.o(.ARM.Collect$$rtentry$$0000000D) for .ARM.Collect$$rtentry$$0000000D
    __rtentry4.o(.ARM.Collect$$rtentry$$00000004) refers to sys_stackheap_outer.o(.text) for __user_setup_stackheap
    __rtentry4.o(.ARM.exidx) refers to __rtentry4.o(.ARM.Collect$$rtentry$$00000004) for .ARM.Collect$$rtentry$$00000004
    rt_locale.o(.text) refers to rt_locale.o(.bss) for __rt_locale_data
    rt_locale_intlibspace.o(.text) refers to libspace.o(.bss) for __libspace_start
    bigflt0.o(.text) refers (Special) to usenofp.o(x$fpl$usenofp) for __I$use$fp
    bigflt0.o(.text) refers to btod.o(CL$$btod_emul) for _btod_emul
    bigflt0.o(.text) refers to btod.o(CL$$btod_ediv) for _btod_ediv
    bigflt0.o(.text) refers to bigflt0.o(.constdata) for .constdata
    bigflt0.o(.constdata) refers (Special) to usenofp.o(x$fpl$usenofp) for __I$use$fp
    btod.o(CL$$btod_d2e) refers (Special) to usenofp.o(x$fpl$usenofp) for __I$use$fp
    btod.o(CL$$btod_d2e) refers to btod.o(CL$$btod_d2e_norm_op1) for _d2e_norm_op1
    btod.o(CL$$btod_d2e_norm_op1) refers (Special) to usenofp.o(x$fpl$usenofp) for __I$use$fp
    btod.o(CL$$btod_d2e_norm_op1) refers to btod.o(CL$$btod_d2e_denorm_low) for _d2e_denorm_low
    btod.o(CL$$btod_d2e_denorm_low) refers (Special) to usenofp.o(x$fpl$usenofp) for __I$use$fp
    btod.o(CL$$btod_emul) refers (Special) to usenofp.o(x$fpl$usenofp) for __I$use$fp
    btod.o(CL$$btod_emul) refers to btod.o(CL$$btod_mult_common) for __btod_mult_common
    btod.o(CL$$btod_emul) refers to btod.o(CL$$btod_e2e) for _e2e
    btod.o(CL$$btod_ediv) refers (Special) to usenofp.o(x$fpl$usenofp) for __I$use$fp
    btod.o(CL$$btod_ediv) refers to btod.o(CL$$btod_div_common) for __btod_div_common
    btod.o(CL$$btod_ediv) refers to btod.o(CL$$btod_e2e) for _e2e
    btod.o(CL$$btod_emuld) refers (Special) to usenofp.o(x$fpl$usenofp) for __I$use$fp
    btod.o(CL$$btod_emuld) refers to btod.o(CL$$btod_mult_common) for __btod_mult_common
    btod.o(CL$$btod_emuld) refers to btod.o(CL$$btod_e2d) for _e2d
    btod.o(CL$$btod_edivd) refers (Special) to usenofp.o(x$fpl$usenofp) for __I$use$fp
    btod.o(CL$$btod_edivd) refers to btod.o(CL$$btod_div_common) for __btod_div_common
    btod.o(CL$$btod_edivd) refers to btod.o(CL$$btod_e2d) for _e2d
    btod.o(CL$$btod_e2e) refers (Special) to usenofp.o(x$fpl$usenofp) for __I$use$fp
    btod.o(CL$$btod_e2d) refers (Special) to usenofp.o(x$fpl$usenofp) for __I$use$fp
    btod.o(CL$$btod_e2d) refers to btod.o(CL$$btod_e2e) for _e2e
    btod.o(CL$$btod_mult_common) refers (Special) to usenofp.o(x$fpl$usenofp) for __I$use$fp
    btod.o(CL$$btod_div_common) refers (Special) to usenofp.o(x$fpl$usenofp) for __I$use$fp
    lc_numeric_c.o(locale$$data) refers (Special) to libinit2.o(.ARM.Collect$$libinit$$00000016) for __rt_lib_init_lc_numeric_2
    lc_numeric_c.o(locale$$code) refers (Special) to libinit2.o(.ARM.Collect$$libinit$$00000016) for __rt_lib_init_lc_numeric_2
    lc_numeric_c.o(locale$$code) refers to strcmpv7m.o(.text) for strcmp
    lc_numeric_c.o(locale$$code) refers to lc_numeric_c.o(locale$$data) for __lcnum_c_name
    istatus.o(x$fpl$ieeestatus) refers (Special) to usenofp.o(x$fpl$usenofp) for __I$use$fp
    fpclassify.o(i.__ARM_fpclassify) refers (Special) to usenofp.o(x$fpl$usenofp) for __I$use$fp
    libspace.o(.text) refers to libspace.o(.bss) for __libspace_start
    sys_stackheap_outer.o(.text) refers to libspace.o(.text) for __user_perproc_libspace
    sys_stackheap_outer.o(.text) refers to startup_stm32f411xe.o(.text) for __user_initial_stackheap
    exit.o(.text) refers to rtexit.o(.ARM.Collect$$rtexit$$00000000) for __rt_exit
    libinit.o(.ARM.Collect$$libinit$$00000000) refers (Special) to libinit2.o(.ARM.Collect$$libinit$$0000002E) for __rt_lib_init_alloca_1
    libinit.o(.ARM.Collect$$libinit$$00000000) refers (Special) to libinit2.o(.ARM.Collect$$libinit$$0000002C) for __rt_lib_init_argv_1
    libinit.o(.ARM.Collect$$libinit$$00000000) refers (Special) to libinit2.o(.ARM.Collect$$libinit$$0000001B) for __rt_lib_init_atexit_1
    libinit.o(.ARM.Collect$$libinit$$00000000) refers (Special) to libinit2.o(.ARM.Collect$$libinit$$00000021) for __rt_lib_init_clock_1
    libinit.o(.ARM.Collect$$libinit$$00000000) refers (Special) to libinit2.o(.ARM.Collect$$libinit$$00000032) for __rt_lib_init_cpp_1
    libinit.o(.ARM.Collect$$libinit$$00000000) refers (Special) to libinit2.o(.ARM.Collect$$libinit$$00000030) for __rt_lib_init_exceptions_1
    libinit.o(.ARM.Collect$$libinit$$00000000) refers (Special) to libinit2.o(.ARM.Collect$$libinit$$00000001) for __rt_lib_init_fp_1
    libinit.o(.ARM.Collect$$libinit$$00000000) refers (Special) to libinit2.o(.ARM.Collect$$libinit$$0000001F) for __rt_lib_init_fp_trap_1
    libinit.o(.ARM.Collect$$libinit$$00000000) refers (Special) to libinit2.o(.ARM.Collect$$libinit$$00000023) for __rt_lib_init_getenv_1
    libinit.o(.ARM.Collect$$libinit$$00000000) refers (Special) to libinit2.o(.ARM.Collect$$libinit$$0000000A) for __rt_lib_init_heap_1
    libinit.o(.ARM.Collect$$libinit$$00000000) refers (Special) to libinit2.o(.ARM.Collect$$libinit$$00000011) for __rt_lib_init_lc_collate_1
    libinit.o(.ARM.Collect$$libinit$$00000000) refers (Special) to libinit2.o(.ARM.Collect$$libinit$$00000013) for __rt_lib_init_lc_ctype_1
    libinit.o(.ARM.Collect$$libinit$$00000000) refers (Special) to libinit2.o(.ARM.Collect$$libinit$$00000015) for __rt_lib_init_lc_monetary_1
    libinit.o(.ARM.Collect$$libinit$$00000000) refers (Special) to libinit2.o(.ARM.Collect$$libinit$$00000017) for __rt_lib_init_lc_numeric_1
    libinit.o(.ARM.Collect$$libinit$$00000000) refers (Special) to libinit2.o(.ARM.Collect$$libinit$$00000019) for __rt_lib_init_lc_time_1
    libinit.o(.ARM.Collect$$libinit$$00000000) refers (Special) to libinit2.o(.ARM.Collect$$libinit$$00000004) for __rt_lib_init_preinit_1
    libinit.o(.ARM.Collect$$libinit$$00000000) refers (Special) to libinit2.o(.ARM.Collect$$libinit$$0000000E) for __rt_lib_init_rand_1
    libinit.o(.ARM.Collect$$libinit$$00000000) refers (Special) to libinit2.o(.ARM.Collect$$libinit$$00000033) for __rt_lib_init_return
    libinit.o(.ARM.Collect$$libinit$$00000000) refers (Special) to libinit2.o(.ARM.Collect$$libinit$$0000001D) for __rt_lib_init_signal_1
    libinit.o(.ARM.Collect$$libinit$$00000000) refers (Special) to libinit2.o(.ARM.Collect$$libinit$$00000025) for __rt_lib_init_stdio_1
    libinit.o(.ARM.Collect$$libinit$$00000000) refers (Special) to libinit2.o(.ARM.Collect$$libinit$$0000000C) for __rt_lib_init_user_alloc_1
    libinit2.o(.ARM.Collect$$libinit$$00000001) refers to fpinit.o(x$fpl$fpinit) for _fp_init
    libinit2.o(.ARM.Collect$$libinit$$0000000F) refers (Weak) to rt_locale_intlibspace.o(.text) for __rt_locale
    libinit2.o(.ARM.Collect$$libinit$$00000010) refers to libinit2.o(.ARM.Collect$$libinit$$0000000F) for .ARM.Collect$$libinit$$0000000F
    libinit2.o(.ARM.Collect$$libinit$$00000012) refers to libinit2.o(.ARM.Collect$$libinit$$0000000F) for .ARM.Collect$$libinit$$0000000F
    libinit2.o(.ARM.Collect$$libinit$$00000014) refers to libinit2.o(.ARM.Collect$$libinit$$0000000F) for .ARM.Collect$$libinit$$0000000F
    libinit2.o(.ARM.Collect$$libinit$$00000016) refers to libinit2.o(.ARM.Collect$$libinit$$0000000F) for .ARM.Collect$$libinit$$0000000F
    libinit2.o(.ARM.Collect$$libinit$$00000016) refers (Weak) to lc_numeric_c.o(locale$$code) for _get_lc_numeric
    libinit2.o(.ARM.Collect$$libinit$$00000018) refers to libinit2.o(.ARM.Collect$$libinit$$0000000F) for .ARM.Collect$$libinit$$0000000F
    libinit2.o(.ARM.Collect$$libinit$$00000026) refers to argv_veneer.o(.emb_text) for __ARM_argv_veneer
    libinit2.o(.ARM.Collect$$libinit$$00000027) refers to argv_veneer.o(.emb_text) for __ARM_argv_veneer
    rtexit.o(.ARM.Collect$$rtexit$$00000000) refers (Special) to rtexit2.o(.ARM.Collect$$rtexit$$00000004) for __rt_exit_exit
    rtexit.o(.ARM.Collect$$rtexit$$00000000) refers (Special) to rtexit2.o(.ARM.Collect$$rtexit$$00000003) for __rt_exit_ls
    rtexit.o(.ARM.Collect$$rtexit$$00000000) refers (Special) to rtexit2.o(.ARM.Collect$$rtexit$$00000002) for __rt_exit_prels_1
    rtexit.o(.ARM.exidx) refers (Special) to rtexit2.o(.ARM.Collect$$rtexit$$00000004) for __rt_exit_exit
    rtexit.o(.ARM.exidx) refers (Special) to rtexit2.o(.ARM.Collect$$rtexit$$00000003) for __rt_exit_ls
    rtexit.o(.ARM.exidx) refers (Special) to rtexit2.o(.ARM.Collect$$rtexit$$00000002) for __rt_exit_prels_1
    rtexit.o(.ARM.exidx) refers to rtexit.o(.ARM.Collect$$rtexit$$00000000) for .ARM.Collect$$rtexit$$00000000
    argv_veneer.o(.emb_text) refers to no_argv.o(.text) for __ARM_get_argv
    rtexit2.o(.ARM.Collect$$rtexit$$00000003) refers to libshutdown.o(.ARM.Collect$$libshutdown$$00000000) for __rt_lib_shutdown
    rtexit2.o(.ARM.Collect$$rtexit$$00000004) refers to sys_exit.o(.text) for _sys_exit
    rtexit2.o(.ARM.exidx) refers to rtexit2.o(.ARM.Collect$$rtexit$$00000001) for .ARM.Collect$$rtexit$$00000001
    rtexit2.o(.ARM.exidx) refers to rtexit2.o(.ARM.Collect$$rtexit$$00000003) for .ARM.Collect$$rtexit$$00000003
    rtexit2.o(.ARM.exidx) refers to rtexit2.o(.ARM.Collect$$rtexit$$00000004) for .ARM.Collect$$rtexit$$00000004
    _get_argv_nomalloc.o(.text) refers (Special) to hrguard.o(.text) for __heap_region$guard
    _get_argv_nomalloc.o(.text) refers to defsig_rtmem_outer.o(.text) for __rt_SIGRTMEM
    _get_argv_nomalloc.o(.text) refers to sys_command.o(.text) for _sys_command_string
    sys_command.o(.text) refers (Special) to use_no_semi.o(.text) for __I$use$semihosting
    sys_command.o(.text) refers (Special) to indicate_semi.o(.text) for __semihosting_library_function
    sys_exit.o(.text) refers (Special) to use_no_semi.o(.text) for __I$use$semihosting
    sys_exit.o(.text) refers (Special) to indicate_semi.o(.text) for __semihosting_library_function
    defsig_rtmem_outer.o(.text) refers to defsig_rtmem_inner.o(.text) for __rt_SIGRTMEM_inner
    defsig_rtmem_outer.o(.text) refers to defsig_exit.o(.text) for __sig_exit
    defsig_rtmem_formal.o(.text) refers to rt_raise.o(.text) for __rt_raise
    libshutdown.o(.ARM.Collect$$libshutdown$$00000000) refers (Special) to libshutdown2.o(.ARM.Collect$$libshutdown$$00000004) for __rt_lib_shutdown_cpp_1
    libshutdown.o(.ARM.Collect$$libshutdown$$00000000) refers (Special) to libshutdown2.o(.ARM.Collect$$libshutdown$$00000002) for __rt_lib_shutdown_fini_1
    libshutdown.o(.ARM.Collect$$libshutdown$$00000000) refers (Special) to libshutdown2.o(.ARM.Collect$$libshutdown$$00000009) for __rt_lib_shutdown_fp_trap_1
    libshutdown.o(.ARM.Collect$$libshutdown$$00000000) refers (Special) to libshutdown2.o(.ARM.Collect$$libshutdown$$00000011) for __rt_lib_shutdown_heap_1
    libshutdown.o(.ARM.Collect$$libshutdown$$00000000) refers (Special) to libshutdown2.o(.ARM.Collect$$libshutdown$$00000012) for __rt_lib_shutdown_return
    libshutdown.o(.ARM.Collect$$libshutdown$$00000000) refers (Special) to libshutdown2.o(.ARM.Collect$$libshutdown$$0000000C) for __rt_lib_shutdown_signal_1
    libshutdown.o(.ARM.Collect$$libshutdown$$00000000) refers (Special) to libshutdown2.o(.ARM.Collect$$libshutdown$$00000006) for __rt_lib_shutdown_stdio_1
    libshutdown.o(.ARM.Collect$$libshutdown$$00000000) refers (Special) to libshutdown2.o(.ARM.Collect$$libshutdown$$0000000E) for __rt_lib_shutdown_user_alloc_1
    rt_raise.o(.text) refers to __raise.o(.text) for __raise
    rt_raise.o(.text) refers to sys_exit.o(.text) for _sys_exit
    defsig_exit.o(.text) refers to sys_exit.o(.text) for _sys_exit
    defsig_rtmem_inner.o(.text) refers to defsig_general.o(.text) for __default_signal_display
    __raise.o(.text) refers to defsig.o(CL$$defsig) for __default_signal_handler
    defsig_general.o(.text) refers to sys_wrch.o(.text) for _ttywrch
    sys_wrch.o(.text) refers (Special) to use_no_semi.o(.text) for __I$use$semihosting
    sys_wrch.o(.text) refers (Special) to indicate_semi.o(.text) for __semihosting_library_function
    defsig.o(CL$$defsig) refers to defsig_rtmem_inner.o(.text) for __rt_SIGRTMEM_inner
    defsig_abrt_inner.o(.text) refers to defsig_general.o(.text) for __default_signal_display
    defsig_fpe_inner.o(.text) refers to defsig_general.o(.text) for __default_signal_display
    defsig_rtred_inner.o(.text) refers to defsig_general.o(.text) for __default_signal_display
    defsig_stak_inner.o(.text) refers to defsig_general.o(.text) for __default_signal_display
    defsig_pvfn_inner.o(.text) refers to defsig_general.o(.text) for __default_signal_display
    defsig_cppl_inner.o(.text) refers to defsig_general.o(.text) for __default_signal_display
    defsig_segv_inner.o(.text) refers to defsig_general.o(.text) for __default_signal_display
    defsig_other.o(.text) refers to defsig_general.o(.text) for __default_signal_display


==============================================================================

Removing Unused input sections from the image.

    Removing system_stm32f4xx.o(.rev16_text), (4 bytes).
    Removing system_stm32f4xx.o(.revsh_text), (4 bytes).
    Removing system_stm32f4xx.o(.rrx_text), (6 bytes).
    Removing system_stm32f4xx.o(i.SystemCoreClockUpdate), (168 bytes).
    Removing system_stm32f4xx.o(.data), (20 bytes).
    Removing main.o(.rev16_text), (4 bytes).
    Removing main.o(.revsh_text), (4 bytes).
    Removing main.o(.rrx_text), (6 bytes).
    Removing timer_delays.o(.rev16_text), (4 bytes).
    Removing timer_delays.o(.revsh_text), (4 bytes).
    Removing timer_delays.o(.rrx_text), (6 bytes).
    Removing timer_delays.o(i.TIM9_10_delay_ms_init), (152 bytes).
    Removing spi2.o(.rev16_text), (4 bytes).
    Removing spi2.o(.revsh_text), (4 bytes).
    Removing spi2.o(.rrx_text), (6 bytes).
    Removing spi2.o(i.SPI2_TransmitReceiveByte), (76 bytes).
    Removing uart2.o(.rev16_text), (4 bytes).
    Removing uart2.o(.revsh_text), (4 bytes).
    Removing uart2.o(.rrx_text), (6 bytes).
    Removing uart2.o(i.UART2_ReadByte), (28 bytes).
    Removing uart2.o(i.UART2_SendByte), (28 bytes).
    Removing uart2.o(i.UART2_SetBufferString), (2 bytes).
    Removing mpu6500.o(.rev16_text), (4 bytes).
    Removing mpu6500.o(.revsh_text), (4 bytes).
    Removing mpu6500.o(.rrx_text), (6 bytes).
    Removing mpu6500.o(i.MPU6500_GetGyroBias), (8 bytes).
    Removing mpu6500.o(i.getAccelResolution), (60 bytes).
    Removing mpu6500.o(i.getGyroResolution), (60 bytes).

28 unused section(s) (total 686 bytes) removed from the image.

==============================================================================

Image Symbol Table

    Local Symbols

    Symbol Name                              Value     Ov Type        Size  Object(Section)

    ../clib/angel/boardlib.s                 0x00000000   Number         0  boardinit1.o ABSOLUTE
    ../clib/angel/boardlib.s                 0x00000000   Number         0  boardinit2.o ABSOLUTE
    ../clib/angel/boardlib.s                 0x00000000   Number         0  boardinit3.o ABSOLUTE
    ../clib/angel/boardlib.s                 0x00000000   Number         0  boardshut.o ABSOLUTE
    ../clib/angel/handlers.s                 0x00000000   Number         0  __scatter_copy.o ABSOLUTE
    ../clib/angel/handlers.s                 0x00000000   Number         0  __scatter_zi.o ABSOLUTE
    ../clib/angel/kernel.s                   0x00000000   Number         0  rtexit2.o ABSOLUTE
    ../clib/angel/kernel.s                   0x00000000   Number         0  __rtentry.o ABSOLUTE
    ../clib/angel/kernel.s                   0x00000000   Number         0  __rtentry2.o ABSOLUTE
    ../clib/angel/kernel.s                   0x00000000   Number         0  __rtentry4.o ABSOLUTE
    ../clib/angel/kernel.s                   0x00000000   Number         0  rtexit.o ABSOLUTE
    ../clib/angel/rt.s                       0x00000000   Number         0  rt_locale.o ABSOLUTE
    ../clib/angel/rt.s                       0x00000000   Number         0  rt_raise.o ABSOLUTE
    ../clib/angel/rt.s                       0x00000000   Number         0  rt_locale_intlibspace.o ABSOLUTE
    ../clib/angel/scatter.s                  0x00000000   Number         0  __scatter.o ABSOLUTE
    ../clib/angel/startup.s                  0x00000000   Number         0  __main.o ABSOLUTE
    ../clib/angel/sys.s                      0x00000000   Number         0  use_no_semi.o ABSOLUTE
    ../clib/angel/sys.s                      0x00000000   Number         0  indicate_semi.o ABSOLUTE
    ../clib/angel/sys.s                      0x00000000   Number         0  sys_stackheap_outer.o ABSOLUTE
    ../clib/angel/sys.s                      0x00000000   Number         0  libspace.o ABSOLUTE
    ../clib/angel/sysapp.c                   0x00000000   Number         0  sys_exit.o ABSOLUTE
    ../clib/angel/sysapp.c                   0x00000000   Number         0  sys_wrch.o ABSOLUTE
    ../clib/angel/sysapp.c                   0x00000000   Number         0  sys_command.o ABSOLUTE
    ../clib/armsys.c                         0x00000000   Number         0  _get_argv_nomalloc.o ABSOLUTE
    ../clib/armsys.c                         0x00000000   Number         0  no_argv.o ABSOLUTE
    ../clib/armsys.c                         0x00000000   Number         0  argv_veneer.o ABSOLUTE
    ../clib/armsys.c                         0x00000000   Number         0  argv_veneer.o ABSOLUTE
    ../clib/bigflt.c                         0x00000000   Number         0  bigflt0.o ABSOLUTE
    ../clib/btod.s                           0x00000000   Number         0  btod.o ABSOLUTE
    ../clib/heapalloc.c                      0x00000000   Number         0  hrguard.o ABSOLUTE
    ../clib/heapaux.c                        0x00000000   Number         0  heapauxi.o ABSOLUTE
    ../clib/libinit.s                        0x00000000   Number         0  libinit2.o ABSOLUTE
    ../clib/libinit.s                        0x00000000   Number         0  libinit.o ABSOLUTE
    ../clib/libinit.s                        0x00000000   Number         0  libshutdown.o ABSOLUTE
    ../clib/libinit.s                        0x00000000   Number         0  libshutdown2.o ABSOLUTE
    ../clib/locale.s                         0x00000000   Number         0  lc_numeric_c.o ABSOLUTE
    ../clib/longlong.s                       0x00000000   Number         0  lludiv10.o ABSOLUTE
    ../clib/memcpset.s                       0x00000000   Number         0  strcmpv7m.o ABSOLUTE
    ../clib/misc.s                           0x00000000   Number         0  printf_stubs.o ABSOLUTE
    ../clib/printf.c                         0x00000000   Number         0  __printf.o ABSOLUTE
    ../clib/printf.c                         0x00000000   Number         0  __printf_flags_wp.o ABSOLUTE
    ../clib/printf.c                         0x00000000   Number         0  __printf_nopercent.o ABSOLUTE
    ../clib/printf.c                         0x00000000   Number         0  __printf_flags_ss_wp.o ABSOLUTE
    ../clib/printf.c                         0x00000000   Number         0  _printf_fp_infnan.o ABSOLUTE
    ../clib/printf.c                         0x00000000   Number         0  __printf_ss_wp.o ABSOLUTE
    ../clib/printf.c                         0x00000000   Number         0  __printf_wp.o ABSOLUTE
    ../clib/printf.c                         0x00000000   Number         0  __printf_flags_ss.o ABSOLUTE
    ../clib/printf.c                         0x00000000   Number         0  __printf_ss.o ABSOLUTE
    ../clib/printf.c                         0x00000000   Number         0  __printf_flags.o ABSOLUTE
    ../clib/printf.c                         0x00000000   Number         0  noretval__2sprintf.o ABSOLUTE
    ../clib/printf.c                         0x00000000   Number         0  _printf_char_common.o ABSOLUTE
    ../clib/printf.c                         0x00000000   Number         0  __2sprintf.o ABSOLUTE
    ../clib/printf.c                         0x00000000   Number         0  _sputc.o ABSOLUTE
    ../clib/printf.c                         0x00000000   Number         0  _printf_fp_dec.o ABSOLUTE
    ../clib/printf_percent.s                 0x00000000   Number         0  _printf_percent.o ABSOLUTE
    ../clib/printf_percent.s                 0x00000000   Number         0  _printf_f.o ABSOLUTE
    ../clib/printf_percent.s                 0x00000000   Number         0  _printf_percent_end.o ABSOLUTE
    ../clib/signal.c                         0x00000000   Number         0  defsig_other.o ABSOLUTE
    ../clib/signal.c                         0x00000000   Number         0  defsig_stak_inner.o ABSOLUTE
    ../clib/signal.c                         0x00000000   Number         0  __raise.o ABSOLUTE
    ../clib/signal.c                         0x00000000   Number         0  defsig_rtmem_inner.o ABSOLUTE
    ../clib/signal.c                         0x00000000   Number         0  defsig_exit.o ABSOLUTE
    ../clib/signal.c                         0x00000000   Number         0  defsig_abrt_inner.o ABSOLUTE
    ../clib/signal.c                         0x00000000   Number         0  defsig_fpe_inner.o ABSOLUTE
    ../clib/signal.c                         0x00000000   Number         0  defsig_general.o ABSOLUTE
    ../clib/signal.c                         0x00000000   Number         0  defsig_rtred_inner.o ABSOLUTE
    ../clib/signal.c                         0x00000000   Number         0  defsig_rtmem_formal.o ABSOLUTE
    ../clib/signal.c                         0x00000000   Number         0  defsig_rtmem_outer.o ABSOLUTE
    ../clib/signal.c                         0x00000000   Number         0  defsig_pvfn_inner.o ABSOLUTE
    ../clib/signal.c                         0x00000000   Number         0  defsig_cppl_inner.o ABSOLUTE
    ../clib/signal.c                         0x00000000   Number         0  defsig_segv_inner.o ABSOLUTE
    ../clib/signal.s                         0x00000000   Number         0  defsig.o ABSOLUTE
    ../clib/stdlib.c                         0x00000000   Number         0  exit.o ABSOLUTE
    ../fplib/dretinf.s                       0x00000000   Number         0  dretinf.o ABSOLUTE
    ../fplib/f2d.s                           0x00000000   Number         0  f2d.o ABSOLUTE
    ../fplib/fnaninf.s                       0x00000000   Number         0  fnaninf.o ABSOLUTE
    ../fplib/fpinit.s                        0x00000000   Number         0  fpinit.o ABSOLUTE
    ../fplib/istatus.s                       0x00000000   Number         0  istatus.o ABSOLUTE
    ../fplib/printf1.s                       0x00000000   Number         0  printf1.o ABSOLUTE
    ../fplib/usenofp.s                       0x00000000   Number         0  usenofp.o ABSOLUTE
    ../mathlib/fpclassify.c                  0x00000000   Number         0  fpclassify.o ABSOLUTE
    dc.s                                     0x00000000   Number         0  dc.o ABSOLUTE
    mpu6500\\cmsis\\src\\system_stm32f4xx.c  0x00000000   Number         0  system_stm32f4xx.o ABSOLUTE
    mpu6500\\code\\src\\main.c               0x00000000   Number         0  main.o ABSOLUTE
    mpu6500\\code\\src\\mpu6500.c            0x00000000   Number         0  mpu6500.o ABSOLUTE
    mpu6500\\code\\src\\spi2.c               0x00000000   Number         0  spi2.o ABSOLUTE
    mpu6500\\code\\src\\timer_delays.c       0x00000000   Number         0  timer_delays.o ABSOLUTE
    mpu6500\\code\\src\\uart2.c              0x00000000   Number         0  uart2.o ABSOLUTE
    mpu6500\cmsis\src\system_stm32f4xx.c     0x00000000   Number         0  system_stm32f4xx.o ABSOLUTE
    mpu6500\code\src\main.c                  0x00000000   Number         0  main.o ABSOLUTE
    mpu6500\code\src\mpu6500.c               0x00000000   Number         0  mpu6500.o ABSOLUTE
    mpu6500\code\src\spi2.c                  0x00000000   Number         0  spi2.o ABSOLUTE
    mpu6500\code\src\timer_delays.c          0x00000000   Number         0  timer_delays.o ABSOLUTE
    mpu6500\code\src\uart2.c                 0x00000000   Number         0  uart2.o ABSOLUTE
    mpu6500\startup\startup_stm32f411xe.s    0x00000000   Number         0  startup_stm32f411xe.o ABSOLUTE
    RESET                                    0x08000000   Section      408  startup_stm32f411xe.o(RESET)
    !!!main                                  0x08000198   Section        8  __main.o(!!!main)
    !!!scatter                               0x080001a0   Section       52  __scatter.o(!!!scatter)
    !!handler_copy                           0x080001d4   Section       26  __scatter_copy.o(!!handler_copy)
    !!handler_zi                             0x080001f0   Section       28  __scatter_zi.o(!!handler_zi)
    .ARM.Collect$$_printf_percent$$00000000  0x0800020c   Section        0  _printf_percent.o(.ARM.Collect$$_printf_percent$$00000000)
    .ARM.Collect$$_printf_percent$$00000003  0x0800020c   Section        6  _printf_f.o(.ARM.Collect$$_printf_percent$$00000003)
    .ARM.Collect$$_printf_percent$$00000017  0x08000212   Section        4  _printf_percent_end.o(.ARM.Collect$$_printf_percent$$00000017)
    .ARM.Collect$$libinit$$00000000          0x08000216   Section        2  libinit.o(.ARM.Collect$$libinit$$00000000)
    .ARM.Collect$$libinit$$00000001          0x08000218   Section        4  libinit2.o(.ARM.Collect$$libinit$$00000001)
    .ARM.Collect$$libinit$$00000004          0x0800021c   Section        0  libinit2.o(.ARM.Collect$$libinit$$00000004)
    .ARM.Collect$$libinit$$0000000A          0x0800021c   Section        0  libinit2.o(.ARM.Collect$$libinit$$0000000A)
    .ARM.Collect$$libinit$$0000000C          0x0800021c   Section        0  libinit2.o(.ARM.Collect$$libinit$$0000000C)
    .ARM.Collect$$libinit$$0000000E          0x0800021c   Section        0  libinit2.o(.ARM.Collect$$libinit$$0000000E)
    .ARM.Collect$$libinit$$0000000F          0x0800021c   Section        6  libinit2.o(.ARM.Collect$$libinit$$0000000F)
    .ARM.Collect$$libinit$$00000011          0x08000222   Section        0  libinit2.o(.ARM.Collect$$libinit$$00000011)
    .ARM.Collect$$libinit$$00000013          0x08000222   Section        0  libinit2.o(.ARM.Collect$$libinit$$00000013)
    .ARM.Collect$$libinit$$00000015          0x08000222   Section        0  libinit2.o(.ARM.Collect$$libinit$$00000015)
    .ARM.Collect$$libinit$$00000016          0x08000222   Section       10  libinit2.o(.ARM.Collect$$libinit$$00000016)
    .ARM.Collect$$libinit$$00000017          0x0800022c   Section        0  libinit2.o(.ARM.Collect$$libinit$$00000017)
    .ARM.Collect$$libinit$$00000019          0x0800022c   Section        0  libinit2.o(.ARM.Collect$$libinit$$00000019)
    .ARM.Collect$$libinit$$0000001B          0x0800022c   Section        0  libinit2.o(.ARM.Collect$$libinit$$0000001B)
    .ARM.Collect$$libinit$$0000001D          0x0800022c   Section        0  libinit2.o(.ARM.Collect$$libinit$$0000001D)
    .ARM.Collect$$libinit$$0000001F          0x0800022c   Section        0  libinit2.o(.ARM.Collect$$libinit$$0000001F)
    .ARM.Collect$$libinit$$00000021          0x0800022c   Section        0  libinit2.o(.ARM.Collect$$libinit$$00000021)
    .ARM.Collect$$libinit$$00000023          0x0800022c   Section        0  libinit2.o(.ARM.Collect$$libinit$$00000023)
    .ARM.Collect$$libinit$$00000025          0x0800022c   Section        0  libinit2.o(.ARM.Collect$$libinit$$00000025)
    .ARM.Collect$$libinit$$0000002C          0x0800022c   Section        0  libinit2.o(.ARM.Collect$$libinit$$0000002C)
    .ARM.Collect$$libinit$$0000002E          0x0800022c   Section        0  libinit2.o(.ARM.Collect$$libinit$$0000002E)
    .ARM.Collect$$libinit$$00000030          0x0800022c   Section        0  libinit2.o(.ARM.Collect$$libinit$$00000030)
    .ARM.Collect$$libinit$$00000032          0x0800022c   Section        0  libinit2.o(.ARM.Collect$$libinit$$00000032)
    .ARM.Collect$$libinit$$00000033          0x0800022c   Section        2  libinit2.o(.ARM.Collect$$libinit$$00000033)
    .ARM.Collect$$libshutdown$$00000000      0x0800022e   Section        2  libshutdown.o(.ARM.Collect$$libshutdown$$00000000)
    .ARM.Collect$$libshutdown$$00000002      0x08000230   Section        0  libshutdown2.o(.ARM.Collect$$libshutdown$$00000002)
    .ARM.Collect$$libshutdown$$00000004      0x08000230   Section        0  libshutdown2.o(.ARM.Collect$$libshutdown$$00000004)
    .ARM.Collect$$libshutdown$$00000006      0x08000230   Section        0  libshutdown2.o(.ARM.Collect$$libshutdown$$00000006)
    .ARM.Collect$$libshutdown$$00000009      0x08000230   Section        0  libshutdown2.o(.ARM.Collect$$libshutdown$$00000009)
    .ARM.Collect$$libshutdown$$0000000C      0x08000230   Section        0  libshutdown2.o(.ARM.Collect$$libshutdown$$0000000C)
    .ARM.Collect$$libshutdown$$0000000E      0x08000230   Section        0  libshutdown2.o(.ARM.Collect$$libshutdown$$0000000E)
    .ARM.Collect$$libshutdown$$00000011      0x08000230   Section        0  libshutdown2.o(.ARM.Collect$$libshutdown$$00000011)
    .ARM.Collect$$libshutdown$$00000012      0x08000230   Section        2  libshutdown2.o(.ARM.Collect$$libshutdown$$00000012)
    .ARM.Collect$$rtentry$$00000000          0x08000232   Section        0  __rtentry.o(.ARM.Collect$$rtentry$$00000000)
    .ARM.Collect$$rtentry$$00000002          0x08000232   Section        0  __rtentry2.o(.ARM.Collect$$rtentry$$00000002)
    .ARM.Collect$$rtentry$$00000004          0x08000232   Section        6  __rtentry4.o(.ARM.Collect$$rtentry$$00000004)
    .ARM.Collect$$rtentry$$00000009          0x08000238   Section        0  __rtentry2.o(.ARM.Collect$$rtentry$$00000009)
    .ARM.Collect$$rtentry$$0000000A          0x08000238   Section        4  __rtentry2.o(.ARM.Collect$$rtentry$$0000000A)
    .ARM.Collect$$rtentry$$0000000C          0x0800023c   Section        0  __rtentry2.o(.ARM.Collect$$rtentry$$0000000C)
    .ARM.Collect$$rtentry$$0000000D          0x0800023c   Section        8  __rtentry2.o(.ARM.Collect$$rtentry$$0000000D)
    .ARM.Collect$$rtexit$$00000000           0x08000244   Section        2  rtexit.o(.ARM.Collect$$rtexit$$00000000)
    .ARM.Collect$$rtexit$$00000002           0x08000246   Section        0  rtexit2.o(.ARM.Collect$$rtexit$$00000002)
    .ARM.Collect$$rtexit$$00000003           0x08000246   Section        4  rtexit2.o(.ARM.Collect$$rtexit$$00000003)
    .ARM.Collect$$rtexit$$00000004           0x0800024a   Section        6  rtexit2.o(.ARM.Collect$$rtexit$$00000004)
    .text                                    0x08000250   Section       64  startup_stm32f411xe.o(.text)
    $v0                                      0x08000250   Number         0  startup_stm32f411xe.o(.text)
    .text                                    0x08000290   Section        0  noretval__2sprintf.o(.text)
    .text                                    0x080002b8   Section        0  __printf_wp.o(.text)
    .text                                    0x080003c6   Section        0  heapauxi.o(.text)
    .text                                    0x080003cc   Section        0  _printf_fp_dec.o(.text)
    _fp_digits                               0x080003cf   Thumb Code   432  _printf_fp_dec.o(.text)
    .text                                    0x080007ec   Section        0  _printf_char_common.o(.text)
    _printf_input_char                       0x080007ed   Thumb Code    10  _printf_char_common.o(.text)
    .text                                    0x0800081c   Section        0  _sputc.o(.text)
    .text                                    0x08000828   Section        8  rt_locale_intlibspace.o(.text)
    .text                                    0x08000830   Section      138  lludiv10.o(.text)
    .text                                    0x080008bc   Section        0  _printf_fp_infnan.o(.text)
    .text                                    0x0800093c   Section        0  bigflt0.o(.text)
    .text                                    0x08000a20   Section        8  libspace.o(.text)
    .text                                    0x08000a28   Section       74  sys_stackheap_outer.o(.text)
    .text                                    0x08000a72   Section        0  exit.o(.text)
    .text                                    0x08000a84   Section      128  strcmpv7m.o(.text)
    .text                                    0x08000b04   Section        0  sys_exit.o(.text)
    .text                                    0x08000b10   Section        2  use_no_semi.o(.text)
    .text                                    0x08000b12   Section        0  indicate_semi.o(.text)
    CL$$btod_d2e                             0x08000b12   Section       62  btod.o(CL$$btod_d2e)
    CL$$btod_d2e_denorm_low                  0x08000b50   Section       70  btod.o(CL$$btod_d2e_denorm_low)
    CL$$btod_d2e_norm_op1                    0x08000b96   Section       96  btod.o(CL$$btod_d2e_norm_op1)
    CL$$btod_div_common                      0x08000bf6   Section      824  btod.o(CL$$btod_div_common)
    CL$$btod_e2e                             0x08000f2e   Section      220  btod.o(CL$$btod_e2e)
    CL$$btod_ediv                            0x0800100a   Section       42  btod.o(CL$$btod_ediv)
    CL$$btod_emul                            0x08001034   Section       42  btod.o(CL$$btod_emul)
    CL$$btod_mult_common                     0x0800105e   Section      580  btod.o(CL$$btod_mult_common)
    i.Accel_Init                             0x080012a2   Section        0  mpu6500.o(i.Accel_Init)
    Accel_Init                               0x080012a3   Thumb Code    52  mpu6500.o(i.Accel_Init)
    i.DMA1_Stream5_IRQHandler                0x080012d8   Section        0  uart2.o(i.DMA1_Stream5_IRQHandler)
    i.EXTI9_5_IRQHandler                     0x08001318   Section        0  mpu6500.o(i.EXTI9_5_IRQHandler)
    i.EXTI_Init                              0x0800134c   Section        0  mpu6500.o(i.EXTI_Init)
    EXTI_Init                                0x0800134d   Thumb Code    74  mpu6500.o(i.EXTI_Init)
    i.GPIO_Init                              0x080013a0   Section        0  main.o(i.GPIO_Init)
    GPIO_Init                                0x080013a1   Thumb Code    60  main.o(i.GPIO_Init)
    i.GPIO_Init                              0x080013e4   Section        0  spi2.o(i.GPIO_Init)
    GPIO_Init                                0x080013e5   Thumb Code   206  spi2.o(i.GPIO_Init)
    i.GPIO_Init                              0x080014bc   Section        0  uart2.o(i.GPIO_Init)
    GPIO_Init                                0x080014bd   Thumb Code    96  uart2.o(i.GPIO_Init)
    i.Gyro_Init                              0x08001524   Section        0  mpu6500.o(i.Gyro_Init)
    Gyro_Init                                0x08001525   Thumb Code    52  mpu6500.o(i.Gyro_Init)
    i.Interrupt_Init                         0x08001558   Section        0  mpu6500.o(i.Interrupt_Init)
    Interrupt_Init                           0x08001559   Thumb Code    90  mpu6500.o(i.Interrupt_Init)
    i.MPU6500_Init                           0x080015bc   Section        0  mpu6500.o(i.MPU6500_Init)
    i.MPU6500_Read                           0x080015fc   Section        0  mpu6500.o(i.MPU6500_Read)
    i.NVIC_EnableIRQ                         0x0800166c   Section        0  uart2.o(i.NVIC_EnableIRQ)
    NVIC_EnableIRQ                           0x0800166d   Thumb Code    22  uart2.o(i.NVIC_EnableIRQ)
    i.PowerUp                                0x08001682   Section        0  mpu6500.o(i.PowerUp)
    PowerUp                                  0x08001683   Thumb Code   196  mpu6500.o(i.PowerUp)
    i.RCC_Init                               0x08001748   Section        0  main.o(i.RCC_Init)
    i.SPI2_BurstRead                         0x08001810   Section        0  spi2.o(i.SPI2_BurstRead)
    i.SPI2_Init                              0x08001894   Section        0  spi2.o(i.SPI2_Init)
    i.SPI2_ReadWriteReg                      0x08001918   Section        0  spi2.o(i.SPI2_ReadWriteReg)
    i.SetSysClock                            0x08001990   Section        0  system_stm32f4xx.o(i.SetSysClock)
    SetSysClock                              0x08001991   Thumb Code   138  system_stm32f4xx.o(i.SetSysClock)
    i.SystemInit                             0x08001a2c   Section        0  system_stm32f4xx.o(i.SystemInit)
    i.TIM11_delay_us_init                    0x08001a94   Section        0  timer_delays.o(i.TIM11_delay_us_init)
    TIM11_delay_us_init                      0x08001a95   Thumb Code    60  timer_delays.o(i.TIM11_delay_us_init)
    i.TIM9_2_delay_ms_init                   0x08001ad8   Section        0  timer_delays.o(i.TIM9_2_delay_ms_init)
    TIM9_2_delay_ms_init                     0x08001ad9   Thumb Code   132  timer_delays.o(i.TIM9_2_delay_ms_init)
    i.TIM_DelaysInit                         0x08001b64   Section        0  timer_delays.o(i.TIM_DelaysInit)
    i.UART2_DMA1_Init                        0x08001b78   Section        0  uart2.o(i.UART2_DMA1_Init)
    UART2_DMA1_Init                          0x08001b79   Thumb Code   484  uart2.o(i.UART2_DMA1_Init)
    i.UART2_DMA_Send                         0x08001d70   Section        0  uart2.o(i.UART2_DMA_Send)
    i.UART2_Init                             0x08001da0   Section        0  uart2.o(i.UART2_Init)
    i.USART2_IRQHandler                      0x08001df0   Section        0  uart2.o(i.USART2_IRQHandler)
    i.__ARM_fpclassify                       0x08001dfc   Section        0  fpclassify.o(i.__ARM_fpclassify)
    i._is_digit                              0x08001e2c   Section        0  __printf_wp.o(i._is_digit)
    i.calibrate                              0x08001e3c   Section        0  mpu6500.o(i.calibrate)
    calibrate                                0x08001e3d   Thumb Code   330  mpu6500.o(i.calibrate)
    i.delay_ms                               0x08001f98   Section        0  timer_delays.o(i.delay_ms)
    i.delay_us                               0x08001fb4   Section        0  timer_delays.o(i.delay_us)
    i.main                                   0x08001fcc   Section        0  main.o(i.main)
    locale$$code                             0x08002198   Section       44  lc_numeric_c.o(locale$$code)
    x$fpl$dretinf                            0x080021c4   Section       12  dretinf.o(x$fpl$dretinf)
    $v0                                      0x080021c4   Number         0  dretinf.o(x$fpl$dretinf)
    x$fpl$f2d                                0x080021d0   Section       86  f2d.o(x$fpl$f2d)
    $v0                                      0x080021d0   Number         0  f2d.o(x$fpl$f2d)
    x$fpl$fnaninf                            0x08002226   Section      140  fnaninf.o(x$fpl$fnaninf)
    $v0                                      0x08002226   Number         0  fnaninf.o(x$fpl$fnaninf)
    x$fpl$fpinit                             0x080022b2   Section       10  fpinit.o(x$fpl$fpinit)
    $v0                                      0x080022b2   Number         0  fpinit.o(x$fpl$fpinit)
    x$fpl$printf1                            0x080022bc   Section        4  printf1.o(x$fpl$printf1)
    $v0                                      0x080022bc   Number         0  printf1.o(x$fpl$printf1)
    .constdata                               0x080022c0   Section      148  bigflt0.o(.constdata)
    x$fpl$usenofp                            0x080022c0   Section        0  usenofp.o(x$fpl$usenofp)
    tenpwrs_x                                0x080022c0   Data          60  bigflt0.o(.constdata)
    tenpwrs_i                                0x080022fc   Data          64  bigflt0.o(.constdata)
    locale$$data                             0x08002374   Section       28  lc_numeric_c.o(locale$$data)
    __lcnum_c_name                           0x08002378   Data           2  lc_numeric_c.o(locale$$data)
    __lcnum_c_start                          0x08002380   Data           0  lc_numeric_c.o(locale$$data)
    __lcnum_c_point                          0x0800238c   Data           0  lc_numeric_c.o(locale$$data)
    __lcnum_c_thousands                      0x0800238e   Data           0  lc_numeric_c.o(locale$$data)
    __lcnum_c_grouping                       0x0800238f   Data           0  lc_numeric_c.o(locale$$data)
    __lcnum_c_end                            0x08002390   Data           0  lc_numeric_c.o(locale$$data)
    .data                                    0x20000000   Section        1  uart2.o(.data)
    dmaBufferReceive                         0x20000000   Data           1  uart2.o(.data)
    .data                                    0x20000001   Section        2  mpu6500.o(.data)
    gyroScale                                0x20000001   Data           1  mpu6500.o(.data)
    accelScale                               0x20000002   Data           1  mpu6500.o(.data)
    .bss                                     0x20000004   Section      128  uart2.o(.bss)
    .bss                                     0x20000084   Section      296  mpu6500.o(.bss)
    rawData                                  0x20000084   Data          14  mpu6500.o(.bss)
    accelBias                                0x20000094   Data          12  mpu6500.o(.bss)
    .bss                                     0x200001ac   Section       96  libspace.o(.bss)
    HEAP                                     0x20000210   Section      512  startup_stm32f411xe.o(HEAP)
    Heap_Mem                                 0x20000210   Data         512  startup_stm32f411xe.o(HEAP)
    STACK                                    0x20000410   Section     1024  startup_stm32f411xe.o(STACK)
    Stack_Mem                                0x20000410   Data        1024  startup_stm32f411xe.o(STACK)
    __initial_sp                             0x20000810   Data           0  startup_stm32f411xe.o(STACK)

    Global Symbols

    Symbol Name                              Value     Ov Type        Size  Object(Section)

    BuildAttributes$$THM_ISAv4$E$P$D$K$B$S$7EM$VFPi3$EXTD16$VFPS$VFMA$PE$A:L22UL41UL21$X:L11$S22US41US21$IEEE1$IW$USESV6$~STKCKD$USESV7$~SHL$OTIME$ROPI$IEEEJ$EBA8$UX$STANDARDLIB$REQ8$PRES8$EABIv2 0x00000000   Number         0  anon$$obj.o ABSOLUTE
    __ARM_use_no_argv                        0x00000000   Number         0  main.o ABSOLUTE
    _printf_flags                            0x00000000   Number         0  printf_stubs.o ABSOLUTE
    _printf_return_value                     0x00000000   Number         0  printf_stubs.o ABSOLUTE
    _printf_sizespec                         0x00000000   Number         0  printf_stubs.o ABSOLUTE
    _printf_widthprec                        0x00000000   Number         0  printf_stubs.o ABSOLUTE
    __ARM_exceptions_init                     - Undefined Weak Reference
    __alloca_initialize                       - Undefined Weak Reference
    __arm_fini_                               - Undefined Weak Reference
    __arm_preinit_                            - Undefined Weak Reference
    __cpp_initialize__aeabi_                  - Undefined Weak Reference
    __cxa_finalize                            - Undefined Weak Reference
    __sigvec_lookup                           - Undefined Weak Reference
    _atexit_init                              - Undefined Weak Reference
    _call_atexit_fns                          - Undefined Weak Reference
    _clock_init                               - Undefined Weak Reference
    _fp_trap_init                             - Undefined Weak Reference
    _fp_trap_shutdown                         - Undefined Weak Reference
    _get_lc_collate                           - Undefined Weak Reference
    _get_lc_ctype                             - Undefined Weak Reference
    _get_lc_monetary                          - Undefined Weak Reference
    _get_lc_time                              - Undefined Weak Reference
    _getenv_init                              - Undefined Weak Reference
    _handle_redirection                       - Undefined Weak Reference
    _init_alloc                               - Undefined Weak Reference
    _init_user_alloc                          - Undefined Weak Reference
    _initio                                   - Undefined Weak Reference
    _printf_post_padding                      - Undefined Weak Reference
    _printf_pre_padding                       - Undefined Weak Reference
    _rand_init                                - Undefined Weak Reference
    _signal_finish                            - Undefined Weak Reference
    _signal_init                              - Undefined Weak Reference
    _terminate_alloc                          - Undefined Weak Reference
    _terminate_user_alloc                     - Undefined Weak Reference
    _terminateio                              - Undefined Weak Reference
    __Vectors_Size                           0x00000198   Number         0  startup_stm32f411xe.o ABSOLUTE
    __Vectors                                0x08000000   Data           4  startup_stm32f411xe.o(RESET)
    __Vectors_End                            0x08000198   Data           0  startup_stm32f411xe.o(RESET)
    __main                                   0x08000199   Thumb Code     8  __main.o(!!!main)
    __scatterload                            0x080001a1   Thumb Code     0  __scatter.o(!!!scatter)
    __scatterload_rt2                        0x080001a1   Thumb Code    44  __scatter.o(!!!scatter)
    __scatterload_rt2_thumb_only             0x080001a1   Thumb Code     0  __scatter.o(!!!scatter)
    __scatterload_null                       0x080001af   Thumb Code     0  __scatter.o(!!!scatter)
    __scatterload_copy                       0x080001d5   Thumb Code    26  __scatter_copy.o(!!handler_copy)
    __scatterload_zeroinit                   0x080001f1   Thumb Code    28  __scatter_zi.o(!!handler_zi)
    _printf_f                                0x0800020d   Thumb Code     0  _printf_f.o(.ARM.Collect$$_printf_percent$$00000003)
    _printf_percent                          0x0800020d   Thumb Code     0  _printf_percent.o(.ARM.Collect$$_printf_percent$$00000000)
    _printf_percent_end                      0x08000213   Thumb Code     0  _printf_percent_end.o(.ARM.Collect$$_printf_percent$$00000017)
    __rt_lib_init                            0x08000217   Thumb Code     0  libinit.o(.ARM.Collect$$libinit$$00000000)
    __rt_lib_init_fp_1                       0x08000219   Thumb Code     0  libinit2.o(.ARM.Collect$$libinit$$00000001)
    __rt_lib_init_heap_1                     0x0800021d   Thumb Code     0  libinit2.o(.ARM.Collect$$libinit$$0000000A)
    __rt_lib_init_lc_common                  0x0800021d   Thumb Code     0  libinit2.o(.ARM.Collect$$libinit$$0000000F)
    __rt_lib_init_preinit_1                  0x0800021d   Thumb Code     0  libinit2.o(.ARM.Collect$$libinit$$00000004)
    __rt_lib_init_rand_1                     0x0800021d   Thumb Code     0  libinit2.o(.ARM.Collect$$libinit$$0000000E)
    __rt_lib_init_user_alloc_1               0x0800021d   Thumb Code     0  libinit2.o(.ARM.Collect$$libinit$$0000000C)
    __rt_lib_init_lc_collate_1               0x08000223   Thumb Code     0  libinit2.o(.ARM.Collect$$libinit$$00000011)
    __rt_lib_init_lc_ctype_1                 0x08000223   Thumb Code     0  libinit2.o(.ARM.Collect$$libinit$$00000013)
    __rt_lib_init_lc_monetary_1              0x08000223   Thumb Code     0  libinit2.o(.ARM.Collect$$libinit$$00000015)
    __rt_lib_init_lc_numeric_2               0x08000223   Thumb Code     0  libinit2.o(.ARM.Collect$$libinit$$00000016)
    __rt_lib_init_alloca_1                   0x0800022d   Thumb Code     0  libinit2.o(.ARM.Collect$$libinit$$0000002E)
    __rt_lib_init_argv_1                     0x0800022d   Thumb Code     0  libinit2.o(.ARM.Collect$$libinit$$0000002C)
    __rt_lib_init_atexit_1                   0x0800022d   Thumb Code     0  libinit2.o(.ARM.Collect$$libinit$$0000001B)
    __rt_lib_init_clock_1                    0x0800022d   Thumb Code     0  libinit2.o(.ARM.Collect$$libinit$$00000021)
    __rt_lib_init_cpp_1                      0x0800022d   Thumb Code     0  libinit2.o(.ARM.Collect$$libinit$$00000032)
    __rt_lib_init_exceptions_1               0x0800022d   Thumb Code     0  libinit2.o(.ARM.Collect$$libinit$$00000030)
    __rt_lib_init_fp_trap_1                  0x0800022d   Thumb Code     0  libinit2.o(.ARM.Collect$$libinit$$0000001F)
    __rt_lib_init_getenv_1                   0x0800022d   Thumb Code     0  libinit2.o(.ARM.Collect$$libinit$$00000023)
    __rt_lib_init_lc_numeric_1               0x0800022d   Thumb Code     0  libinit2.o(.ARM.Collect$$libinit$$00000017)
    __rt_lib_init_lc_time_1                  0x0800022d   Thumb Code     0  libinit2.o(.ARM.Collect$$libinit$$00000019)
    __rt_lib_init_return                     0x0800022d   Thumb Code     0  libinit2.o(.ARM.Collect$$libinit$$00000033)
    __rt_lib_init_signal_1                   0x0800022d   Thumb Code     0  libinit2.o(.ARM.Collect$$libinit$$0000001D)
    __rt_lib_init_stdio_1                    0x0800022d   Thumb Code     0  libinit2.o(.ARM.Collect$$libinit$$00000025)
    __rt_lib_shutdown                        0x0800022f   Thumb Code     0  libshutdown.o(.ARM.Collect$$libshutdown$$00000000)
    __rt_lib_shutdown_cpp_1                  0x08000231   Thumb Code     0  libshutdown2.o(.ARM.Collect$$libshutdown$$00000004)
    __rt_lib_shutdown_fini_1                 0x08000231   Thumb Code     0  libshutdown2.o(.ARM.Collect$$libshutdown$$00000002)
    __rt_lib_shutdown_fp_trap_1              0x08000231   Thumb Code     0  libshutdown2.o(.ARM.Collect$$libshutdown$$00000009)
    __rt_lib_shutdown_heap_1                 0x08000231   Thumb Code     0  libshutdown2.o(.ARM.Collect$$libshutdown$$00000011)
    __rt_lib_shutdown_return                 0x08000231   Thumb Code     0  libshutdown2.o(.ARM.Collect$$libshutdown$$00000012)
    __rt_lib_shutdown_signal_1               0x08000231   Thumb Code     0  libshutdown2.o(.ARM.Collect$$libshutdown$$0000000C)
    __rt_lib_shutdown_stdio_1                0x08000231   Thumb Code     0  libshutdown2.o(.ARM.Collect$$libshutdown$$00000006)
    __rt_lib_shutdown_user_alloc_1           0x08000231   Thumb Code     0  libshutdown2.o(.ARM.Collect$$libshutdown$$0000000E)
    __rt_entry                               0x08000233   Thumb Code     0  __rtentry.o(.ARM.Collect$$rtentry$$00000000)
    __rt_entry_presh_1                       0x08000233   Thumb Code     0  __rtentry2.o(.ARM.Collect$$rtentry$$00000002)
    __rt_entry_sh                            0x08000233   Thumb Code     0  __rtentry4.o(.ARM.Collect$$rtentry$$00000004)
    __rt_entry_li                            0x08000239   Thumb Code     0  __rtentry2.o(.ARM.Collect$$rtentry$$0000000A)
    __rt_entry_postsh_1                      0x08000239   Thumb Code     0  __rtentry2.o(.ARM.Collect$$rtentry$$00000009)
    __rt_entry_main                          0x0800023d   Thumb Code     0  __rtentry2.o(.ARM.Collect$$rtentry$$0000000D)
    __rt_entry_postli_1                      0x0800023d   Thumb Code     0  __rtentry2.o(.ARM.Collect$$rtentry$$0000000C)
    __rt_exit                                0x08000245   Thumb Code     0  rtexit.o(.ARM.Collect$$rtexit$$00000000)
    __rt_exit_ls                             0x08000247   Thumb Code     0  rtexit2.o(.ARM.Collect$$rtexit$$00000003)
    __rt_exit_prels_1                        0x08000247   Thumb Code     0  rtexit2.o(.ARM.Collect$$rtexit$$00000002)
    __rt_exit_exit                           0x0800024b   Thumb Code     0  rtexit2.o(.ARM.Collect$$rtexit$$00000004)
    Reset_Handler                            0x08000251   Thumb Code     8  startup_stm32f411xe.o(.text)
    NMI_Handler                              0x08000259   Thumb Code     2  startup_stm32f411xe.o(.text)
    HardFault_Handler                        0x0800025b   Thumb Code     2  startup_stm32f411xe.o(.text)
    MemManage_Handler                        0x0800025d   Thumb Code     2  startup_stm32f411xe.o(.text)
    BusFault_Handler                         0x0800025f   Thumb Code     2  startup_stm32f411xe.o(.text)
    UsageFault_Handler                       0x08000261   Thumb Code     2  startup_stm32f411xe.o(.text)
    SVC_Handler                              0x08000263   Thumb Code     2  startup_stm32f411xe.o(.text)
    DebugMon_Handler                         0x08000265   Thumb Code     2  startup_stm32f411xe.o(.text)
    PendSV_Handler                           0x08000267   Thumb Code     2  startup_stm32f411xe.o(.text)
    SysTick_Handler                          0x08000269   Thumb Code     2  startup_stm32f411xe.o(.text)
    ADC_IRQHandler                           0x0800026b   Thumb Code     0  startup_stm32f411xe.o(.text)
    DMA1_Stream0_IRQHandler                  0x0800026b   Thumb Code     0  startup_stm32f411xe.o(.text)
    DMA1_Stream1_IRQHandler                  0x0800026b   Thumb Code     0  startup_stm32f411xe.o(.text)
    DMA1_Stream2_IRQHandler                  0x0800026b   Thumb Code     0  startup_stm32f411xe.o(.text)
    DMA1_Stream3_IRQHandler                  0x0800026b   Thumb Code     0  startup_stm32f411xe.o(.text)
    DMA1_Stream4_IRQHandler                  0x0800026b   Thumb Code     0  startup_stm32f411xe.o(.text)
    DMA1_Stream6_IRQHandler                  0x0800026b   Thumb Code     0  startup_stm32f411xe.o(.text)
    DMA1_Stream7_IRQHandler                  0x0800026b   Thumb Code     0  startup_stm32f411xe.o(.text)
    DMA2_Stream0_IRQHandler                  0x0800026b   Thumb Code     0  startup_stm32f411xe.o(.text)
    DMA2_Stream1_IRQHandler                  0x0800026b   Thumb Code     0  startup_stm32f411xe.o(.text)
    DMA2_Stream2_IRQHandler                  0x0800026b   Thumb Code     0  startup_stm32f411xe.o(.text)
    DMA2_Stream3_IRQHandler                  0x0800026b   Thumb Code     0  startup_stm32f411xe.o(.text)
    DMA2_Stream4_IRQHandler                  0x0800026b   Thumb Code     0  startup_stm32f411xe.o(.text)
    DMA2_Stream5_IRQHandler                  0x0800026b   Thumb Code     0  startup_stm32f411xe.o(.text)
    DMA2_Stream6_IRQHandler                  0x0800026b   Thumb Code     0  startup_stm32f411xe.o(.text)
    DMA2_Stream7_IRQHandler                  0x0800026b   Thumb Code     0  startup_stm32f411xe.o(.text)
    EXTI0_IRQHandler                         0x0800026b   Thumb Code     0  startup_stm32f411xe.o(.text)
    EXTI15_10_IRQHandler                     0x0800026b   Thumb Code     0  startup_stm32f411xe.o(.text)
    EXTI1_IRQHandler                         0x0800026b   Thumb Code     0  startup_stm32f411xe.o(.text)
    EXTI2_IRQHandler                         0x0800026b   Thumb Code     0  startup_stm32f411xe.o(.text)
    EXTI3_IRQHandler                         0x0800026b   Thumb Code     0  startup_stm32f411xe.o(.text)
    EXTI4_IRQHandler                         0x0800026b   Thumb Code     0  startup_stm32f411xe.o(.text)
    FLASH_IRQHandler                         0x0800026b   Thumb Code     0  startup_stm32f411xe.o(.text)
    FPU_IRQHandler                           0x0800026b   Thumb Code     0  startup_stm32f411xe.o(.text)
    I2C1_ER_IRQHandler                       0x0800026b   Thumb Code     0  startup_stm32f411xe.o(.text)
    I2C1_EV_IRQHandler                       0x0800026b   Thumb Code     0  startup_stm32f411xe.o(.text)
    I2C2_ER_IRQHandler                       0x0800026b   Thumb Code     0  startup_stm32f411xe.o(.text)
    I2C2_EV_IRQHandler                       0x0800026b   Thumb Code     0  startup_stm32f411xe.o(.text)
    I2C3_ER_IRQHandler                       0x0800026b   Thumb Code     0  startup_stm32f411xe.o(.text)
    I2C3_EV_IRQHandler                       0x0800026b   Thumb Code     0  startup_stm32f411xe.o(.text)
    OTG_FS_IRQHandler                        0x0800026b   Thumb Code     0  startup_stm32f411xe.o(.text)
    OTG_FS_WKUP_IRQHandler                   0x0800026b   Thumb Code     0  startup_stm32f411xe.o(.text)
    PVD_IRQHandler                           0x0800026b   Thumb Code     0  startup_stm32f411xe.o(.text)
    RCC_IRQHandler                           0x0800026b   Thumb Code     0  startup_stm32f411xe.o(.text)
    RTC_Alarm_IRQHandler                     0x0800026b   Thumb Code     0  startup_stm32f411xe.o(.text)
    RTC_WKUP_IRQHandler                      0x0800026b   Thumb Code     0  startup_stm32f411xe.o(.text)
    SDIO_IRQHandler                          0x0800026b   Thumb Code     0  startup_stm32f411xe.o(.text)
    SPI1_IRQHandler                          0x0800026b   Thumb Code     0  startup_stm32f411xe.o(.text)
    SPI2_IRQHandler                          0x0800026b   Thumb Code     0  startup_stm32f411xe.o(.text)
    SPI3_IRQHandler                          0x0800026b   Thumb Code     0  startup_stm32f411xe.o(.text)
    SPI4_IRQHandler                          0x0800026b   Thumb Code     0  startup_stm32f411xe.o(.text)
    SPI5_IRQHandler                          0x0800026b   Thumb Code     0  startup_stm32f411xe.o(.text)
    TAMP_STAMP_IRQHandler                    0x0800026b   Thumb Code     0  startup_stm32f411xe.o(.text)
    TIM1_BRK_TIM9_IRQHandler                 0x0800026b   Thumb Code     0  startup_stm32f411xe.o(.text)
    TIM1_CC_IRQHandler                       0x0800026b   Thumb Code     0  startup_stm32f411xe.o(.text)
    TIM1_TRG_COM_TIM11_IRQHandler            0x0800026b   Thumb Code     0  startup_stm32f411xe.o(.text)
    TIM1_UP_TIM10_IRQHandler                 0x0800026b   Thumb Code     0  startup_stm32f411xe.o(.text)
    TIM2_IRQHandler                          0x0800026b   Thumb Code     0  startup_stm32f411xe.o(.text)
    TIM3_IRQHandler                          0x0800026b   Thumb Code     0  startup_stm32f411xe.o(.text)
    TIM4_IRQHandler                          0x0800026b   Thumb Code     0  startup_stm32f411xe.o(.text)
    TIM5_IRQHandler                          0x0800026b   Thumb Code     0  startup_stm32f411xe.o(.text)
    USART1_IRQHandler                        0x0800026b   Thumb Code     0  startup_stm32f411xe.o(.text)
    USART6_IRQHandler                        0x0800026b   Thumb Code     0  startup_stm32f411xe.o(.text)
    WWDG_IRQHandler                          0x0800026b   Thumb Code     0  startup_stm32f411xe.o(.text)
    __user_initial_stackheap                 0x0800026d   Thumb Code     0  startup_stm32f411xe.o(.text)
    __2sprintf                               0x08000291   Thumb Code    34  noretval__2sprintf.o(.text)
    __printf                                 0x080002b9   Thumb Code   270  __printf_wp.o(.text)
    __use_two_region_memory                  0x080003c7   Thumb Code     2  heapauxi.o(.text)
    __rt_heap_escrow$2region                 0x080003c9   Thumb Code     2  heapauxi.o(.text)
    __rt_heap_expand$2region                 0x080003cb   Thumb Code     2  heapauxi.o(.text)
    __lib_sel_fp_printf                      0x080003cd   Thumb Code     2  _printf_fp_dec.o(.text)
    _printf_fp_dec_real                      0x0800057f   Thumb Code   620  _printf_fp_dec.o(.text)
    _printf_char_common                      0x080007f7   Thumb Code    32  _printf_char_common.o(.text)
    _sputc                                   0x0800081d   Thumb Code    10  _sputc.o(.text)
    __rt_locale                              0x08000829   Thumb Code     8  rt_locale_intlibspace.o(.text)
    _ll_udiv10                               0x08000831   Thumb Code   138  lludiv10.o(.text)
    _printf_fp_infnan                        0x080008bd   Thumb Code   112  _printf_fp_infnan.o(.text)
    _btod_etento                             0x0800093d   Thumb Code   224  bigflt0.o(.text)
    __user_libspace                          0x08000a21   Thumb Code     8  libspace.o(.text)
    __user_perproc_libspace                  0x08000a21   Thumb Code     0  libspace.o(.text)
    __user_perthread_libspace                0x08000a21   Thumb Code     0  libspace.o(.text)
    __user_setup_stackheap                   0x08000a29   Thumb Code    74  sys_stackheap_outer.o(.text)
    exit                                     0x08000a73   Thumb Code    18  exit.o(.text)
    strcmp                                   0x08000a85   Thumb Code   128  strcmpv7m.o(.text)
    _sys_exit                                0x08000b05   Thumb Code     8  sys_exit.o(.text)
    __I$use$semihosting                      0x08000b11   Thumb Code     0  use_no_semi.o(.text)
    __use_no_semihosting_swi                 0x08000b11   Thumb Code     2  use_no_semi.o(.text)
    __semihosting_library_function           0x08000b13   Thumb Code     0  indicate_semi.o(.text)
    _btod_d2e                                0x08000b13   Thumb Code    62  btod.o(CL$$btod_d2e)
    _d2e_denorm_low                          0x08000b51   Thumb Code    70  btod.o(CL$$btod_d2e_denorm_low)
    _d2e_norm_op1                            0x08000b97   Thumb Code    96  btod.o(CL$$btod_d2e_norm_op1)
    __btod_div_common                        0x08000bf7   Thumb Code   696  btod.o(CL$$btod_div_common)
    _e2e                                     0x08000f2f   Thumb Code   220  btod.o(CL$$btod_e2e)
    _btod_ediv                               0x0800100b   Thumb Code    42  btod.o(CL$$btod_ediv)
    _btod_emul                               0x08001035   Thumb Code    42  btod.o(CL$$btod_emul)
    __btod_mult_common                       0x0800105f   Thumb Code   580  btod.o(CL$$btod_mult_common)
    DMA1_Stream5_IRQHandler                  0x080012d9   Thumb Code    60  uart2.o(i.DMA1_Stream5_IRQHandler)
    EXTI9_5_IRQHandler                       0x08001319   Thumb Code    38  mpu6500.o(i.EXTI9_5_IRQHandler)
    MPU6500_Init                             0x080015bd   Thumb Code    56  mpu6500.o(i.MPU6500_Init)
    MPU6500_Read                             0x080015fd   Thumb Code   106  mpu6500.o(i.MPU6500_Read)
    RCC_Init                                 0x08001749   Thumb Code   192  main.o(i.RCC_Init)
    SPI2_BurstRead                           0x08001811   Thumb Code   124  spi2.o(i.SPI2_BurstRead)
    SPI2_Init                                0x08001895   Thumb Code   122  spi2.o(i.SPI2_Init)
    SPI2_ReadWriteReg                        0x08001919   Thumb Code   112  spi2.o(i.SPI2_ReadWriteReg)
    SystemInit                               0x08001a2d   Thumb Code    88  system_stm32f4xx.o(i.SystemInit)
    TIM_DelaysInit                           0x08001b65   Thumb Code    18  timer_delays.o(i.TIM_DelaysInit)
    UART2_DMA_Send                           0x08001d71   Thumb Code    42  uart2.o(i.UART2_DMA_Send)
    UART2_Init                               0x08001da1   Thumb Code    70  uart2.o(i.UART2_Init)
    USART2_IRQHandler                        0x08001df1   Thumb Code     6  uart2.o(i.USART2_IRQHandler)
    __ARM_fpclassify                         0x08001dfd   Thumb Code    48  fpclassify.o(i.__ARM_fpclassify)
    _is_digit                                0x08001e2d   Thumb Code    14  __printf_wp.o(i._is_digit)
    delay_ms                                 0x08001f99   Thumb Code    24  timer_delays.o(i.delay_ms)
    delay_us                                 0x08001fb5   Thumb Code    18  timer_delays.o(i.delay_us)
    main                                     0x08001fcd   Thumb Code   376  main.o(i.main)
    _get_lc_numeric                          0x08002199   Thumb Code    44  lc_numeric_c.o(locale$$code)
    __fpl_dretinf                            0x080021c5   Thumb Code    12  dretinf.o(x$fpl$dretinf)
    __aeabi_f2d                              0x080021d1   Thumb Code     0  f2d.o(x$fpl$f2d)
    _f2d                                     0x080021d1   Thumb Code    86  f2d.o(x$fpl$f2d)
    __fpl_fnaninf                            0x08002227   Thumb Code   140  fnaninf.o(x$fpl$fnaninf)
    _fp_init                                 0x080022b3   Thumb Code    10  fpinit.o(x$fpl$fpinit)
    __fplib_config_fpu_vfp                   0x080022bb   Thumb Code     0  fpinit.o(x$fpl$fpinit)
    __fplib_config_pureend_doubles           0x080022bb   Thumb Code     0  fpinit.o(x$fpl$fpinit)
    _printf_fp_dec                           0x080022bd   Thumb Code     4  printf1.o(x$fpl$printf1)
    __I$use$fp                               0x080022c0   Number         0  usenofp.o(x$fpl$usenofp)
    Region$$Table$$Base                      0x08002354   Number         0  anon$$obj.o(Region$$Table)
    Region$$Table$$Limit                     0x08002374   Number         0  anon$$obj.o(Region$$Table)
    UART2_DMAbufferSend                      0x20000004   Data         128  uart2.o(.bss)
    gyroBias                                 0x200000a0   Data          12  mpu6500.o(.bss)
    DEBUG_DATA_OUT                           0x200000ac   Data         256  mpu6500.o(.bss)
    __libspace_start                         0x200001ac   Data          96  libspace.o(.bss)
    __temporary_stack_top$libspace           0x2000020c   Data           0  libspace.o(.bss)



==============================================================================

Memory Map of the image

  Image Entry point : 0x08000251

  Load Region LR_1 (Base: 0x08000000, Size: 0x00002394, Max: 0xffffffff, ABSOLUTE)

    Execution Region ER_RO (Exec base: 0x08000000, Load base: 0x08000000, Size: 0x00002390, Max: 0xffffffff, ABSOLUTE)

    Exec Addr    Load Addr    Size         Type   Attr      Idx    E Section Name        Object

    0x08000000   0x08000000   0x00000198   Data   RO            3    RESET               startup_stm32f411xe.o
    0x08000198   0x08000198   0x00000008   Code   RO          427  * !!!main             c_w.l(__main.o)
    0x080001a0   0x080001a0   0x00000034   Code   RO          647    !!!scatter          c_w.l(__scatter.o)
    0x080001d4   0x080001d4   0x0000001a   Code   RO          649    !!handler_copy      c_w.l(__scatter_copy.o)
    0x080001ee   0x080001ee   0x00000002   PAD
    0x080001f0   0x080001f0   0x0000001c   Code   RO          651    !!handler_zi        c_w.l(__scatter_zi.o)
    0x0800020c   0x0800020c   0x00000000   Code   RO          424    .ARM.Collect$$_printf_percent$$00000000  c_w.l(_printf_percent.o)
    0x0800020c   0x0800020c   0x00000006   Code   RO          423    .ARM.Collect$$_printf_percent$$00000003  c_w.l(_printf_f.o)
    0x08000212   0x08000212   0x00000004   Code   RO          440    .ARM.Collect$$_printf_percent$$00000017  c_w.l(_printf_percent_end.o)
    0x08000216   0x08000216   0x00000002   Code   RO          518    .ARM.Collect$$libinit$$00000000  c_w.l(libinit.o)
    0x08000218   0x08000218   0x00000004   Code   RO          519    .ARM.Collect$$libinit$$00000001  c_w.l(libinit2.o)
    0x0800021c   0x0800021c   0x00000000   Code   RO          522    .ARM.Collect$$libinit$$00000004  c_w.l(libinit2.o)
    0x0800021c   0x0800021c   0x00000000   Code   RO          525    .ARM.Collect$$libinit$$0000000A  c_w.l(libinit2.o)
    0x0800021c   0x0800021c   0x00000000   Code   RO          527    .ARM.Collect$$libinit$$0000000C  c_w.l(libinit2.o)
    0x0800021c   0x0800021c   0x00000000   Code   RO          529    .ARM.Collect$$libinit$$0000000E  c_w.l(libinit2.o)
    0x0800021c   0x0800021c   0x00000006   Code   RO          530    .ARM.Collect$$libinit$$0000000F  c_w.l(libinit2.o)
    0x08000222   0x08000222   0x00000000   Code   RO          532    .ARM.Collect$$libinit$$00000011  c_w.l(libinit2.o)
    0x08000222   0x08000222   0x00000000   Code   RO          534    .ARM.Collect$$libinit$$00000013  c_w.l(libinit2.o)
    0x08000222   0x08000222   0x00000000   Code   RO          536    .ARM.Collect$$libinit$$00000015  c_w.l(libinit2.o)
    0x08000222   0x08000222   0x0000000a   Code   RO          537    .ARM.Collect$$libinit$$00000016  c_w.l(libinit2.o)
    0x0800022c   0x0800022c   0x00000000   Code   RO          538    .ARM.Collect$$libinit$$00000017  c_w.l(libinit2.o)
    0x0800022c   0x0800022c   0x00000000   Code   RO          540    .ARM.Collect$$libinit$$00000019  c_w.l(libinit2.o)
    0x0800022c   0x0800022c   0x00000000   Code   RO          542    .ARM.Collect$$libinit$$0000001B  c_w.l(libinit2.o)
    0x0800022c   0x0800022c   0x00000000   Code   RO          544    .ARM.Collect$$libinit$$0000001D  c_w.l(libinit2.o)
    0x0800022c   0x0800022c   0x00000000   Code   RO          546    .ARM.Collect$$libinit$$0000001F  c_w.l(libinit2.o)
    0x0800022c   0x0800022c   0x00000000   Code   RO          548    .ARM.Collect$$libinit$$00000021  c_w.l(libinit2.o)
    0x0800022c   0x0800022c   0x00000000   Code   RO          550    .ARM.Collect$$libinit$$00000023  c_w.l(libinit2.o)
    0x0800022c   0x0800022c   0x00000000   Code   RO          552    .ARM.Collect$$libinit$$00000025  c_w.l(libinit2.o)
    0x0800022c   0x0800022c   0x00000000   Code   RO          556    .ARM.Collect$$libinit$$0000002C  c_w.l(libinit2.o)
    0x0800022c   0x0800022c   0x00000000   Code   RO          558    .ARM.Collect$$libinit$$0000002E  c_w.l(libinit2.o)
    0x0800022c   0x0800022c   0x00000000   Code   RO          560    .ARM.Collect$$libinit$$00000030  c_w.l(libinit2.o)
    0x0800022c   0x0800022c   0x00000000   Code   RO          562    .ARM.Collect$$libinit$$00000032  c_w.l(libinit2.o)
    0x0800022c   0x0800022c   0x00000002   Code   RO          563    .ARM.Collect$$libinit$$00000033  c_w.l(libinit2.o)
    0x0800022e   0x0800022e   0x00000002   Code   RO          593    .ARM.Collect$$libshutdown$$00000000  c_w.l(libshutdown.o)
    0x08000230   0x08000230   0x00000000   Code   RO          604    .ARM.Collect$$libshutdown$$00000002  c_w.l(libshutdown2.o)
    0x08000230   0x08000230   0x00000000   Code   RO          606    .ARM.Collect$$libshutdown$$00000004  c_w.l(libshutdown2.o)
    0x08000230   0x08000230   0x00000000   Code   RO          608    .ARM.Collect$$libshutdown$$00000006  c_w.l(libshutdown2.o)
    0x08000230   0x08000230   0x00000000   Code   RO          611    .ARM.Collect$$libshutdown$$00000009  c_w.l(libshutdown2.o)
    0x08000230   0x08000230   0x00000000   Code   RO          614    .ARM.Collect$$libshutdown$$0000000C  c_w.l(libshutdown2.o)
    0x08000230   0x08000230   0x00000000   Code   RO          616    .ARM.Collect$$libshutdown$$0000000E  c_w.l(libshutdown2.o)
    0x08000230   0x08000230   0x00000000   Code   RO          619    .ARM.Collect$$libshutdown$$00000011  c_w.l(libshutdown2.o)
    0x08000230   0x08000230   0x00000002   Code   RO          620    .ARM.Collect$$libshutdown$$00000012  c_w.l(libshutdown2.o)
    0x08000232   0x08000232   0x00000000   Code   RO          433    .ARM.Collect$$rtentry$$00000000  c_w.l(__rtentry.o)
    0x08000232   0x08000232   0x00000000   Code   RO          447    .ARM.Collect$$rtentry$$00000002  c_w.l(__rtentry2.o)
    0x08000232   0x08000232   0x00000006   Code   RO          459    .ARM.Collect$$rtentry$$00000004  c_w.l(__rtentry4.o)
    0x08000238   0x08000238   0x00000000   Code   RO          449    .ARM.Collect$$rtentry$$00000009  c_w.l(__rtentry2.o)
    0x08000238   0x08000238   0x00000004   Code   RO          450    .ARM.Collect$$rtentry$$0000000A  c_w.l(__rtentry2.o)
    0x0800023c   0x0800023c   0x00000000   Code   RO          452    .ARM.Collect$$rtentry$$0000000C  c_w.l(__rtentry2.o)
    0x0800023c   0x0800023c   0x00000008   Code   RO          453    .ARM.Collect$$rtentry$$0000000D  c_w.l(__rtentry2.o)
    0x08000244   0x08000244   0x00000002   Code   RO          564    .ARM.Collect$$rtexit$$00000000  c_w.l(rtexit.o)
    0x08000246   0x08000246   0x00000000   Code   RO          571    .ARM.Collect$$rtexit$$00000002  c_w.l(rtexit2.o)
    0x08000246   0x08000246   0x00000004   Code   RO          572    .ARM.Collect$$rtexit$$00000003  c_w.l(rtexit2.o)
    0x0800024a   0x0800024a   0x00000006   Code   RO          573    .ARM.Collect$$rtexit$$00000004  c_w.l(rtexit2.o)
    0x08000250   0x08000250   0x00000040   Code   RO            4  * .text               startup_stm32f411xe.o
    0x08000290   0x08000290   0x00000028   Code   RO          399    .text               c_w.l(noretval__2sprintf.o)
    0x080002b8   0x080002b8   0x0000010e   Code   RO          411    .text               c_w.l(__printf_wp.o)
    0x080003c6   0x080003c6   0x00000006   Code   RO          425    .text               c_w.l(heapauxi.o)
    0x080003cc   0x080003cc   0x0000041e   Code   RO          434    .text               c_w.l(_printf_fp_dec.o)
    0x080007ea   0x080007ea   0x00000002   PAD
    0x080007ec   0x080007ec   0x00000030   Code   RO          436    .text               c_w.l(_printf_char_common.o)
    0x0800081c   0x0800081c   0x0000000a   Code   RO          438    .text               c_w.l(_sputc.o)
    0x08000826   0x08000826   0x00000002   PAD
    0x08000828   0x08000828   0x00000008   Code   RO          464    .text               c_w.l(rt_locale_intlibspace.o)
    0x08000830   0x08000830   0x0000008a   Code   RO          466    .text               c_w.l(lludiv10.o)
    0x080008ba   0x080008ba   0x00000002   PAD
    0x080008bc   0x080008bc   0x00000080   Code   RO          468    .text               c_w.l(_printf_fp_infnan.o)
    0x0800093c   0x0800093c   0x000000e4   Code   RO          472    .text               c_w.l(bigflt0.o)
    0x08000a20   0x08000a20   0x00000008   Code   RO          504    .text               c_w.l(libspace.o)
    0x08000a28   0x08000a28   0x0000004a   Code   RO          507    .text               c_w.l(sys_stackheap_outer.o)
    0x08000a72   0x08000a72   0x00000012   Code   RO          509    .text               c_w.l(exit.o)
    0x08000a84   0x08000a84   0x00000080   Code   RO          511    .text               c_w.l(strcmpv7m.o)
    0x08000b04   0x08000b04   0x0000000c   Code   RO          583    .text               c_w.l(sys_exit.o)
    0x08000b10   0x08000b10   0x00000002   Code   RO          594    .text               c_w.l(use_no_semi.o)
    0x08000b12   0x08000b12   0x00000000   Code   RO          596    .text               c_w.l(indicate_semi.o)
    0x08000b12   0x08000b12   0x0000003e   Code   RO          475    CL$$btod_d2e        c_w.l(btod.o)
    0x08000b50   0x08000b50   0x00000046   Code   RO          477    CL$$btod_d2e_denorm_low  c_w.l(btod.o)
    0x08000b96   0x08000b96   0x00000060   Code   RO          476    CL$$btod_d2e_norm_op1  c_w.l(btod.o)
    0x08000bf6   0x08000bf6   0x00000338   Code   RO          485    CL$$btod_div_common  c_w.l(btod.o)
    0x08000f2e   0x08000f2e   0x000000dc   Code   RO          482    CL$$btod_e2e        c_w.l(btod.o)
    0x0800100a   0x0800100a   0x0000002a   Code   RO          479    CL$$btod_ediv       c_w.l(btod.o)
    0x08001034   0x08001034   0x0000002a   Code   RO          478    CL$$btod_emul       c_w.l(btod.o)
    0x0800105e   0x0800105e   0x00000244   Code   RO          484    CL$$btod_mult_common  c_w.l(btod.o)
    0x080012a2   0x080012a2   0x00000034   Code   RO          312    i.Accel_Init        mpu6500.o
    0x080012d6   0x080012d6   0x00000002   PAD
    0x080012d8   0x080012d8   0x00000040   Code   RO          229    i.DMA1_Stream5_IRQHandler  uart2.o
    0x08001318   0x08001318   0x00000034   Code   RO          313    i.EXTI9_5_IRQHandler  mpu6500.o
    0x0800134c   0x0800134c   0x00000054   Code   RO          314    i.EXTI_Init         mpu6500.o
    0x080013a0   0x080013a0   0x00000044   Code   RO           74    i.GPIO_Init         main.o
    0x080013e4   0x080013e4   0x000000d8   Code   RO          182    i.GPIO_Init         spi2.o
    0x080014bc   0x080014bc   0x00000068   Code   RO          230    i.GPIO_Init         uart2.o
    0x08001524   0x08001524   0x00000034   Code   RO          315    i.Gyro_Init         mpu6500.o
    0x08001558   0x08001558   0x00000064   Code   RO          316    i.Interrupt_Init    mpu6500.o
    0x080015bc   0x080015bc   0x00000040   Code   RO          318    i.MPU6500_Init      mpu6500.o
    0x080015fc   0x080015fc   0x00000070   Code   RO          319    i.MPU6500_Read      mpu6500.o
    0x0800166c   0x0800166c   0x00000016   Code   RO          231    i.NVIC_EnableIRQ    uart2.o
    0x08001682   0x08001682   0x000000c4   Code   RO          320    i.PowerUp           mpu6500.o
    0x08001746   0x08001746   0x00000002   PAD
    0x08001748   0x08001748   0x000000c8   Code   RO           75    i.RCC_Init          main.o
    0x08001810   0x08001810   0x00000084   Code   RO          183    i.SPI2_BurstRead    spi2.o
    0x08001894   0x08001894   0x00000084   Code   RO          184    i.SPI2_Init         spi2.o
    0x08001918   0x08001918   0x00000078   Code   RO          185    i.SPI2_ReadWriteReg  spi2.o
    0x08001990   0x08001990   0x0000009c   Code   RO           13    i.SetSysClock       system_stm32f4xx.o
    0x08001a2c   0x08001a2c   0x00000068   Code   RO           15    i.SystemInit        system_stm32f4xx.o
    0x08001a94   0x08001a94   0x00000044   Code   RO          130    i.TIM11_delay_us_init  timer_delays.o
    0x08001ad8   0x08001ad8   0x0000008c   Code   RO          132    i.TIM9_2_delay_ms_init  timer_delays.o
    0x08001b64   0x08001b64   0x00000012   Code   RO          133    i.TIM_DelaysInit    timer_delays.o
    0x08001b76   0x08001b76   0x00000002   PAD
    0x08001b78   0x08001b78   0x000001f8   Code   RO          232    i.UART2_DMA1_Init   uart2.o
    0x08001d70   0x08001d70   0x00000030   Code   RO          233    i.UART2_DMA_Send    uart2.o
    0x08001da0   0x08001da0   0x00000050   Code   RO          234    i.UART2_Init        uart2.o
    0x08001df0   0x08001df0   0x0000000c   Code   RO          238    i.USART2_IRQHandler  uart2.o
    0x08001dfc   0x08001dfc   0x00000030   Code   RO          502    i.__ARM_fpclassify  m_wm.l(fpclassify.o)
    0x08001e2c   0x08001e2c   0x0000000e   Code   RO          413    i._is_digit         c_w.l(__printf_wp.o)
    0x08001e3a   0x08001e3a   0x00000002   PAD
    0x08001e3c   0x08001e3c   0x0000015c   Code   RO          321    i.calibrate         mpu6500.o
    0x08001f98   0x08001f98   0x0000001c   Code   RO          134    i.delay_ms          timer_delays.o
    0x08001fb4   0x08001fb4   0x00000018   Code   RO          135    i.delay_us          timer_delays.o
    0x08001fcc   0x08001fcc   0x000001cc   Code   RO           76    i.main              main.o
    0x08002198   0x08002198   0x0000002c   Code   RO          498    locale$$code        c_w.l(lc_numeric_c.o)
    0x080021c4   0x080021c4   0x0000000c   Code   RO          441    x$fpl$dretinf       fz_wm.l(dretinf.o)
    0x080021d0   0x080021d0   0x00000056   Code   RO          429    x$fpl$f2d           fz_wm.l(f2d.o)
    0x08002226   0x08002226   0x0000008c   Code   RO          443    x$fpl$fnaninf       fz_wm.l(fnaninf.o)
    0x080022b2   0x080022b2   0x0000000a   Code   RO          568    x$fpl$fpinit        fz_wm.l(fpinit.o)
    0x080022bc   0x080022bc   0x00000004   Code   RO          431    x$fpl$printf1       fz_wm.l(printf1.o)
    0x080022c0   0x080022c0   0x00000000   Code   RO          445    x$fpl$usenofp       fz_wm.l(usenofp.o)
    0x080022c0   0x080022c0   0x00000094   Data   RO          473    .constdata          c_w.l(bigflt0.o)
    0x08002354   0x08002354   0x00000020   Data   RO          645    Region$$Table       anon$$obj.o
    0x08002374   0x08002374   0x0000001c   Data   RO          497    locale$$data        c_w.l(lc_numeric_c.o)


    Execution Region ER_RW (Exec base: 0x20000000, Load base: 0x08002390, Size: 0x00000004, Max: 0xffffffff, ABSOLUTE)

    Exec Addr    Load Addr    Size         Type   Attr      Idx    E Section Name        Object

    0x20000000   0x08002390   0x00000001   Data   RW          240    .data               uart2.o
    0x20000001   0x08002391   0x00000002   Data   RW          325    .data               mpu6500.o


    Execution Region ER_ZI (Exec base: 0x20000004, Load base: 0x08002394, Size: 0x0000080c, Max: 0xffffffff, ABSOLUTE)

    Exec Addr    Load Addr    Size         Type   Attr      Idx    E Section Name        Object

    0x20000004        -       0x00000080   Zero   RW          239    .bss                uart2.o
    0x20000084        -       0x00000128   Zero   RW          324    .bss                mpu6500.o
    0x200001ac        -       0x00000060   Zero   RW          505    .bss                c_w.l(libspace.o)
    0x2000020c   0x08002394   0x00000004   PAD
    0x20000210        -       0x00000200   Zero   RW            2    HEAP                startup_stm32f411xe.o
    0x20000410        -       0x00000400   Zero   RW            1    STACK               startup_stm32f411xe.o


==============================================================================

Image component sizes


      Code (inc. data)   RO Data    RW Data    ZI Data      Debug   Object Name

       728        100          0          0          0       1682   main.o
      1060         66          0          2        296       8097   mpu6500.o
       600         36          0          0          0       2857   spi2.o
        64         26        408          0       1536        900   startup_stm32f411xe.o
       260         34          0          0          0     212149   system_stm32f4xx.o
       278         26          0          0          0       2727   timer_delays.o
       834         54          0          1        128      30433   uart2.o

    ----------------------------------------------------------------------
      3830        342        440          4       1960     258845   Object Totals
         0          0         32          0          0          0   (incl. Generated)
         6          0          0          1          0          0   (incl. Padding)

    ----------------------------------------------------------------------

      Code (inc. data)   RO Data    RW Data    ZI Data      Debug   Library Member Name

         8          0          0          0          0         68   __main.o
       284          0          0          0          0        156   __printf_wp.o
         0          0          0          0          0          0   __rtentry.o
        12          0          0          0          0          0   __rtentry2.o
         6          0          0          0          0          0   __rtentry4.o
        52          8          0          0          0          0   __scatter.o
        26          0          0          0          0          0   __scatter_copy.o
        28          0          0          0          0          0   __scatter_zi.o
        48          6          0          0          0         96   _printf_char_common.o
         6          0          0          0          0          0   _printf_f.o
      1054          0          0          0          0        216   _printf_fp_dec.o
       128         16          0          0          0         84   _printf_fp_infnan.o
         0          0          0          0          0          0   _printf_percent.o
         4          0          0          0          0          0   _printf_percent_end.o
        10          0          0          0          0         68   _sputc.o
       228          4        148          0          0         96   bigflt0.o
      1936        128          0          0          0        672   btod.o
        18          0          0          0          0         80   exit.o
         6          0          0          0          0        152   heapauxi.o
         0          0          0          0          0          0   indicate_semi.o
        44         10         28          0          0         76   lc_numeric_c.o
         2          0          0          0          0          0   libinit.o
        22          0          0          0          0          0   libinit2.o
         2          0          0          0          0          0   libshutdown.o
         2          0          0          0          0          0   libshutdown2.o
         8          4          0          0         96         68   libspace.o
       138          0          0          0          0         80   lludiv10.o
        40          6          0          0          0         84   noretval__2sprintf.o
         8          4          0          0          0         68   rt_locale_intlibspace.o
         2          0          0          0          0          0   rtexit.o
        10          0          0          0          0          0   rtexit2.o
       128          0          0          0          0         68   strcmpv7m.o
        12          4          0          0          0         68   sys_exit.o
        74          0          0          0          0         80   sys_stackheap_outer.o
         2          0          0          0          0         68   use_no_semi.o
        12          0          0          0          0        116   dretinf.o
        86          4          0          0          0        132   f2d.o
       140          4          0          0          0        132   fnaninf.o
        10          0          0          0          0        116   fpinit.o
         4          0          0          0          0        116   printf1.o
         0          0          0          0          0          0   usenofp.o
        48          0          0          0          0        124   fpclassify.o

    ----------------------------------------------------------------------
      4658        198        176          0        100       3084   Library Totals
        10          0          0          0          4          0   (incl. Padding)

    ----------------------------------------------------------------------

      Code (inc. data)   RO Data    RW Data    ZI Data      Debug   Library Name

      4348        190        176          0         96       2348   c_w.l
       252          8          0          0          0        612   fz_wm.l
        48          0          0          0          0        124   m_wm.l

    ----------------------------------------------------------------------
      4658        198        176          0        100       3084   Library Totals

    ----------------------------------------------------------------------

==============================================================================


      Code (inc. data)   RO Data    RW Data    ZI Data      Debug   

      8488        540        616          4       2060     257781   Grand Totals
      8488        540        616          4       2060     257781   ELF Image Totals
      8488        540        616          4          0          0   ROM Totals

==============================================================================

    Total RO  Size (Code + RO Data)                 9104 (   8.89kB)
    Total RW  Size (RW Data + ZI Data)              2064 (   2.02kB)
    Total ROM Size (Code + RO Data + RW Data)       9108 (   8.89kB)

==============================================================================

