Component: ARM Compiler 5.06 update 7 (build 960) Tool: armlink [4d3601]

==============================================================================

Section Cross References

    startup_stm32f411xe.o(STACK) refers (Special) to heapauxi.o(.text) for __use_two_region_memory
    startup_stm32f411xe.o(HEAP) refers (Special) to heapauxi.o(.text) for __use_two_region_memory
    startup_stm32f411xe.o(RESET) refers (Special) to heapauxi.o(.text) for __use_two_region_memory
    startup_stm32f411xe.o(RESET) refers to startup_stm32f411xe.o(STACK) for __initial_sp
    startup_stm32f411xe.o(RESET) refers to startup_stm32f411xe.o(.text) for Reset_Handler
    startup_stm32f411xe.o(RESET) refers to adc.o(i.ADC_IRQHandler) for ADC_IRQHandler
    startup_stm32f411xe.o(RESET) refers to uart1.o(i.DMA2_Stream2_IRQHandler) for DMA2_Stream2_IRQHandler
    startup_stm32f411xe.o(.text) refers (Special) to heapauxi.o(.text) for __use_two_region_memory
    startup_stm32f411xe.o(.text) refers to system_stm32f4xx.o(i.SystemInit) for SystemInit
    startup_stm32f411xe.o(.text) refers to __main.o(!!!main) for __main
    startup_stm32f411xe.o(.text) refers to startup_stm32f411xe.o(HEAP) for Heap_Mem
    startup_stm32f411xe.o(.text) refers to startup_stm32f411xe.o(STACK) for Stack_Mem
    system_stm32f4xx.o(i.SystemCoreClockUpdate) refers to system_stm32f4xx.o(.data) for SystemCoreClock
    system_stm32f4xx.o(i.SystemInit) refers to system_stm32f4xx.o(i.SetSysClock) for SetSysClock
    encoder.o(i.Encoder_Init) refers to encoder.o(i.GPIO_Init) for GPIO_Init
    main.o(i.main) refers to main.o(i.RCC_Init) for RCC_Init
    main.o(i.main) refers to timer_delays.o(i.TIM_DelaysInit) for TIM_DelaysInit
    main.o(i.main) refers to motors.o(i.Motors_Init) for Motors_Init
    main.o(i.main) refers to uart1.o(i.UART1_Init) for UART1_Init
    main.o(i.main) refers to adc.o(i.ADC_Init) for ADC_Init
    main.o(i.main) refers to i2c1.o(i.I2C1_Init) for I2C1_Init
    main.o(i.main) refers to mpu6050.o(i.MPU6050_Init) for MPU6050_Init
    main.o(i.main) refers to encoder.o(i.Encoder_Init) for Encoder_Init
    main.o(i.main) refers to mpu6050.o(i.MPU6050_IsDataReady) for MPU6050_IsDataReady
    main.o(i.main) refers to mpu6050.o(i.MPU6050_ReadRawData) for MPU6050_ReadRawData
    main.o(i.main) refers to mpu6050.o(i.MPU6050_WaitUntilDataIsReceived) for MPU6050_WaitUntilDataIsReceived
    main.o(i.main) refers to mpu6050.o(i.MPU6050_Read) for MPU6050_Read
    main.o(i.main) refers to f2d.o(x$fpl$f2d) for __aeabi_f2d
    main.o(i.main) refers to dmul.o(x$fpl$dmul) for __aeabi_dmul
    main.o(i.main) refers to daddsub_clz.o(x$fpl$dadd) for __aeabi_dadd
    main.o(i.main) refers to d2f.o(x$fpl$d2f) for __aeabi_d2f
    main.o(i.main) refers to adc.o(i.ADC_ReadSensors) for ADC_ReadSensors
    main.o(i.main) refers to uart1.o(i.UART1_DMA_Send) for UART1_DMA_Send
    main.o(i.main) refers to adc.o(i.ADC_ReadBattery) for ADC_ReadBattery
    main.o(i.main) refers to uart1.o(i.UART1_ReadDMAdataRX) for UART1_ReadDMAdataRX
    main.o(i.main) refers to motors.o(i.Motors_Control) for Motors_Control
    main.o(i.main) refers to main.o(.bss) for gyro
    main.o(i.main) refers to main.o(.data) for angle
    main.o(i.main) refers to adc.o(.data) for ADC_bat
    main.o(i.main) refers to uart1.o(.data) for UART1_DMAbufferTX
    main.o(i.main) refers to adc.o(.bss) for ADC_data
    uart1.o(i.DMA2_Stream2_IRQHandler) refers to uart1.o(.data) for UART1_DMAdataRXisReady
    uart1.o(i.UART1_DMA2_Init) refers to uart1.o(.data) for UART1_DMAbufferRX
    uart1.o(i.UART1_Init) refers to uart1.o(i.GPIO_Init) for GPIO_Init
    uart1.o(i.UART1_Init) refers to uart1.o(i.UART1_DMA2_Init) for UART1_DMA2_Init
    uart1.o(i.UART1_ReadDMAdataRX) refers to uart1.o(.data) for UART1_DMAdataRXisReady
    motors.o(i.Motors_Control) refers to motors.o(i.Motors_ML) for Motors_ML
    motors.o(i.Motors_Control) refers to motors.o(i.Motors_MR) for Motors_MR
    motors.o(i.Motors_Init) refers to motors.o(i.GPIO_Init) for GPIO_Init
    adc.o(i.ADC_Init) refers to adc.o(i.GPIO_Init) for GPIO_Init
    adc.o(i.ADC_ReadBattery) refers to adc.o(.data) for ADC_bat
    adc.o(i.ADC_ReadSensors) refers to timer_delays.o(i.delay_us) for delay_us
    adc.o(i.ADC_ReadSensors) refers to adc.o(.bss) for ADC_data
    mpu6050.o(i.ClearBits) refers to i2c1.o(i.I2C1_ReadReg) for I2C1_ReadReg
    mpu6050.o(i.ClearBits) refers to i2c1.o(i.I2C1_WriteReg) for I2C1_WriteReg
    mpu6050.o(i.Interrupt_Init) refers to mpu6050.o(i.SetBits) for SetBits
    mpu6050.o(i.Interrupt_Init) refers to mpu6050.o(i.GPIO_Init) for GPIO_Init
    mpu6050.o(i.MPU6050_Calibration) refers to mpu6050.o(i.ClearBits) for ClearBits
    mpu6050.o(i.MPU6050_Calibration) refers to mpu6050.o(i.SetBits) for SetBits
    mpu6050.o(i.MPU6050_Calibration) refers to mpu6050.o(i.MPU6050_IsDataReady) for MPU6050_IsDataReady
    mpu6050.o(i.MPU6050_Calibration) refers to mpu6050.o(i.MPU6050_ReadRawData) for MPU6050_ReadRawData
    mpu6050.o(i.MPU6050_Calibration) refers to mpu6050.o(i.MPU6050_WaitUntilDataIsReceived) for MPU6050_WaitUntilDataIsReceived
    mpu6050.o(i.MPU6050_Calibration) refers to mpu6050.o(.data) for rawDataMPU6050
    mpu6050.o(i.MPU6050_Init) refers to i2c1.o(i.I2C1_WriteReg) for I2C1_WriteReg
    mpu6050.o(i.MPU6050_Init) refers to timer_delays.o(i.delay_us) for delay_us
    mpu6050.o(i.MPU6050_Init) refers to mpu6050.o(i.Interrupt_Init) for Interrupt_Init
    mpu6050.o(i.MPU6050_Init) refers to mpu6050.o(i.SetBits) for SetBits
    mpu6050.o(i.MPU6050_Init) refers to mpu6050.o(i.MPU6050_Calibration) for MPU6050_Calibration
    mpu6050.o(i.MPU6050_Read) refers to mpu6050.o(.data) for rawDataMPU6050
    mpu6050.o(i.MPU6050_ReadRawData) refers to i2c1.o(i.I2C1_ReadBurst) for I2C1_ReadBurst
    mpu6050.o(i.MPU6050_ReadRawData) refers to mpu6050.o(.data) for rawDataMPU6050
    mpu6050.o(i.SetBits) refers to i2c1.o(i.I2C1_ReadReg) for I2C1_ReadReg
    mpu6050.o(i.SetBits) refers to i2c1.o(i.I2C1_WriteReg) for I2C1_WriteReg
    i2c1.o(i.DMA_Init) refers to i2c1.o(.bss) for dmaBufferReceive
    i2c1.o(i.I2C1_Init) refers to timer_delays.o(i.delay_us) for delay_us
    i2c1.o(i.I2C1_Init) refers to i2c1.o(i.GPIO_Init) for GPIO_Init
    i2c1.o(i.I2C1_Init) refers to i2c1.o(i.DMA_Init) for DMA_Init
    i2c1.o(i.I2C1_ReadBurst) refers to i2c1.o(i.I2C1_SendByte) for I2C1_SendByte
    i2c1.o(i.I2C1_ReadReg) refers to i2c1.o(i.I2C1_SendByte) for I2C1_SendByte
    i2c1.o(i.I2C1_ReadReg) refers to i2c1.o(i.I2C1_ReceiveByte) for I2C1_ReceiveByte
    i2c1.o(i.I2C1_Scan) refers to timer_delays.o(i.delay_us) for delay_us
    i2c1.o(i.I2C1_ScanAddrs) refers to timer_delays.o(i.delay_us) for delay_us
    i2c1.o(i.I2C1_Search) refers to timer_delays.o(i.delay_us) for delay_us
    i2c1.o(i.I2C1_WriteBurst) refers to i2c1.o(i.I2C1_SendByte) for I2C1_SendByte
    i2c1.o(i.I2C1_WriteReg) refers to i2c1.o(i.I2C1_SendByte) for I2C1_SendByte
    __main.o(!!!main) refers to __rtentry.o(.ARM.Collect$$rtentry$$00000000) for __rt_entry
    d2f.o(x$fpl$d2f) refers (Special) to usenofp.o(x$fpl$usenofp) for __I$use$fp
    d2f.o(x$fpl$d2f) refers to fretinf.o(x$fpl$fretinf) for __fpl_fretinf
    d2f.o(x$fpl$d2f) refers to dnaninf.o(x$fpl$dnaninf) for __fpl_dnaninf
    daddsub_clz.o(x$fpl$dadd) refers (Special) to usenofp.o(x$fpl$usenofp) for __I$use$fp
    daddsub_clz.o(x$fpl$dadd) refers to daddsub_clz.o(x$fpl$dsub) for _dsub1
    daddsub_clz.o(x$fpl$dadd) refers to dretinf.o(x$fpl$dretinf) for __fpl_dretinf
    daddsub_clz.o(x$fpl$dadd) refers to dnaninf.o(x$fpl$dnaninf) for __fpl_dnaninf
    daddsub_clz.o(x$fpl$drsb) refers (Special) to usenofp.o(x$fpl$usenofp) for __I$use$fp
    daddsub_clz.o(x$fpl$drsb) refers to daddsub_clz.o(x$fpl$dadd) for _dadd1
    daddsub_clz.o(x$fpl$drsb) refers to daddsub_clz.o(x$fpl$dsub) for _dsub1
    daddsub_clz.o(x$fpl$dsub) refers (Special) to usenofp.o(x$fpl$usenofp) for __I$use$fp
    daddsub_clz.o(x$fpl$dsub) refers to daddsub_clz.o(x$fpl$dadd) for _dadd1
    daddsub_clz.o(x$fpl$dsub) refers to dnaninf.o(x$fpl$dnaninf) for __fpl_dnaninf
    dmul.o(x$fpl$dmul) refers (Special) to usenofp.o(x$fpl$usenofp) for __I$use$fp
    dmul.o(x$fpl$dmul) refers to dretinf.o(x$fpl$dretinf) for __fpl_dretinf
    dmul.o(x$fpl$dmul) refers to dnaninf.o(x$fpl$dnaninf) for __fpl_dnaninf
    f2d.o(x$fpl$f2d) refers (Special) to usenofp.o(x$fpl$usenofp) for __I$use$fp
    f2d.o(x$fpl$f2d) refers to fnaninf.o(x$fpl$fnaninf) for __fpl_fnaninf
    f2d.o(x$fpl$f2d) refers to dretinf.o(x$fpl$dretinf) for __fpl_dretinf
    __rtentry.o(.ARM.Collect$$rtentry$$00000000) refers (Special) to __rtentry2.o(.ARM.Collect$$rtentry$$0000000A) for __rt_entry_li
    __rtentry.o(.ARM.Collect$$rtentry$$00000000) refers (Special) to __rtentry2.o(.ARM.Collect$$rtentry$$0000000D) for __rt_entry_main
    __rtentry.o(.ARM.Collect$$rtentry$$00000000) refers (Special) to __rtentry2.o(.ARM.Collect$$rtentry$$0000000C) for __rt_entry_postli_1
    __rtentry.o(.ARM.Collect$$rtentry$$00000000) refers (Special) to __rtentry2.o(.ARM.Collect$$rtentry$$00000009) for __rt_entry_postsh_1
    __rtentry.o(.ARM.Collect$$rtentry$$00000000) refers (Special) to __rtentry2.o(.ARM.Collect$$rtentry$$00000002) for __rt_entry_presh_1
    __rtentry.o(.ARM.Collect$$rtentry$$00000000) refers (Special) to __rtentry4.o(.ARM.Collect$$rtentry$$00000004) for __rt_entry_sh
    dnaninf.o(x$fpl$dnaninf) refers (Special) to usenofp.o(x$fpl$usenofp) for __I$use$fp
    dretinf.o(x$fpl$dretinf) refers (Special) to usenofp.o(x$fpl$usenofp) for __I$use$fp
    fnaninf.o(x$fpl$fnaninf) refers (Special) to usenofp.o(x$fpl$usenofp) for __I$use$fp
    fretinf.o(x$fpl$fretinf) refers (Special) to usenofp.o(x$fpl$usenofp) for __I$use$fp
    __rtentry2.o(.ARM.Collect$$rtentry$$00000008) refers to boardinit2.o(.text) for _platform_post_stackheap_init
    __rtentry2.o(.ARM.Collect$$rtentry$$0000000A) refers to libinit.o(.ARM.Collect$$libinit$$00000000) for __rt_lib_init
    __rtentry2.o(.ARM.Collect$$rtentry$$0000000B) refers to boardinit3.o(.text) for _platform_post_lib_init
    __rtentry2.o(.ARM.Collect$$rtentry$$0000000D) refers to main.o(i.main) for main
    __rtentry2.o(.ARM.Collect$$rtentry$$0000000D) refers to exit.o(.text) for exit
    __rtentry2.o(.ARM.exidx) refers to __rtentry2.o(.ARM.Collect$$rtentry$$00000001) for .ARM.Collect$$rtentry$$00000001
    __rtentry2.o(.ARM.exidx) refers to __rtentry2.o(.ARM.Collect$$rtentry$$00000008) for .ARM.Collect$$rtentry$$00000008
    __rtentry2.o(.ARM.exidx) refers to __rtentry2.o(.ARM.Collect$$rtentry$$0000000A) for .ARM.Collect$$rtentry$$0000000A
    __rtentry2.o(.ARM.exidx) refers to __rtentry2.o(.ARM.Collect$$rtentry$$0000000B) for .ARM.Collect$$rtentry$$0000000B
    __rtentry2.o(.ARM.exidx) refers to __rtentry2.o(.ARM.Collect$$rtentry$$0000000D) for .ARM.Collect$$rtentry$$0000000D
    __rtentry4.o(.ARM.Collect$$rtentry$$00000004) refers to sys_stackheap_outer.o(.text) for __user_setup_stackheap
    __rtentry4.o(.ARM.exidx) refers to __rtentry4.o(.ARM.Collect$$rtentry$$00000004) for .ARM.Collect$$rtentry$$00000004
    sys_stackheap_outer.o(.text) refers to libspace.o(.text) for __user_perproc_libspace
    sys_stackheap_outer.o(.text) refers to startup_stm32f411xe.o(.text) for __user_initial_stackheap
    exit.o(.text) refers to rtexit.o(.ARM.Collect$$rtexit$$00000000) for __rt_exit
    libinit.o(.ARM.Collect$$libinit$$00000000) refers (Special) to libinit2.o(.ARM.Collect$$libinit$$0000002E) for __rt_lib_init_alloca_1
    libinit.o(.ARM.Collect$$libinit$$00000000) refers (Special) to libinit2.o(.ARM.Collect$$libinit$$0000002C) for __rt_lib_init_argv_1
    libinit.o(.ARM.Collect$$libinit$$00000000) refers (Special) to libinit2.o(.ARM.Collect$$libinit$$0000001B) for __rt_lib_init_atexit_1
    libinit.o(.ARM.Collect$$libinit$$00000000) refers (Special) to libinit2.o(.ARM.Collect$$libinit$$00000021) for __rt_lib_init_clock_1
    libinit.o(.ARM.Collect$$libinit$$00000000) refers (Special) to libinit2.o(.ARM.Collect$$libinit$$00000032) for __rt_lib_init_cpp_1
    libinit.o(.ARM.Collect$$libinit$$00000000) refers (Special) to libinit2.o(.ARM.Collect$$libinit$$00000030) for __rt_lib_init_exceptions_1
    libinit.o(.ARM.Collect$$libinit$$00000000) refers (Special) to libinit2.o(.ARM.Collect$$libinit$$00000001) for __rt_lib_init_fp_1
    libinit.o(.ARM.Collect$$libinit$$00000000) refers (Special) to libinit2.o(.ARM.Collect$$libinit$$0000001F) for __rt_lib_init_fp_trap_1
    libinit.o(.ARM.Collect$$libinit$$00000000) refers (Special) to libinit2.o(.ARM.Collect$$libinit$$00000023) for __rt_lib_init_getenv_1
    libinit.o(.ARM.Collect$$libinit$$00000000) refers (Special) to libinit2.o(.ARM.Collect$$libinit$$0000000A) for __rt_lib_init_heap_1
    libinit.o(.ARM.Collect$$libinit$$00000000) refers (Special) to libinit2.o(.ARM.Collect$$libinit$$00000011) for __rt_lib_init_lc_collate_1
    libinit.o(.ARM.Collect$$libinit$$00000000) refers (Special) to libinit2.o(.ARM.Collect$$libinit$$00000013) for __rt_lib_init_lc_ctype_1
    libinit.o(.ARM.Collect$$libinit$$00000000) refers (Special) to libinit2.o(.ARM.Collect$$libinit$$00000015) for __rt_lib_init_lc_monetary_1
    libinit.o(.ARM.Collect$$libinit$$00000000) refers (Special) to libinit2.o(.ARM.Collect$$libinit$$00000017) for __rt_lib_init_lc_numeric_1
    libinit.o(.ARM.Collect$$libinit$$00000000) refers (Special) to libinit2.o(.ARM.Collect$$libinit$$00000019) for __rt_lib_init_lc_time_1
    libinit.o(.ARM.Collect$$libinit$$00000000) refers (Special) to libinit2.o(.ARM.Collect$$libinit$$00000004) for __rt_lib_init_preinit_1
    libinit.o(.ARM.Collect$$libinit$$00000000) refers (Special) to libinit2.o(.ARM.Collect$$libinit$$0000000E) for __rt_lib_init_rand_1
    libinit.o(.ARM.Collect$$libinit$$00000000) refers (Special) to libinit2.o(.ARM.Collect$$libinit$$00000033) for __rt_lib_init_return
    libinit.o(.ARM.Collect$$libinit$$00000000) refers (Special) to libinit2.o(.ARM.Collect$$libinit$$0000001D) for __rt_lib_init_signal_1
    libinit.o(.ARM.Collect$$libinit$$00000000) refers (Special) to libinit2.o(.ARM.Collect$$libinit$$00000025) for __rt_lib_init_stdio_1
    libinit.o(.ARM.Collect$$libinit$$00000000) refers (Special) to libinit2.o(.ARM.Collect$$libinit$$0000000C) for __rt_lib_init_user_alloc_1
    libspace.o(.text) refers to libspace.o(.bss) for __libspace_start
    rtexit.o(.ARM.Collect$$rtexit$$00000000) refers (Special) to rtexit2.o(.ARM.Collect$$rtexit$$00000004) for __rt_exit_exit
    rtexit.o(.ARM.Collect$$rtexit$$00000000) refers (Special) to rtexit2.o(.ARM.Collect$$rtexit$$00000003) for __rt_exit_ls
    rtexit.o(.ARM.Collect$$rtexit$$00000000) refers (Special) to rtexit2.o(.ARM.Collect$$rtexit$$00000002) for __rt_exit_prels_1
    rtexit.o(.ARM.exidx) refers (Special) to rtexit2.o(.ARM.Collect$$rtexit$$00000004) for __rt_exit_exit
    rtexit.o(.ARM.exidx) refers (Special) to rtexit2.o(.ARM.Collect$$rtexit$$00000003) for __rt_exit_ls
    rtexit.o(.ARM.exidx) refers (Special) to rtexit2.o(.ARM.Collect$$rtexit$$00000002) for __rt_exit_prels_1
    rtexit.o(.ARM.exidx) refers to rtexit.o(.ARM.Collect$$rtexit$$00000000) for .ARM.Collect$$rtexit$$00000000
    libinit2.o(.ARM.Collect$$libinit$$00000001) refers to fpinit.o(x$fpl$fpinit) for _fp_init
    libinit2.o(.ARM.Collect$$libinit$$00000010) refers to libinit2.o(.ARM.Collect$$libinit$$0000000F) for .ARM.Collect$$libinit$$0000000F
    libinit2.o(.ARM.Collect$$libinit$$00000012) refers to libinit2.o(.ARM.Collect$$libinit$$0000000F) for .ARM.Collect$$libinit$$0000000F
    libinit2.o(.ARM.Collect$$libinit$$00000014) refers to libinit2.o(.ARM.Collect$$libinit$$0000000F) for .ARM.Collect$$libinit$$0000000F
    libinit2.o(.ARM.Collect$$libinit$$00000016) refers to libinit2.o(.ARM.Collect$$libinit$$0000000F) for .ARM.Collect$$libinit$$0000000F
    libinit2.o(.ARM.Collect$$libinit$$00000018) refers to libinit2.o(.ARM.Collect$$libinit$$0000000F) for .ARM.Collect$$libinit$$0000000F
    libinit2.o(.ARM.Collect$$libinit$$00000026) refers to argv_veneer.o(.emb_text) for __ARM_argv_veneer
    libinit2.o(.ARM.Collect$$libinit$$00000027) refers to argv_veneer.o(.emb_text) for __ARM_argv_veneer
    rtexit2.o(.ARM.Collect$$rtexit$$00000003) refers to libshutdown.o(.ARM.Collect$$libshutdown$$00000000) for __rt_lib_shutdown
    rtexit2.o(.ARM.Collect$$rtexit$$00000004) refers to sys_exit.o(.text) for _sys_exit
    rtexit2.o(.ARM.exidx) refers to rtexit2.o(.ARM.Collect$$rtexit$$00000001) for .ARM.Collect$$rtexit$$00000001
    rtexit2.o(.ARM.exidx) refers to rtexit2.o(.ARM.Collect$$rtexit$$00000003) for .ARM.Collect$$rtexit$$00000003
    rtexit2.o(.ARM.exidx) refers to rtexit2.o(.ARM.Collect$$rtexit$$00000004) for .ARM.Collect$$rtexit$$00000004
    argv_veneer.o(.emb_text) refers to no_argv.o(.text) for __ARM_get_argv
    sys_exit.o(.text) refers (Special) to use_no_semi.o(.text) for __I$use$semihosting
    sys_exit.o(.text) refers (Special) to indicate_semi.o(.text) for __semihosting_library_function
    _get_argv_nomalloc.o(.text) refers (Special) to hrguard.o(.text) for __heap_region$guard
    _get_argv_nomalloc.o(.text) refers to defsig_rtmem_outer.o(.text) for __rt_SIGRTMEM
    _get_argv_nomalloc.o(.text) refers to sys_command.o(.text) for _sys_command_string
    libshutdown.o(.ARM.Collect$$libshutdown$$00000000) refers (Special) to libshutdown2.o(.ARM.Collect$$libshutdown$$00000004) for __rt_lib_shutdown_cpp_1
    libshutdown.o(.ARM.Collect$$libshutdown$$00000000) refers (Special) to libshutdown2.o(.ARM.Collect$$libshutdown$$00000002) for __rt_lib_shutdown_fini_1
    libshutdown.o(.ARM.Collect$$libshutdown$$00000000) refers (Special) to libshutdown2.o(.ARM.Collect$$libshutdown$$00000009) for __rt_lib_shutdown_fp_trap_1
    libshutdown.o(.ARM.Collect$$libshutdown$$00000000) refers (Special) to libshutdown2.o(.ARM.Collect$$libshutdown$$00000011) for __rt_lib_shutdown_heap_1
    libshutdown.o(.ARM.Collect$$libshutdown$$00000000) refers (Special) to libshutdown2.o(.ARM.Collect$$libshutdown$$00000012) for __rt_lib_shutdown_return
    libshutdown.o(.ARM.Collect$$libshutdown$$00000000) refers (Special) to libshutdown2.o(.ARM.Collect$$libshutdown$$0000000C) for __rt_lib_shutdown_signal_1
    libshutdown.o(.ARM.Collect$$libshutdown$$00000000) refers (Special) to libshutdown2.o(.ARM.Collect$$libshutdown$$00000006) for __rt_lib_shutdown_stdio_1
    libshutdown.o(.ARM.Collect$$libshutdown$$00000000) refers (Special) to libshutdown2.o(.ARM.Collect$$libshutdown$$0000000E) for __rt_lib_shutdown_user_alloc_1
    sys_command.o(.text) refers (Special) to use_no_semi.o(.text) for __I$use$semihosting
    sys_command.o(.text) refers (Special) to indicate_semi.o(.text) for __semihosting_library_function
    defsig_rtmem_outer.o(.text) refers to defsig_rtmem_inner.o(.text) for __rt_SIGRTMEM_inner
    defsig_rtmem_outer.o(.text) refers to defsig_exit.o(.text) for __sig_exit
    defsig_rtmem_formal.o(.text) refers to rt_raise.o(.text) for __rt_raise
    rt_raise.o(.text) refers to __raise.o(.text) for __raise
    rt_raise.o(.text) refers to sys_exit.o(.text) for _sys_exit
    defsig_exit.o(.text) refers to sys_exit.o(.text) for _sys_exit
    defsig_rtmem_inner.o(.text) refers to defsig_general.o(.text) for __default_signal_display
    __raise.o(.text) refers to defsig.o(CL$$defsig) for __default_signal_handler
    defsig_general.o(.text) refers to sys_wrch.o(.text) for _ttywrch
    sys_wrch.o(.text) refers (Special) to use_no_semi.o(.text) for __I$use$semihosting
    sys_wrch.o(.text) refers (Special) to indicate_semi.o(.text) for __semihosting_library_function
    defsig.o(CL$$defsig) refers to defsig_rtmem_inner.o(.text) for __rt_SIGRTMEM_inner
    defsig_abrt_inner.o(.text) refers to defsig_general.o(.text) for __default_signal_display
    defsig_fpe_inner.o(.text) refers to defsig_general.o(.text) for __default_signal_display
    defsig_rtred_inner.o(.text) refers to defsig_general.o(.text) for __default_signal_display
    defsig_stak_inner.o(.text) refers to defsig_general.o(.text) for __default_signal_display
    defsig_pvfn_inner.o(.text) refers to defsig_general.o(.text) for __default_signal_display
    defsig_cppl_inner.o(.text) refers to defsig_general.o(.text) for __default_signal_display
    defsig_segv_inner.o(.text) refers to defsig_general.o(.text) for __default_signal_display
    defsig_other.o(.text) refers to defsig_general.o(.text) for __default_signal_display


==============================================================================

Removing Unused input sections from the image.

    Removing system_stm32f4xx.o(.rev16_text), (4 bytes).
    Removing system_stm32f4xx.o(.revsh_text), (4 bytes).
    Removing system_stm32f4xx.o(.rrx_text), (6 bytes).
    Removing system_stm32f4xx.o(i.SystemCoreClockUpdate), (168 bytes).
    Removing system_stm32f4xx.o(.data), (20 bytes).
    Removing encoder.o(.rev16_text), (4 bytes).
    Removing encoder.o(.revsh_text), (4 bytes).
    Removing encoder.o(.rrx_text), (6 bytes).
    Removing main.o(.rev16_text), (4 bytes).
    Removing main.o(.revsh_text), (4 bytes).
    Removing main.o(.rrx_text), (6 bytes).
    Removing timer_delays.o(.rev16_text), (4 bytes).
    Removing timer_delays.o(.revsh_text), (4 bytes).
    Removing timer_delays.o(.rrx_text), (6 bytes).
    Removing timer_delays.o(i.delay_ms), (52 bytes).
    Removing uart1.o(.rev16_text), (4 bytes).
    Removing uart1.o(.revsh_text), (4 bytes).
    Removing uart1.o(.rrx_text), (6 bytes).
    Removing uart1.o(i.UART1_ClearTXIntFlag), (48 bytes).
    Removing uart1.o(i.UART1_ReadByte), (28 bytes).
    Removing uart1.o(i.UART1_SendByte), (24 bytes).
    Removing uart1.o(i.UART1_WaitUntilDataIsSend), (36 bytes).
    Removing motors.o(.rev16_text), (4 bytes).
    Removing motors.o(.revsh_text), (4 bytes).
    Removing motors.o(.rrx_text), (6 bytes).
    Removing motors.o(.data), (4 bytes).
    Removing adc.o(.rev16_text), (4 bytes).
    Removing adc.o(.revsh_text), (4 bytes).
    Removing adc.o(.rrx_text), (6 bytes).
    Removing mpu6050.o(.rev16_text), (4 bytes).
    Removing mpu6050.o(.revsh_text), (4 bytes).
    Removing mpu6050.o(.rrx_text), (6 bytes).
    Removing mpu6050.o(.bss), (12 bytes).
    Removing i2c1.o(.rev16_text), (4 bytes).
    Removing i2c1.o(.revsh_text), (4 bytes).
    Removing i2c1.o(.rrx_text), (6 bytes).
    Removing i2c1.o(i.I2C1_Scan), (148 bytes).
    Removing i2c1.o(i.I2C1_ScanAddrs), (164 bytes).
    Removing i2c1.o(i.I2C1_Search), (120 bytes).
    Removing i2c1.o(i.I2C1_WriteBurst), (88 bytes).

40 unused section(s) (total 1038 bytes) removed from the image.

==============================================================================

Image Symbol Table

    Local Symbols

    Symbol Name                              Value     Ov Type        Size  Object(Section)

    ../clib/angel/boardlib.s                 0x00000000   Number         0  boardinit3.o ABSOLUTE
    ../clib/angel/boardlib.s                 0x00000000   Number         0  boardshut.o ABSOLUTE
    ../clib/angel/boardlib.s                 0x00000000   Number         0  boardinit2.o ABSOLUTE
    ../clib/angel/boardlib.s                 0x00000000   Number         0  boardinit1.o ABSOLUTE
    ../clib/angel/handlers.s                 0x00000000   Number         0  __scatter_copy.o ABSOLUTE
    ../clib/angel/handlers.s                 0x00000000   Number         0  __scatter_zi.o ABSOLUTE
    ../clib/angel/kernel.s                   0x00000000   Number         0  rtexit2.o ABSOLUTE
    ../clib/angel/kernel.s                   0x00000000   Number         0  rtexit.o ABSOLUTE
    ../clib/angel/kernel.s                   0x00000000   Number         0  __rtentry.o ABSOLUTE
    ../clib/angel/kernel.s                   0x00000000   Number         0  __rtentry4.o ABSOLUTE
    ../clib/angel/kernel.s                   0x00000000   Number         0  __rtentry2.o ABSOLUTE
    ../clib/angel/rt.s                       0x00000000   Number         0  rt_raise.o ABSOLUTE
    ../clib/angel/scatter.s                  0x00000000   Number         0  __scatter.o ABSOLUTE
    ../clib/angel/startup.s                  0x00000000   Number         0  __main.o ABSOLUTE
    ../clib/angel/sys.s                      0x00000000   Number         0  use_no_semi.o ABSOLUTE
    ../clib/angel/sys.s                      0x00000000   Number         0  indicate_semi.o ABSOLUTE
    ../clib/angel/sys.s                      0x00000000   Number         0  sys_stackheap_outer.o ABSOLUTE
    ../clib/angel/sys.s                      0x00000000   Number         0  libspace.o ABSOLUTE
    ../clib/angel/sysapp.c                   0x00000000   Number         0  sys_command.o ABSOLUTE
    ../clib/angel/sysapp.c                   0x00000000   Number         0  sys_exit.o ABSOLUTE
    ../clib/angel/sysapp.c                   0x00000000   Number         0  sys_wrch.o ABSOLUTE
    ../clib/armsys.c                         0x00000000   Number         0  no_argv.o ABSOLUTE
    ../clib/armsys.c                         0x00000000   Number         0  _get_argv_nomalloc.o ABSOLUTE
    ../clib/armsys.c                         0x00000000   Number         0  argv_veneer.o ABSOLUTE
    ../clib/armsys.c                         0x00000000   Number         0  argv_veneer.o ABSOLUTE
    ../clib/heapalloc.c                      0x00000000   Number         0  hrguard.o ABSOLUTE
    ../clib/heapaux.c                        0x00000000   Number         0  heapauxi.o ABSOLUTE
    ../clib/libinit.s                        0x00000000   Number         0  libshutdown.o ABSOLUTE
    ../clib/libinit.s                        0x00000000   Number         0  libshutdown2.o ABSOLUTE
    ../clib/libinit.s                        0x00000000   Number         0  libinit.o ABSOLUTE
    ../clib/libinit.s                        0x00000000   Number         0  libinit2.o ABSOLUTE
    ../clib/signal.c                         0x00000000   Number         0  defsig_pvfn_inner.o ABSOLUTE
    ../clib/signal.c                         0x00000000   Number         0  defsig_stak_inner.o ABSOLUTE
    ../clib/signal.c                         0x00000000   Number         0  defsig_rtred_inner.o ABSOLUTE
    ../clib/signal.c                         0x00000000   Number         0  defsig_fpe_inner.o ABSOLUTE
    ../clib/signal.c                         0x00000000   Number         0  defsig_general.o ABSOLUTE
    ../clib/signal.c                         0x00000000   Number         0  __raise.o ABSOLUTE
    ../clib/signal.c                         0x00000000   Number         0  defsig_exit.o ABSOLUTE
    ../clib/signal.c                         0x00000000   Number         0  defsig_abrt_inner.o ABSOLUTE
    ../clib/signal.c                         0x00000000   Number         0  defsig_rtmem_formal.o ABSOLUTE
    ../clib/signal.c                         0x00000000   Number         0  defsig_rtmem_outer.o ABSOLUTE
    ../clib/signal.c                         0x00000000   Number         0  defsig_rtmem_inner.o ABSOLUTE
    ../clib/signal.c                         0x00000000   Number         0  defsig_other.o ABSOLUTE
    ../clib/signal.c                         0x00000000   Number         0  defsig_segv_inner.o ABSOLUTE
    ../clib/signal.c                         0x00000000   Number         0  defsig_cppl_inner.o ABSOLUTE
    ../clib/signal.s                         0x00000000   Number         0  defsig.o ABSOLUTE
    ../clib/stdlib.c                         0x00000000   Number         0  exit.o ABSOLUTE
    ../fplib/d2f.s                           0x00000000   Number         0  d2f.o ABSOLUTE
    ../fplib/daddsub.s                       0x00000000   Number         0  daddsub_clz.o ABSOLUTE
    ../fplib/dmul.s                          0x00000000   Number         0  dmul.o ABSOLUTE
    ../fplib/dnaninf.s                       0x00000000   Number         0  dnaninf.o ABSOLUTE
    ../fplib/dretinf.s                       0x00000000   Number         0  dretinf.o ABSOLUTE
    ../fplib/f2d.s                           0x00000000   Number         0  f2d.o ABSOLUTE
    ../fplib/fnaninf.s                       0x00000000   Number         0  fnaninf.o ABSOLUTE
    ../fplib/fpinit.s                        0x00000000   Number         0  fpinit.o ABSOLUTE
    ../fplib/fretinf.s                       0x00000000   Number         0  fretinf.o ABSOLUTE
    ../fplib/usenofp.s                       0x00000000   Number         0  usenofp.o ABSOLUTE
    dc.s                                     0x00000000   Number         0  dc.o ABSOLUTE
    micromouse\\cmsis\\src\\system_stm32f4xx.c 0x00000000   Number         0  system_stm32f4xx.o ABSOLUTE
    micromouse\\code\\src\\adc.c             0x00000000   Number         0  adc.o ABSOLUTE
    micromouse\\code\\src\\encoder.c         0x00000000   Number         0  encoder.o ABSOLUTE
    micromouse\\code\\src\\i2c1.c            0x00000000   Number         0  i2c1.o ABSOLUTE
    micromouse\\code\\src\\main.c            0x00000000   Number         0  main.o ABSOLUTE
    micromouse\\code\\src\\motors.c          0x00000000   Number         0  motors.o ABSOLUTE
    micromouse\\code\\src\\mpu6050.c         0x00000000   Number         0  mpu6050.o ABSOLUTE
    micromouse\\code\\src\\timer_delays.c    0x00000000   Number         0  timer_delays.o ABSOLUTE
    micromouse\\code\\src\\uart1.c           0x00000000   Number         0  uart1.o ABSOLUTE
    micromouse\cmsis\src\system_stm32f4xx.c  0x00000000   Number         0  system_stm32f4xx.o ABSOLUTE
    micromouse\code\src\adc.c                0x00000000   Number         0  adc.o ABSOLUTE
    micromouse\code\src\encoder.c            0x00000000   Number         0  encoder.o ABSOLUTE
    micromouse\code\src\i2c1.c               0x00000000   Number         0  i2c1.o ABSOLUTE
    micromouse\code\src\main.c               0x00000000   Number         0  main.o ABSOLUTE
    micromouse\code\src\motors.c             0x00000000   Number         0  motors.o ABSOLUTE
    micromouse\code\src\mpu6050.c            0x00000000   Number         0  mpu6050.o ABSOLUTE
    micromouse\code\src\timer_delays.c       0x00000000   Number         0  timer_delays.o ABSOLUTE
    micromouse\code\src\uart1.c              0x00000000   Number         0  uart1.o ABSOLUTE
    micromouse\startup\startup_stm32f411xe.s 0x00000000   Number         0  startup_stm32f411xe.o ABSOLUTE
    RESET                                    0x08000000   Section      408  startup_stm32f411xe.o(RESET)
    !!!main                                  0x08000198   Section        8  __main.o(!!!main)
    !!!scatter                               0x080001a0   Section       52  __scatter.o(!!!scatter)
    !!handler_copy                           0x080001d4   Section       26  __scatter_copy.o(!!handler_copy)
    !!handler_zi                             0x080001f0   Section       28  __scatter_zi.o(!!handler_zi)
    .ARM.Collect$$libinit$$00000000          0x0800020c   Section        2  libinit.o(.ARM.Collect$$libinit$$00000000)
    .ARM.Collect$$libinit$$00000001          0x0800020e   Section        4  libinit2.o(.ARM.Collect$$libinit$$00000001)
    .ARM.Collect$$libinit$$00000004          0x08000212   Section        0  libinit2.o(.ARM.Collect$$libinit$$00000004)
    .ARM.Collect$$libinit$$0000000A          0x08000212   Section        0  libinit2.o(.ARM.Collect$$libinit$$0000000A)
    .ARM.Collect$$libinit$$0000000C          0x08000212   Section        0  libinit2.o(.ARM.Collect$$libinit$$0000000C)
    .ARM.Collect$$libinit$$0000000E          0x08000212   Section        0  libinit2.o(.ARM.Collect$$libinit$$0000000E)
    .ARM.Collect$$libinit$$00000011          0x08000212   Section        0  libinit2.o(.ARM.Collect$$libinit$$00000011)
    .ARM.Collect$$libinit$$00000013          0x08000212   Section        0  libinit2.o(.ARM.Collect$$libinit$$00000013)
    .ARM.Collect$$libinit$$00000015          0x08000212   Section        0  libinit2.o(.ARM.Collect$$libinit$$00000015)
    .ARM.Collect$$libinit$$00000017          0x08000212   Section        0  libinit2.o(.ARM.Collect$$libinit$$00000017)
    .ARM.Collect$$libinit$$00000019          0x08000212   Section        0  libinit2.o(.ARM.Collect$$libinit$$00000019)
    .ARM.Collect$$libinit$$0000001B          0x08000212   Section        0  libinit2.o(.ARM.Collect$$libinit$$0000001B)
    .ARM.Collect$$libinit$$0000001D          0x08000212   Section        0  libinit2.o(.ARM.Collect$$libinit$$0000001D)
    .ARM.Collect$$libinit$$0000001F          0x08000212   Section        0  libinit2.o(.ARM.Collect$$libinit$$0000001F)
    .ARM.Collect$$libinit$$00000021          0x08000212   Section        0  libinit2.o(.ARM.Collect$$libinit$$00000021)
    .ARM.Collect$$libinit$$00000023          0x08000212   Section        0  libinit2.o(.ARM.Collect$$libinit$$00000023)
    .ARM.Collect$$libinit$$00000025          0x08000212   Section        0  libinit2.o(.ARM.Collect$$libinit$$00000025)
    .ARM.Collect$$libinit$$0000002C          0x08000212   Section        0  libinit2.o(.ARM.Collect$$libinit$$0000002C)
    .ARM.Collect$$libinit$$0000002E          0x08000212   Section        0  libinit2.o(.ARM.Collect$$libinit$$0000002E)
    .ARM.Collect$$libinit$$00000030          0x08000212   Section        0  libinit2.o(.ARM.Collect$$libinit$$00000030)
    .ARM.Collect$$libinit$$00000032          0x08000212   Section        0  libinit2.o(.ARM.Collect$$libinit$$00000032)
    .ARM.Collect$$libinit$$00000033          0x08000212   Section        2  libinit2.o(.ARM.Collect$$libinit$$00000033)
    .ARM.Collect$$libshutdown$$00000000      0x08000214   Section        2  libshutdown.o(.ARM.Collect$$libshutdown$$00000000)
    .ARM.Collect$$libshutdown$$00000002      0x08000216   Section        0  libshutdown2.o(.ARM.Collect$$libshutdown$$00000002)
    .ARM.Collect$$libshutdown$$00000004      0x08000216   Section        0  libshutdown2.o(.ARM.Collect$$libshutdown$$00000004)
    .ARM.Collect$$libshutdown$$00000006      0x08000216   Section        0  libshutdown2.o(.ARM.Collect$$libshutdown$$00000006)
    .ARM.Collect$$libshutdown$$00000009      0x08000216   Section        0  libshutdown2.o(.ARM.Collect$$libshutdown$$00000009)
    .ARM.Collect$$libshutdown$$0000000C      0x08000216   Section        0  libshutdown2.o(.ARM.Collect$$libshutdown$$0000000C)
    .ARM.Collect$$libshutdown$$0000000E      0x08000216   Section        0  libshutdown2.o(.ARM.Collect$$libshutdown$$0000000E)
    .ARM.Collect$$libshutdown$$00000011      0x08000216   Section        0  libshutdown2.o(.ARM.Collect$$libshutdown$$00000011)
    .ARM.Collect$$libshutdown$$00000012      0x08000216   Section        2  libshutdown2.o(.ARM.Collect$$libshutdown$$00000012)
    .ARM.Collect$$rtentry$$00000000          0x08000218   Section        0  __rtentry.o(.ARM.Collect$$rtentry$$00000000)
    .ARM.Collect$$rtentry$$00000002          0x08000218   Section        0  __rtentry2.o(.ARM.Collect$$rtentry$$00000002)
    .ARM.Collect$$rtentry$$00000004          0x08000218   Section        6  __rtentry4.o(.ARM.Collect$$rtentry$$00000004)
    .ARM.Collect$$rtentry$$00000009          0x0800021e   Section        0  __rtentry2.o(.ARM.Collect$$rtentry$$00000009)
    .ARM.Collect$$rtentry$$0000000A          0x0800021e   Section        4  __rtentry2.o(.ARM.Collect$$rtentry$$0000000A)
    .ARM.Collect$$rtentry$$0000000C          0x08000222   Section        0  __rtentry2.o(.ARM.Collect$$rtentry$$0000000C)
    .ARM.Collect$$rtentry$$0000000D          0x08000222   Section        8  __rtentry2.o(.ARM.Collect$$rtentry$$0000000D)
    .ARM.Collect$$rtexit$$00000000           0x0800022a   Section        2  rtexit.o(.ARM.Collect$$rtexit$$00000000)
    .ARM.Collect$$rtexit$$00000002           0x0800022c   Section        0  rtexit2.o(.ARM.Collect$$rtexit$$00000002)
    .ARM.Collect$$rtexit$$00000003           0x0800022c   Section        4  rtexit2.o(.ARM.Collect$$rtexit$$00000003)
    .ARM.Collect$$rtexit$$00000004           0x08000230   Section        6  rtexit2.o(.ARM.Collect$$rtexit$$00000004)
    .text                                    0x08000238   Section       64  startup_stm32f411xe.o(.text)
    $v0                                      0x08000238   Number         0  startup_stm32f411xe.o(.text)
    .text                                    0x08000278   Section        0  heapauxi.o(.text)
    .text                                    0x0800027e   Section       74  sys_stackheap_outer.o(.text)
    .text                                    0x080002c8   Section        0  exit.o(.text)
    .text                                    0x080002dc   Section        8  libspace.o(.text)
    .text                                    0x080002e4   Section        0  sys_exit.o(.text)
    .text                                    0x080002f0   Section        2  use_no_semi.o(.text)
    .text                                    0x080002f2   Section        0  indicate_semi.o(.text)
    i.ADC_IRQHandler                         0x080002f4   Section        0  adc.o(i.ADC_IRQHandler)
    i.ADC_Init                               0x08000338   Section        0  adc.o(i.ADC_Init)
    i.ADC_ReadBattery                        0x080003f8   Section        0  adc.o(i.ADC_ReadBattery)
    i.ADC_ReadSensors                        0x08000428   Section        0  adc.o(i.ADC_ReadSensors)
    i.ClearBits                              0x0800058c   Section        0  mpu6050.o(i.ClearBits)
    ClearBits                                0x0800058d   Thumb Code    36  mpu6050.o(i.ClearBits)
    i.DMA2_Stream2_IRQHandler                0x080005b0   Section        0  uart1.o(i.DMA2_Stream2_IRQHandler)
    i.DMA_Init                               0x0800060c   Section        0  i2c1.o(i.DMA_Init)
    DMA_Init                                 0x0800060d   Thumb Code   154  i2c1.o(i.DMA_Init)
    i.Encoder_Init                           0x080006b8   Section        0  encoder.o(i.Encoder_Init)
    i.GPIO_Init                              0x08000808   Section        0  encoder.o(i.GPIO_Init)
    GPIO_Init                                0x08000809   Thumb Code   154  encoder.o(i.GPIO_Init)
    i.GPIO_Init                              0x080008b0   Section        0  uart1.o(i.GPIO_Init)
    GPIO_Init                                0x080008b1   Thumb Code    78  uart1.o(i.GPIO_Init)
    i.GPIO_Init                              0x08000908   Section        0  motors.o(i.GPIO_Init)
    GPIO_Init                                0x08000909   Thumb Code   152  motors.o(i.GPIO_Init)
    i.GPIO_Init                              0x080009b0   Section        0  adc.o(i.GPIO_Init)
    GPIO_Init                                0x080009b1   Thumb Code   126  adc.o(i.GPIO_Init)
    i.GPIO_Init                              0x08000a40   Section        0  mpu6050.o(i.GPIO_Init)
    GPIO_Init                                0x08000a41   Thumb Code    42  mpu6050.o(i.GPIO_Init)
    i.GPIO_Init                              0x08000a74   Section        0  i2c1.o(i.GPIO_Init)
    GPIO_Init                                0x08000a75   Thumb Code   162  i2c1.o(i.GPIO_Init)
    i.I2C1_Init                              0x08000b20   Section        0  i2c1.o(i.I2C1_Init)
    i.I2C1_ReadBurst                         0x08000c04   Section        0  i2c1.o(i.I2C1_ReadBurst)
    i.I2C1_ReadReg                           0x08000c8c   Section        0  i2c1.o(i.I2C1_ReadReg)
    i.I2C1_ReceiveByte                       0x08000ca4   Section        0  i2c1.o(i.I2C1_ReceiveByte)
    I2C1_ReceiveByte                         0x08000ca5   Thumb Code   134  i2c1.o(i.I2C1_ReceiveByte)
    i.I2C1_SendByte                          0x08000d30   Section        0  i2c1.o(i.I2C1_SendByte)
    I2C1_SendByte                            0x08000d31   Thumb Code   118  i2c1.o(i.I2C1_SendByte)
    i.I2C1_WriteReg                          0x08000dac   Section        0  i2c1.o(i.I2C1_WriteReg)
    i.Interrupt_Init                         0x08000de8   Section        0  mpu6050.o(i.Interrupt_Init)
    Interrupt_Init                           0x08000de9   Thumb Code    18  mpu6050.o(i.Interrupt_Init)
    i.MPU6050_Calibration                    0x08000dfc   Section        0  mpu6050.o(i.MPU6050_Calibration)
    MPU6050_Calibration                      0x08000dfd   Thumb Code   242  mpu6050.o(i.MPU6050_Calibration)
    i.MPU6050_Init                           0x08000ef8   Section        0  mpu6050.o(i.MPU6050_Init)
    i.MPU6050_IsDataReady                    0x08000fac   Section        0  mpu6050.o(i.MPU6050_IsDataReady)
    i.MPU6050_Read                           0x08000fbc   Section        0  mpu6050.o(i.MPU6050_Read)
    i.MPU6050_ReadRawData                    0x08001080   Section        0  mpu6050.o(i.MPU6050_ReadRawData)
    i.MPU6050_WaitUntilDataIsReceived        0x08001094   Section        0  mpu6050.o(i.MPU6050_WaitUntilDataIsReceived)
    i.Motors_Control                         0x080010b4   Section        0  motors.o(i.Motors_Control)
    i.Motors_Init                            0x0800111c   Section        0  motors.o(i.Motors_Init)
    i.Motors_ML                              0x0800124c   Section        0  motors.o(i.Motors_ML)
    i.Motors_MR                              0x08001278   Section        0  motors.o(i.Motors_MR)
    i.RCC_Init                               0x080012a4   Section        0  main.o(i.RCC_Init)
    RCC_Init                                 0x080012a5   Thumb Code   202  main.o(i.RCC_Init)
    i.SetBits                                0x08001378   Section        0  mpu6050.o(i.SetBits)
    SetBits                                  0x08001379   Thumb Code    36  mpu6050.o(i.SetBits)
    i.SetSysClock                            0x0800139c   Section        0  system_stm32f4xx.o(i.SetSysClock)
    SetSysClock                              0x0800139d   Thumb Code   138  system_stm32f4xx.o(i.SetSysClock)
    i.SystemInit                             0x08001438   Section        0  system_stm32f4xx.o(i.SystemInit)
    i.TIM_DelaysInit                         0x080014a0   Section        0  timer_delays.o(i.TIM_DelaysInit)
    i.UART1_DMA2_Init                        0x080014e4   Section        0  uart1.o(i.UART1_DMA2_Init)
    UART1_DMA2_Init                          0x080014e5   Thumb Code   420  uart1.o(i.UART1_DMA2_Init)
    i.UART1_DMA_Send                         0x0800169c   Section        0  uart1.o(i.UART1_DMA_Send)
    i.UART1_Init                             0x080016cc   Section        0  uart1.o(i.UART1_Init)
    i.UART1_ReadDMAdataRX                    0x0800171c   Section        0  uart1.o(i.UART1_ReadDMAdataRX)
    i.delay_us                               0x08001740   Section        0  timer_delays.o(i.delay_us)
    i.main                                   0x08001758   Section        0  main.o(i.main)
    x$fpl$d2f                                0x080019e0   Section       98  d2f.o(x$fpl$d2f)
    $v0                                      0x080019e0   Number         0  d2f.o(x$fpl$d2f)
    x$fpl$dadd                               0x08001a44   Section      336  daddsub_clz.o(x$fpl$dadd)
    $v0                                      0x08001a44   Number         0  daddsub_clz.o(x$fpl$dadd)
    _dadd1                                   0x08001a55   Thumb Code     0  daddsub_clz.o(x$fpl$dadd)
    x$fpl$dmul                               0x08001b94   Section      340  dmul.o(x$fpl$dmul)
    $v0                                      0x08001b94   Number         0  dmul.o(x$fpl$dmul)
    x$fpl$dnaninf                            0x08001ce8   Section      156  dnaninf.o(x$fpl$dnaninf)
    $v0                                      0x08001ce8   Number         0  dnaninf.o(x$fpl$dnaninf)
    x$fpl$dretinf                            0x08001d84   Section       12  dretinf.o(x$fpl$dretinf)
    $v0                                      0x08001d84   Number         0  dretinf.o(x$fpl$dretinf)
    x$fpl$dsub                               0x08001d90   Section      468  daddsub_clz.o(x$fpl$dsub)
    $v0                                      0x08001d90   Number         0  daddsub_clz.o(x$fpl$dsub)
    _dsub1                                   0x08001da1   Thumb Code     0  daddsub_clz.o(x$fpl$dsub)
    x$fpl$f2d                                0x08001f64   Section       86  f2d.o(x$fpl$f2d)
    $v0                                      0x08001f64   Number         0  f2d.o(x$fpl$f2d)
    x$fpl$fnaninf                            0x08001fba   Section      140  fnaninf.o(x$fpl$fnaninf)
    $v0                                      0x08001fba   Number         0  fnaninf.o(x$fpl$fnaninf)
    x$fpl$fpinit                             0x08002046   Section       10  fpinit.o(x$fpl$fpinit)
    $v0                                      0x08002046   Number         0  fpinit.o(x$fpl$fpinit)
    x$fpl$fretinf                            0x08002050   Section       10  fretinf.o(x$fpl$fretinf)
    $v0                                      0x08002050   Number         0  fretinf.o(x$fpl$fretinf)
    x$fpl$usenofp                            0x0800205a   Section        0  usenofp.o(x$fpl$usenofp)
    .data                                    0x20000000   Section        8  main.o(.data)
    .data                                    0x20000008   Section       10  uart1.o(.data)
    .data                                    0x20000012   Section        2  adc.o(.data)
    .data                                    0x20000014   Section       12  mpu6050.o(.data)
    rawDataMPU6050                           0x20000014   Data           6  mpu6050.o(.data)
    gyroBias                                 0x2000001a   Data           6  mpu6050.o(.data)
    .bss                                     0x20000020   Section       12  main.o(.bss)
    .bss                                     0x2000002c   Section       16  adc.o(.bss)
    .bss                                     0x2000003c   Section      255  i2c1.o(.bss)
    dmaBufferReceive                         0x2000003c   Data         255  i2c1.o(.bss)
    .bss                                     0x2000013c   Section       96  libspace.o(.bss)
    HEAP                                     0x200001a0   Section      512  startup_stm32f411xe.o(HEAP)
    Heap_Mem                                 0x200001a0   Data         512  startup_stm32f411xe.o(HEAP)
    STACK                                    0x200003a0   Section     1024  startup_stm32f411xe.o(STACK)
    Stack_Mem                                0x200003a0   Data        1024  startup_stm32f411xe.o(STACK)
    __initial_sp                             0x200007a0   Data           0  startup_stm32f411xe.o(STACK)

    Global Symbols

    Symbol Name                              Value     Ov Type        Size  Object(Section)

    BuildAttributes$$THM_ISAv4$E$P$D$K$B$S$7EM$VFPi3$EXTD16$VFPS$VFMA$PE$A:L22UL41UL21$X:L11$S22US41US21$IEEE1$IW$USESV6$~STKCKD$USESV7$~SHL$OSPACE$ROPI$EBA8$UX$STANDARDLIB$REQ8$PRES8$EABIv2 0x00000000   Number         0  anon$$obj.o ABSOLUTE
    __ARM_use_no_argv                        0x00000000   Number         0  main.o ABSOLUTE
    __ARM_exceptions_init                     - Undefined Weak Reference
    __alloca_initialize                       - Undefined Weak Reference
    __arm_fini_                               - Undefined Weak Reference
    __arm_preinit_                            - Undefined Weak Reference
    __cpp_initialize__aeabi_                  - Undefined Weak Reference
    __cxa_finalize                            - Undefined Weak Reference
    __rt_locale                               - Undefined Weak Reference
    __sigvec_lookup                           - Undefined Weak Reference
    _atexit_init                              - Undefined Weak Reference
    _call_atexit_fns                          - Undefined Weak Reference
    _clock_init                               - Undefined Weak Reference
    _fp_trap_init                             - Undefined Weak Reference
    _fp_trap_shutdown                         - Undefined Weak Reference
    _get_lc_collate                           - Undefined Weak Reference
    _get_lc_ctype                             - Undefined Weak Reference
    _get_lc_monetary                          - Undefined Weak Reference
    _get_lc_numeric                           - Undefined Weak Reference
    _get_lc_time                              - Undefined Weak Reference
    _getenv_init                              - Undefined Weak Reference
    _handle_redirection                       - Undefined Weak Reference
    _init_alloc                               - Undefined Weak Reference
    _init_user_alloc                          - Undefined Weak Reference
    _initio                                   - Undefined Weak Reference
    _rand_init                                - Undefined Weak Reference
    _signal_finish                            - Undefined Weak Reference
    _signal_init                              - Undefined Weak Reference
    _terminate_alloc                          - Undefined Weak Reference
    _terminate_user_alloc                     - Undefined Weak Reference
    _terminateio                              - Undefined Weak Reference
    __Vectors_Size                           0x00000198   Number         0  startup_stm32f411xe.o ABSOLUTE
    __Vectors                                0x08000000   Data           4  startup_stm32f411xe.o(RESET)
    __Vectors_End                            0x08000198   Data           0  startup_stm32f411xe.o(RESET)
    __main                                   0x08000199   Thumb Code     8  __main.o(!!!main)
    __scatterload                            0x080001a1   Thumb Code     0  __scatter.o(!!!scatter)
    __scatterload_rt2                        0x080001a1   Thumb Code    44  __scatter.o(!!!scatter)
    __scatterload_rt2_thumb_only             0x080001a1   Thumb Code     0  __scatter.o(!!!scatter)
    __scatterload_null                       0x080001af   Thumb Code     0  __scatter.o(!!!scatter)
    __scatterload_copy                       0x080001d5   Thumb Code    26  __scatter_copy.o(!!handler_copy)
    __scatterload_zeroinit                   0x080001f1   Thumb Code    28  __scatter_zi.o(!!handler_zi)
    __rt_lib_init                            0x0800020d   Thumb Code     0  libinit.o(.ARM.Collect$$libinit$$00000000)
    __rt_lib_init_fp_1                       0x0800020f   Thumb Code     0  libinit2.o(.ARM.Collect$$libinit$$00000001)
    __rt_lib_init_alloca_1                   0x08000213   Thumb Code     0  libinit2.o(.ARM.Collect$$libinit$$0000002E)
    __rt_lib_init_argv_1                     0x08000213   Thumb Code     0  libinit2.o(.ARM.Collect$$libinit$$0000002C)
    __rt_lib_init_atexit_1                   0x08000213   Thumb Code     0  libinit2.o(.ARM.Collect$$libinit$$0000001B)
    __rt_lib_init_clock_1                    0x08000213   Thumb Code     0  libinit2.o(.ARM.Collect$$libinit$$00000021)
    __rt_lib_init_cpp_1                      0x08000213   Thumb Code     0  libinit2.o(.ARM.Collect$$libinit$$00000032)
    __rt_lib_init_exceptions_1               0x08000213   Thumb Code     0  libinit2.o(.ARM.Collect$$libinit$$00000030)
    __rt_lib_init_fp_trap_1                  0x08000213   Thumb Code     0  libinit2.o(.ARM.Collect$$libinit$$0000001F)
    __rt_lib_init_getenv_1                   0x08000213   Thumb Code     0  libinit2.o(.ARM.Collect$$libinit$$00000023)
    __rt_lib_init_heap_1                     0x08000213   Thumb Code     0  libinit2.o(.ARM.Collect$$libinit$$0000000A)
    __rt_lib_init_lc_collate_1               0x08000213   Thumb Code     0  libinit2.o(.ARM.Collect$$libinit$$00000011)
    __rt_lib_init_lc_ctype_1                 0x08000213   Thumb Code     0  libinit2.o(.ARM.Collect$$libinit$$00000013)
    __rt_lib_init_lc_monetary_1              0x08000213   Thumb Code     0  libinit2.o(.ARM.Collect$$libinit$$00000015)
    __rt_lib_init_lc_numeric_1               0x08000213   Thumb Code     0  libinit2.o(.ARM.Collect$$libinit$$00000017)
    __rt_lib_init_lc_time_1                  0x08000213   Thumb Code     0  libinit2.o(.ARM.Collect$$libinit$$00000019)
    __rt_lib_init_preinit_1                  0x08000213   Thumb Code     0  libinit2.o(.ARM.Collect$$libinit$$00000004)
    __rt_lib_init_rand_1                     0x08000213   Thumb Code     0  libinit2.o(.ARM.Collect$$libinit$$0000000E)
    __rt_lib_init_return                     0x08000213   Thumb Code     0  libinit2.o(.ARM.Collect$$libinit$$00000033)
    __rt_lib_init_signal_1                   0x08000213   Thumb Code     0  libinit2.o(.ARM.Collect$$libinit$$0000001D)
    __rt_lib_init_stdio_1                    0x08000213   Thumb Code     0  libinit2.o(.ARM.Collect$$libinit$$00000025)
    __rt_lib_init_user_alloc_1               0x08000213   Thumb Code     0  libinit2.o(.ARM.Collect$$libinit$$0000000C)
    __rt_lib_shutdown                        0x08000215   Thumb Code     0  libshutdown.o(.ARM.Collect$$libshutdown$$00000000)
    __rt_lib_shutdown_cpp_1                  0x08000217   Thumb Code     0  libshutdown2.o(.ARM.Collect$$libshutdown$$00000004)
    __rt_lib_shutdown_fini_1                 0x08000217   Thumb Code     0  libshutdown2.o(.ARM.Collect$$libshutdown$$00000002)
    __rt_lib_shutdown_fp_trap_1              0x08000217   Thumb Code     0  libshutdown2.o(.ARM.Collect$$libshutdown$$00000009)
    __rt_lib_shutdown_heap_1                 0x08000217   Thumb Code     0  libshutdown2.o(.ARM.Collect$$libshutdown$$00000011)
    __rt_lib_shutdown_return                 0x08000217   Thumb Code     0  libshutdown2.o(.ARM.Collect$$libshutdown$$00000012)
    __rt_lib_shutdown_signal_1               0x08000217   Thumb Code     0  libshutdown2.o(.ARM.Collect$$libshutdown$$0000000C)
    __rt_lib_shutdown_stdio_1                0x08000217   Thumb Code     0  libshutdown2.o(.ARM.Collect$$libshutdown$$00000006)
    __rt_lib_shutdown_user_alloc_1           0x08000217   Thumb Code     0  libshutdown2.o(.ARM.Collect$$libshutdown$$0000000E)
    __rt_entry                               0x08000219   Thumb Code     0  __rtentry.o(.ARM.Collect$$rtentry$$00000000)
    __rt_entry_presh_1                       0x08000219   Thumb Code     0  __rtentry2.o(.ARM.Collect$$rtentry$$00000002)
    __rt_entry_sh                            0x08000219   Thumb Code     0  __rtentry4.o(.ARM.Collect$$rtentry$$00000004)
    __rt_entry_li                            0x0800021f   Thumb Code     0  __rtentry2.o(.ARM.Collect$$rtentry$$0000000A)
    __rt_entry_postsh_1                      0x0800021f   Thumb Code     0  __rtentry2.o(.ARM.Collect$$rtentry$$00000009)
    __rt_entry_main                          0x08000223   Thumb Code     0  __rtentry2.o(.ARM.Collect$$rtentry$$0000000D)
    __rt_entry_postli_1                      0x08000223   Thumb Code     0  __rtentry2.o(.ARM.Collect$$rtentry$$0000000C)
    __rt_exit                                0x0800022b   Thumb Code     0  rtexit.o(.ARM.Collect$$rtexit$$00000000)
    __rt_exit_ls                             0x0800022d   Thumb Code     0  rtexit2.o(.ARM.Collect$$rtexit$$00000003)
    __rt_exit_prels_1                        0x0800022d   Thumb Code     0  rtexit2.o(.ARM.Collect$$rtexit$$00000002)
    __rt_exit_exit                           0x08000231   Thumb Code     0  rtexit2.o(.ARM.Collect$$rtexit$$00000004)
    Reset_Handler                            0x08000239   Thumb Code     8  startup_stm32f411xe.o(.text)
    NMI_Handler                              0x08000241   Thumb Code     2  startup_stm32f411xe.o(.text)
    HardFault_Handler                        0x08000243   Thumb Code     2  startup_stm32f411xe.o(.text)
    MemManage_Handler                        0x08000245   Thumb Code     2  startup_stm32f411xe.o(.text)
    BusFault_Handler                         0x08000247   Thumb Code     2  startup_stm32f411xe.o(.text)
    UsageFault_Handler                       0x08000249   Thumb Code     2  startup_stm32f411xe.o(.text)
    SVC_Handler                              0x0800024b   Thumb Code     2  startup_stm32f411xe.o(.text)
    DebugMon_Handler                         0x0800024d   Thumb Code     2  startup_stm32f411xe.o(.text)
    PendSV_Handler                           0x0800024f   Thumb Code     2  startup_stm32f411xe.o(.text)
    SysTick_Handler                          0x08000251   Thumb Code     2  startup_stm32f411xe.o(.text)
    DMA1_Stream0_IRQHandler                  0x08000253   Thumb Code     0  startup_stm32f411xe.o(.text)
    DMA1_Stream1_IRQHandler                  0x08000253   Thumb Code     0  startup_stm32f411xe.o(.text)
    DMA1_Stream2_IRQHandler                  0x08000253   Thumb Code     0  startup_stm32f411xe.o(.text)
    DMA1_Stream3_IRQHandler                  0x08000253   Thumb Code     0  startup_stm32f411xe.o(.text)
    DMA1_Stream4_IRQHandler                  0x08000253   Thumb Code     0  startup_stm32f411xe.o(.text)
    DMA1_Stream5_IRQHandler                  0x08000253   Thumb Code     0  startup_stm32f411xe.o(.text)
    DMA1_Stream6_IRQHandler                  0x08000253   Thumb Code     0  startup_stm32f411xe.o(.text)
    DMA1_Stream7_IRQHandler                  0x08000253   Thumb Code     0  startup_stm32f411xe.o(.text)
    DMA2_Stream0_IRQHandler                  0x08000253   Thumb Code     0  startup_stm32f411xe.o(.text)
    DMA2_Stream1_IRQHandler                  0x08000253   Thumb Code     0  startup_stm32f411xe.o(.text)
    DMA2_Stream3_IRQHandler                  0x08000253   Thumb Code     0  startup_stm32f411xe.o(.text)
    DMA2_Stream4_IRQHandler                  0x08000253   Thumb Code     0  startup_stm32f411xe.o(.text)
    DMA2_Stream5_IRQHandler                  0x08000253   Thumb Code     0  startup_stm32f411xe.o(.text)
    DMA2_Stream6_IRQHandler                  0x08000253   Thumb Code     0  startup_stm32f411xe.o(.text)
    DMA2_Stream7_IRQHandler                  0x08000253   Thumb Code     0  startup_stm32f411xe.o(.text)
    EXTI0_IRQHandler                         0x08000253   Thumb Code     0  startup_stm32f411xe.o(.text)
    EXTI15_10_IRQHandler                     0x08000253   Thumb Code     0  startup_stm32f411xe.o(.text)
    EXTI1_IRQHandler                         0x08000253   Thumb Code     0  startup_stm32f411xe.o(.text)
    EXTI2_IRQHandler                         0x08000253   Thumb Code     0  startup_stm32f411xe.o(.text)
    EXTI3_IRQHandler                         0x08000253   Thumb Code     0  startup_stm32f411xe.o(.text)
    EXTI4_IRQHandler                         0x08000253   Thumb Code     0  startup_stm32f411xe.o(.text)
    EXTI9_5_IRQHandler                       0x08000253   Thumb Code     0  startup_stm32f411xe.o(.text)
    FLASH_IRQHandler                         0x08000253   Thumb Code     0  startup_stm32f411xe.o(.text)
    FPU_IRQHandler                           0x08000253   Thumb Code     0  startup_stm32f411xe.o(.text)
    I2C1_ER_IRQHandler                       0x08000253   Thumb Code     0  startup_stm32f411xe.o(.text)
    I2C1_EV_IRQHandler                       0x08000253   Thumb Code     0  startup_stm32f411xe.o(.text)
    I2C2_ER_IRQHandler                       0x08000253   Thumb Code     0  startup_stm32f411xe.o(.text)
    I2C2_EV_IRQHandler                       0x08000253   Thumb Code     0  startup_stm32f411xe.o(.text)
    I2C3_ER_IRQHandler                       0x08000253   Thumb Code     0  startup_stm32f411xe.o(.text)
    I2C3_EV_IRQHandler                       0x08000253   Thumb Code     0  startup_stm32f411xe.o(.text)
    OTG_FS_IRQHandler                        0x08000253   Thumb Code     0  startup_stm32f411xe.o(.text)
    OTG_FS_WKUP_IRQHandler                   0x08000253   Thumb Code     0  startup_stm32f411xe.o(.text)
    PVD_IRQHandler                           0x08000253   Thumb Code     0  startup_stm32f411xe.o(.text)
    RCC_IRQHandler                           0x08000253   Thumb Code     0  startup_stm32f411xe.o(.text)
    RTC_Alarm_IRQHandler                     0x08000253   Thumb Code     0  startup_stm32f411xe.o(.text)
    RTC_WKUP_IRQHandler                      0x08000253   Thumb Code     0  startup_stm32f411xe.o(.text)
    SDIO_IRQHandler                          0x08000253   Thumb Code     0  startup_stm32f411xe.o(.text)
    SPI1_IRQHandler                          0x08000253   Thumb Code     0  startup_stm32f411xe.o(.text)
    SPI2_IRQHandler                          0x08000253   Thumb Code     0  startup_stm32f411xe.o(.text)
    SPI3_IRQHandler                          0x08000253   Thumb Code     0  startup_stm32f411xe.o(.text)
    SPI4_IRQHandler                          0x08000253   Thumb Code     0  startup_stm32f411xe.o(.text)
    SPI5_IRQHandler                          0x08000253   Thumb Code     0  startup_stm32f411xe.o(.text)
    TAMP_STAMP_IRQHandler                    0x08000253   Thumb Code     0  startup_stm32f411xe.o(.text)
    TIM1_BRK_TIM9_IRQHandler                 0x08000253   Thumb Code     0  startup_stm32f411xe.o(.text)
    TIM1_CC_IRQHandler                       0x08000253   Thumb Code     0  startup_stm32f411xe.o(.text)
    TIM1_TRG_COM_TIM11_IRQHandler            0x08000253   Thumb Code     0  startup_stm32f411xe.o(.text)
    TIM1_UP_TIM10_IRQHandler                 0x08000253   Thumb Code     0  startup_stm32f411xe.o(.text)
    TIM2_IRQHandler                          0x08000253   Thumb Code     0  startup_stm32f411xe.o(.text)
    TIM3_IRQHandler                          0x08000253   Thumb Code     0  startup_stm32f411xe.o(.text)
    TIM4_IRQHandler                          0x08000253   Thumb Code     0  startup_stm32f411xe.o(.text)
    TIM5_IRQHandler                          0x08000253   Thumb Code     0  startup_stm32f411xe.o(.text)
    USART1_IRQHandler                        0x08000253   Thumb Code     0  startup_stm32f411xe.o(.text)
    USART2_IRQHandler                        0x08000253   Thumb Code     0  startup_stm32f411xe.o(.text)
    USART6_IRQHandler                        0x08000253   Thumb Code     0  startup_stm32f411xe.o(.text)
    WWDG_IRQHandler                          0x08000253   Thumb Code     0  startup_stm32f411xe.o(.text)
    __user_initial_stackheap                 0x08000255   Thumb Code     0  startup_stm32f411xe.o(.text)
    __use_two_region_memory                  0x08000279   Thumb Code     2  heapauxi.o(.text)
    __rt_heap_escrow$2region                 0x0800027b   Thumb Code     2  heapauxi.o(.text)
    __rt_heap_expand$2region                 0x0800027d   Thumb Code     2  heapauxi.o(.text)
    __user_setup_stackheap                   0x0800027f   Thumb Code    74  sys_stackheap_outer.o(.text)
    exit                                     0x080002c9   Thumb Code    18  exit.o(.text)
    __user_libspace                          0x080002dd   Thumb Code     8  libspace.o(.text)
    __user_perproc_libspace                  0x080002dd   Thumb Code     0  libspace.o(.text)
    __user_perthread_libspace                0x080002dd   Thumb Code     0  libspace.o(.text)
    _sys_exit                                0x080002e5   Thumb Code     8  sys_exit.o(.text)
    __I$use$semihosting                      0x080002f1   Thumb Code     0  use_no_semi.o(.text)
    __use_no_semihosting_swi                 0x080002f1   Thumb Code     2  use_no_semi.o(.text)
    __semihosting_library_function           0x080002f3   Thumb Code     0  indicate_semi.o(.text)
    ADC_IRQHandler                           0x080002f5   Thumb Code    58  adc.o(i.ADC_IRQHandler)
    ADC_Init                                 0x08000339   Thumb Code   174  adc.o(i.ADC_Init)
    ADC_ReadBattery                          0x080003f9   Thumb Code    40  adc.o(i.ADC_ReadBattery)
    ADC_ReadSensors                          0x08000429   Thumb Code   340  adc.o(i.ADC_ReadSensors)
    DMA2_Stream2_IRQHandler                  0x080005b1   Thumb Code    78  uart1.o(i.DMA2_Stream2_IRQHandler)
    Encoder_Init                             0x080006b9   Thumb Code   328  encoder.o(i.Encoder_Init)
    I2C1_Init                                0x08000b21   Thumb Code   220  i2c1.o(i.I2C1_Init)
    I2C1_ReadBurst                           0x08000c05   Thumb Code   126  i2c1.o(i.I2C1_ReadBurst)
    I2C1_ReadReg                             0x08000c8d   Thumb Code    22  i2c1.o(i.I2C1_ReadReg)
    I2C1_WriteReg                            0x08000dad   Thumb Code    54  i2c1.o(i.I2C1_WriteReg)
    MPU6050_Init                             0x08000ef9   Thumb Code   178  mpu6050.o(i.MPU6050_Init)
    MPU6050_IsDataReady                      0x08000fad   Thumb Code    10  mpu6050.o(i.MPU6050_IsDataReady)
    MPU6050_Read                             0x08000fbd   Thumb Code   184  mpu6050.o(i.MPU6050_Read)
    MPU6050_ReadRawData                      0x08001081   Thumb Code    16  mpu6050.o(i.MPU6050_ReadRawData)
    MPU6050_WaitUntilDataIsReceived          0x08001095   Thumb Code    28  mpu6050.o(i.MPU6050_WaitUntilDataIsReceived)
    Motors_Control                           0x080010b5   Thumb Code   102  motors.o(i.Motors_Control)
    Motors_Init                              0x0800111d   Thumb Code   290  motors.o(i.Motors_Init)
    Motors_ML                                0x0800124d   Thumb Code    36  motors.o(i.Motors_ML)
    Motors_MR                                0x08001279   Thumb Code    36  motors.o(i.Motors_MR)
    SystemInit                               0x08001439   Thumb Code    88  system_stm32f4xx.o(i.SystemInit)
    TIM_DelaysInit                           0x080014a1   Thumb Code    60  timer_delays.o(i.TIM_DelaysInit)
    UART1_DMA_Send                           0x0800169d   Thumb Code    42  uart1.o(i.UART1_DMA_Send)
    UART1_Init                               0x080016cd   Thumb Code    70  uart1.o(i.UART1_Init)
    UART1_ReadDMAdataRX                      0x0800171d   Thumb Code    28  uart1.o(i.UART1_ReadDMAdataRX)
    delay_us                                 0x08001741   Thumb Code    18  timer_delays.o(i.delay_us)
    main                                     0x08001759   Thumb Code   592  main.o(i.main)
    __aeabi_d2f                              0x080019e1   Thumb Code     0  d2f.o(x$fpl$d2f)
    _d2f                                     0x080019e1   Thumb Code    98  d2f.o(x$fpl$d2f)
    __aeabi_dadd                             0x08001a45   Thumb Code     0  daddsub_clz.o(x$fpl$dadd)
    _dadd                                    0x08001a45   Thumb Code   332  daddsub_clz.o(x$fpl$dadd)
    __aeabi_dmul                             0x08001b95   Thumb Code     0  dmul.o(x$fpl$dmul)
    _dmul                                    0x08001b95   Thumb Code   332  dmul.o(x$fpl$dmul)
    __fpl_dnaninf                            0x08001ce9   Thumb Code   156  dnaninf.o(x$fpl$dnaninf)
    __fpl_dretinf                            0x08001d85   Thumb Code    12  dretinf.o(x$fpl$dretinf)
    __aeabi_dsub                             0x08001d91   Thumb Code     0  daddsub_clz.o(x$fpl$dsub)
    _dsub                                    0x08001d91   Thumb Code   464  daddsub_clz.o(x$fpl$dsub)
    __aeabi_f2d                              0x08001f65   Thumb Code     0  f2d.o(x$fpl$f2d)
    _f2d                                     0x08001f65   Thumb Code    86  f2d.o(x$fpl$f2d)
    __fpl_fnaninf                            0x08001fbb   Thumb Code   140  fnaninf.o(x$fpl$fnaninf)
    _fp_init                                 0x08002047   Thumb Code    10  fpinit.o(x$fpl$fpinit)
    __fplib_config_fpu_vfp                   0x0800204f   Thumb Code     0  fpinit.o(x$fpl$fpinit)
    __fplib_config_pureend_doubles           0x0800204f   Thumb Code     0  fpinit.o(x$fpl$fpinit)
    __fpl_fretinf                            0x08002051   Thumb Code    10  fretinf.o(x$fpl$fretinf)
    __I$use$fp                               0x0800205a   Number         0  usenofp.o(x$fpl$usenofp)
    Region$$Table$$Base                      0x0800205c   Number         0  anon$$obj.o(Region$$Table)
    Region$$Table$$Limit                     0x0800207c   Number         0  anon$$obj.o(Region$$Table)
    UART1_RXdata                             0x20000000   Data           3  main.o(.data)
    angle                                    0x20000004   Data           4  main.o(.data)
    UART1_DMAbufferTX                        0x20000008   Data           6  uart1.o(.data)
    UART1_DMAbufferRX                        0x2000000e   Data           3  uart1.o(.data)
    UART1_DMAdataRXisReady                   0x20000011   Data           1  uart1.o(.data)
    ADC_bat                                  0x20000012   Data           2  adc.o(.data)
    gyro                                     0x20000020   Data          12  main.o(.bss)
    ADC_data                                 0x2000002c   Data          16  adc.o(.bss)
    __libspace_start                         0x2000013c   Data          96  libspace.o(.bss)
    __temporary_stack_top$libspace           0x2000019c   Data           0  libspace.o(.bss)



==============================================================================

Memory Map of the image

  Image Entry point : 0x08000239

  Load Region LR_1 (Base: 0x08000000, Size: 0x0000209c, Max: 0xffffffff, ABSOLUTE)

    Execution Region ER_RO (Exec base: 0x08000000, Load base: 0x08000000, Size: 0x0000207c, Max: 0xffffffff, ABSOLUTE)

    Exec Addr    Load Addr    Size         Type   Attr      Idx    E Section Name        Object

    0x08000000   0x08000000   0x00000198   Data   RO            3    RESET               startup_stm32f411xe.o
    0x08000198   0x08000198   0x00000008   Code   RO          571  * !!!main             c_w.l(__main.o)
    0x080001a0   0x080001a0   0x00000034   Code   RO          751    !!!scatter          c_w.l(__scatter.o)
    0x080001d4   0x080001d4   0x0000001a   Code   RO          753    !!handler_copy      c_w.l(__scatter_copy.o)
    0x080001ee   0x080001ee   0x00000002   PAD
    0x080001f0   0x080001f0   0x0000001c   Code   RO          755    !!handler_zi        c_w.l(__scatter_zi.o)
    0x0800020c   0x0800020c   0x00000002   Code   RO          619    .ARM.Collect$$libinit$$00000000  c_w.l(libinit.o)
    0x0800020e   0x0800020e   0x00000004   Code   RO          625    .ARM.Collect$$libinit$$00000001  c_w.l(libinit2.o)
    0x08000212   0x08000212   0x00000000   Code   RO          628    .ARM.Collect$$libinit$$00000004  c_w.l(libinit2.o)
    0x08000212   0x08000212   0x00000000   Code   RO          631    .ARM.Collect$$libinit$$0000000A  c_w.l(libinit2.o)
    0x08000212   0x08000212   0x00000000   Code   RO          633    .ARM.Collect$$libinit$$0000000C  c_w.l(libinit2.o)
    0x08000212   0x08000212   0x00000000   Code   RO          635    .ARM.Collect$$libinit$$0000000E  c_w.l(libinit2.o)
    0x08000212   0x08000212   0x00000000   Code   RO          638    .ARM.Collect$$libinit$$00000011  c_w.l(libinit2.o)
    0x08000212   0x08000212   0x00000000   Code   RO          640    .ARM.Collect$$libinit$$00000013  c_w.l(libinit2.o)
    0x08000212   0x08000212   0x00000000   Code   RO          642    .ARM.Collect$$libinit$$00000015  c_w.l(libinit2.o)
    0x08000212   0x08000212   0x00000000   Code   RO          644    .ARM.Collect$$libinit$$00000017  c_w.l(libinit2.o)
    0x08000212   0x08000212   0x00000000   Code   RO          646    .ARM.Collect$$libinit$$00000019  c_w.l(libinit2.o)
    0x08000212   0x08000212   0x00000000   Code   RO          648    .ARM.Collect$$libinit$$0000001B  c_w.l(libinit2.o)
    0x08000212   0x08000212   0x00000000   Code   RO          650    .ARM.Collect$$libinit$$0000001D  c_w.l(libinit2.o)
    0x08000212   0x08000212   0x00000000   Code   RO          652    .ARM.Collect$$libinit$$0000001F  c_w.l(libinit2.o)
    0x08000212   0x08000212   0x00000000   Code   RO          654    .ARM.Collect$$libinit$$00000021  c_w.l(libinit2.o)
    0x08000212   0x08000212   0x00000000   Code   RO          656    .ARM.Collect$$libinit$$00000023  c_w.l(libinit2.o)
    0x08000212   0x08000212   0x00000000   Code   RO          658    .ARM.Collect$$libinit$$00000025  c_w.l(libinit2.o)
    0x08000212   0x08000212   0x00000000   Code   RO          662    .ARM.Collect$$libinit$$0000002C  c_w.l(libinit2.o)
    0x08000212   0x08000212   0x00000000   Code   RO          664    .ARM.Collect$$libinit$$0000002E  c_w.l(libinit2.o)
    0x08000212   0x08000212   0x00000000   Code   RO          666    .ARM.Collect$$libinit$$00000030  c_w.l(libinit2.o)
    0x08000212   0x08000212   0x00000000   Code   RO          668    .ARM.Collect$$libinit$$00000032  c_w.l(libinit2.o)
    0x08000212   0x08000212   0x00000002   Code   RO          669    .ARM.Collect$$libinit$$00000033  c_w.l(libinit2.o)
    0x08000214   0x08000214   0x00000002   Code   RO          689    .ARM.Collect$$libshutdown$$00000000  c_w.l(libshutdown.o)
    0x08000216   0x08000216   0x00000000   Code   RO          702    .ARM.Collect$$libshutdown$$00000002  c_w.l(libshutdown2.o)
    0x08000216   0x08000216   0x00000000   Code   RO          704    .ARM.Collect$$libshutdown$$00000004  c_w.l(libshutdown2.o)
    0x08000216   0x08000216   0x00000000   Code   RO          706    .ARM.Collect$$libshutdown$$00000006  c_w.l(libshutdown2.o)
    0x08000216   0x08000216   0x00000000   Code   RO          709    .ARM.Collect$$libshutdown$$00000009  c_w.l(libshutdown2.o)
    0x08000216   0x08000216   0x00000000   Code   RO          712    .ARM.Collect$$libshutdown$$0000000C  c_w.l(libshutdown2.o)
    0x08000216   0x08000216   0x00000000   Code   RO          714    .ARM.Collect$$libshutdown$$0000000E  c_w.l(libshutdown2.o)
    0x08000216   0x08000216   0x00000000   Code   RO          717    .ARM.Collect$$libshutdown$$00000011  c_w.l(libshutdown2.o)
    0x08000216   0x08000216   0x00000002   Code   RO          718    .ARM.Collect$$libshutdown$$00000012  c_w.l(libshutdown2.o)
    0x08000218   0x08000218   0x00000000   Code   RO          585    .ARM.Collect$$rtentry$$00000000  c_w.l(__rtentry.o)
    0x08000218   0x08000218   0x00000000   Code   RO          596    .ARM.Collect$$rtentry$$00000002  c_w.l(__rtentry2.o)
    0x08000218   0x08000218   0x00000006   Code   RO          608    .ARM.Collect$$rtentry$$00000004  c_w.l(__rtentry4.o)
    0x0800021e   0x0800021e   0x00000000   Code   RO          598    .ARM.Collect$$rtentry$$00000009  c_w.l(__rtentry2.o)
    0x0800021e   0x0800021e   0x00000004   Code   RO          599    .ARM.Collect$$rtentry$$0000000A  c_w.l(__rtentry2.o)
    0x08000222   0x08000222   0x00000000   Code   RO          601    .ARM.Collect$$rtentry$$0000000C  c_w.l(__rtentry2.o)
    0x08000222   0x08000222   0x00000008   Code   RO          602    .ARM.Collect$$rtentry$$0000000D  c_w.l(__rtentry2.o)
    0x0800022a   0x0800022a   0x00000002   Code   RO          623    .ARM.Collect$$rtexit$$00000000  c_w.l(rtexit.o)
    0x0800022c   0x0800022c   0x00000000   Code   RO          671    .ARM.Collect$$rtexit$$00000002  c_w.l(rtexit2.o)
    0x0800022c   0x0800022c   0x00000004   Code   RO          672    .ARM.Collect$$rtexit$$00000003  c_w.l(rtexit2.o)
    0x08000230   0x08000230   0x00000006   Code   RO          673    .ARM.Collect$$rtexit$$00000004  c_w.l(rtexit2.o)
    0x08000236   0x08000236   0x00000002   PAD
    0x08000238   0x08000238   0x00000040   Code   RO            4  * .text               startup_stm32f411xe.o
    0x08000278   0x08000278   0x00000006   Code   RO          569    .text               c_w.l(heapauxi.o)
    0x0800027e   0x0800027e   0x0000004a   Code   RO          610    .text               c_w.l(sys_stackheap_outer.o)
    0x080002c8   0x080002c8   0x00000012   Code   RO          612    .text               c_w.l(exit.o)
    0x080002da   0x080002da   0x00000002   PAD
    0x080002dc   0x080002dc   0x00000008   Code   RO          620    .text               c_w.l(libspace.o)
    0x080002e4   0x080002e4   0x0000000c   Code   RO          681    .text               c_w.l(sys_exit.o)
    0x080002f0   0x080002f0   0x00000002   Code   RO          692    .text               c_w.l(use_no_semi.o)
    0x080002f2   0x080002f2   0x00000000   Code   RO          694    .text               c_w.l(indicate_semi.o)
    0x080002f2   0x080002f2   0x00000002   PAD
    0x080002f4   0x080002f4   0x00000044   Code   RO          347    i.ADC_IRQHandler    adc.o
    0x08000338   0x08000338   0x000000c0   Code   RO          348    i.ADC_Init          adc.o
    0x080003f8   0x080003f8   0x00000030   Code   RO          349    i.ADC_ReadBattery   adc.o
    0x08000428   0x08000428   0x00000164   Code   RO          350    i.ADC_ReadSensors   adc.o
    0x0800058c   0x0800058c   0x00000024   Code   RO          405    i.ClearBits         mpu6050.o
    0x080005b0   0x080005b0   0x0000005c   Code   RO          212    i.DMA2_Stream2_IRQHandler  uart1.o
    0x0800060c   0x0800060c   0x000000ac   Code   RO          482    i.DMA_Init          i2c1.o
    0x080006b8   0x080006b8   0x00000150   Code   RO           74    i.Encoder_Init      encoder.o
    0x08000808   0x08000808   0x000000a8   Code   RO           75    i.GPIO_Init         encoder.o
    0x080008b0   0x080008b0   0x00000058   Code   RO          213    i.GPIO_Init         uart1.o
    0x08000908   0x08000908   0x000000a8   Code   RO          298    i.GPIO_Init         motors.o
    0x080009b0   0x080009b0   0x00000090   Code   RO          351    i.GPIO_Init         adc.o
    0x08000a40   0x08000a40   0x00000034   Code   RO          406    i.GPIO_Init         mpu6050.o
    0x08000a74   0x08000a74   0x000000ac   Code   RO          483    i.GPIO_Init         i2c1.o
    0x08000b20   0x08000b20   0x000000e4   Code   RO          484    i.I2C1_Init         i2c1.o
    0x08000c04   0x08000c04   0x00000088   Code   RO          485    i.I2C1_ReadBurst    i2c1.o
    0x08000c8c   0x08000c8c   0x00000016   Code   RO          486    i.I2C1_ReadReg      i2c1.o
    0x08000ca2   0x08000ca2   0x00000002   PAD
    0x08000ca4   0x08000ca4   0x0000008c   Code   RO          487    i.I2C1_ReceiveByte  i2c1.o
    0x08000d30   0x08000d30   0x0000007c   Code   RO          491    i.I2C1_SendByte     i2c1.o
    0x08000dac   0x08000dac   0x0000003c   Code   RO          493    i.I2C1_WriteReg     i2c1.o
    0x08000de8   0x08000de8   0x00000012   Code   RO          407    i.Interrupt_Init    mpu6050.o
    0x08000dfa   0x08000dfa   0x00000002   PAD
    0x08000dfc   0x08000dfc   0x000000fc   Code   RO          408    i.MPU6050_Calibration  mpu6050.o
    0x08000ef8   0x08000ef8   0x000000b2   Code   RO          409    i.MPU6050_Init      mpu6050.o
    0x08000faa   0x08000faa   0x00000002   PAD
    0x08000fac   0x08000fac   0x00000010   Code   RO          410    i.MPU6050_IsDataReady  mpu6050.o
    0x08000fbc   0x08000fbc   0x000000c4   Code   RO          411    i.MPU6050_Read      mpu6050.o
    0x08001080   0x08001080   0x00000014   Code   RO          412    i.MPU6050_ReadRawData  mpu6050.o
    0x08001094   0x08001094   0x00000020   Code   RO          413    i.MPU6050_WaitUntilDataIsReceived  mpu6050.o
    0x080010b4   0x080010b4   0x00000066   Code   RO          299    i.Motors_Control    motors.o
    0x0800111a   0x0800111a   0x00000002   PAD
    0x0800111c   0x0800111c   0x00000130   Code   RO          300    i.Motors_Init       motors.o
    0x0800124c   0x0800124c   0x0000002c   Code   RO          301    i.Motors_ML         motors.o
    0x08001278   0x08001278   0x0000002c   Code   RO          302    i.Motors_MR         motors.o
    0x080012a4   0x080012a4   0x000000d4   Code   RO          110    i.RCC_Init          main.o
    0x08001378   0x08001378   0x00000024   Code   RO          414    i.SetBits           mpu6050.o
    0x0800139c   0x0800139c   0x0000009c   Code   RO           13    i.SetSysClock       system_stm32f4xx.o
    0x08001438   0x08001438   0x00000068   Code   RO           15    i.SystemInit        system_stm32f4xx.o
    0x080014a0   0x080014a0   0x00000044   Code   RO          176    i.TIM_DelaysInit    timer_delays.o
    0x080014e4   0x080014e4   0x000001b8   Code   RO          215    i.UART1_DMA2_Init   uart1.o
    0x0800169c   0x0800169c   0x00000030   Code   RO          216    i.UART1_DMA_Send    uart1.o
    0x080016cc   0x080016cc   0x00000050   Code   RO          217    i.UART1_Init        uart1.o
    0x0800171c   0x0800171c   0x00000024   Code   RO          219    i.UART1_ReadDMAdataRX  uart1.o
    0x08001740   0x08001740   0x00000018   Code   RO          178    i.delay_us          timer_delays.o
    0x08001758   0x08001758   0x00000288   Code   RO          111    i.main              main.o
    0x080019e0   0x080019e0   0x00000062   Code   RO          573    x$fpl$d2f           fz_wm.l(d2f.o)
    0x08001a42   0x08001a42   0x00000002   PAD
    0x08001a44   0x08001a44   0x00000150   Code   RO          575    x$fpl$dadd          fz_wm.l(daddsub_clz.o)
    0x08001b94   0x08001b94   0x00000154   Code   RO          581    x$fpl$dmul          fz_wm.l(dmul.o)
    0x08001ce8   0x08001ce8   0x0000009c   Code   RO          586    x$fpl$dnaninf       fz_wm.l(dnaninf.o)
    0x08001d84   0x08001d84   0x0000000c   Code   RO          588    x$fpl$dretinf       fz_wm.l(dretinf.o)
    0x08001d90   0x08001d90   0x000001d4   Code   RO          577    x$fpl$dsub          fz_wm.l(daddsub_clz.o)
    0x08001f64   0x08001f64   0x00000056   Code   RO          583    x$fpl$f2d           fz_wm.l(f2d.o)
    0x08001fba   0x08001fba   0x0000008c   Code   RO          590    x$fpl$fnaninf       fz_wm.l(fnaninf.o)
    0x08002046   0x08002046   0x0000000a   Code   RO          679    x$fpl$fpinit        fz_wm.l(fpinit.o)
    0x08002050   0x08002050   0x0000000a   Code   RO          592    x$fpl$fretinf       fz_wm.l(fretinf.o)
    0x0800205a   0x0800205a   0x00000000   Code   RO          594    x$fpl$usenofp       fz_wm.l(usenofp.o)
    0x0800205a   0x0800205a   0x00000002   PAD
    0x0800205c   0x0800205c   0x00000020   Data   RO          749    Region$$Table       anon$$obj.o


    Execution Region ER_RW (Exec base: 0x20000000, Load base: 0x0800207c, Size: 0x00000020, Max: 0xffffffff, ABSOLUTE)

    Exec Addr    Load Addr    Size         Type   Attr      Idx    E Section Name        Object

    0x20000000   0x0800207c   0x00000008   Data   RW          113    .data               main.o
    0x20000008   0x08002084   0x0000000a   Data   RW          222    .data               uart1.o
    0x20000012   0x0800208e   0x00000002   Data   RW          353    .data               adc.o
    0x20000014   0x08002090   0x0000000c   Data   RW          416    .data               mpu6050.o


    Execution Region ER_ZI (Exec base: 0x20000020, Load base: 0x0800209c, Size: 0x00000780, Max: 0xffffffff, ABSOLUTE)

    Exec Addr    Load Addr    Size         Type   Attr      Idx    E Section Name        Object

    0x20000020        -       0x0000000c   Zero   RW          112    .bss                main.o
    0x2000002c        -       0x00000010   Zero   RW          352    .bss                adc.o
    0x2000003c        -       0x000000ff   Zero   RW          494    .bss                i2c1.o
    0x2000013b   0x0800209c   0x00000001   PAD
    0x2000013c        -       0x00000060   Zero   RW          621    .bss                c_w.l(libspace.o)
    0x2000019c   0x0800209c   0x00000004   PAD
    0x200001a0        -       0x00000200   Zero   RW            2    HEAP                startup_stm32f411xe.o
    0x200003a0        -       0x00000400   Zero   RW            1    STACK               startup_stm32f411xe.o


==============================================================================

Image component sizes


      Code (inc. data)   RO Data    RW Data    ZI Data      Debug   Object Name

       808         70          0          2         16       3467   adc.o
       504         22          0          0          0       1091   encoder.o
      1054         64          0          0        255       5376   i2c1.o
       860         66          0          8         12       2640   main.o
       662         46          0          0          0       3175   motors.o
       836         46          0         12          0       9987   mpu6050.o
        64         26        408          0       1536        888   startup_stm32f411xe.o
       260         34          0          0          0     212117   system_stm32f4xx.o
        92         14          0          0          0       1064   timer_delays.o
       784         68          0         10          0      30198   uart1.o

    ----------------------------------------------------------------------
      5932        456        440         32       1820     270003   Object Totals
         0          0         32          0          0          0   (incl. Generated)
         8          0          0          0          1          0   (incl. Padding)

    ----------------------------------------------------------------------

      Code (inc. data)   RO Data    RW Data    ZI Data      Debug   Library Member Name

         8          0          0          0          0         68   __main.o
         0          0          0          0          0          0   __rtentry.o
        12          0          0          0          0          0   __rtentry2.o
         6          0          0          0          0          0   __rtentry4.o
        52          8          0          0          0          0   __scatter.o
        26          0          0          0          0          0   __scatter_copy.o
        28          0          0          0          0          0   __scatter_zi.o
        18          0          0          0          0         80   exit.o
         6          0          0          0          0        152   heapauxi.o
         0          0          0          0          0          0   indicate_semi.o
         2          0          0          0          0          0   libinit.o
         6          0          0          0          0          0   libinit2.o
         2          0          0          0          0          0   libshutdown.o
         2          0          0          0          0          0   libshutdown2.o
         8          4          0          0         96         68   libspace.o
         2          0          0          0          0          0   rtexit.o
        10          0          0          0          0          0   rtexit2.o
        12          4          0          0          0         68   sys_exit.o
        74          0          0          0          0         80   sys_stackheap_outer.o
         2          0          0          0          0         68   use_no_semi.o
        98          4          0          0          0        140   d2f.o
       804         16          0          0          0        368   daddsub_clz.o
       340         12          0          0          0        152   dmul.o
       156          4          0          0          0        140   dnaninf.o
        12          0          0          0          0        116   dretinf.o
        86          4          0          0          0        132   f2d.o
       140          4          0          0          0        132   fnaninf.o
        10          0          0          0          0        116   fpinit.o
        10          0          0          0          0        116   fretinf.o
         0          0          0          0          0          0   usenofp.o

    ----------------------------------------------------------------------
      1944         60          0          0        100       1996   Library Totals
        12          0          0          0          4          0   (incl. Padding)

    ----------------------------------------------------------------------

      Code (inc. data)   RO Data    RW Data    ZI Data      Debug   Library Name

       276         16          0          0         96        584   c_w.l
      1656         44          0          0          0       1412   fz_wm.l

    ----------------------------------------------------------------------
      1944         60          0          0        100       1996   Library Totals

    ----------------------------------------------------------------------

==============================================================================


      Code (inc. data)   RO Data    RW Data    ZI Data      Debug   

      7876        516        440         32       1920     267343   Grand Totals
      7876        516        440         32       1920     267343   ELF Image Totals
      7876        516        440         32          0          0   ROM Totals

==============================================================================

    Total RO  Size (Code + RO Data)                 8316 (   8.12kB)
    Total RW  Size (RW Data + ZI Data)              1952 (   1.91kB)
    Total ROM Size (Code + RO Data + RW Data)       8348 (   8.15kB)

==============================================================================

