<html>
<body>
<pre>
<h1>µVision Build Log</h1>
<h2>Tool Versions:</h2>
IDE-Version: µVision V5.32.0.0
Copyright (C) 2020 ARM Ltd and ARM Germany GmbH. All rights reserved.
License Information: Night Condor, university, LIC=----
 
Tool Versions:
Toolchain:       MDK-Lite  Version: 5.32.0.0
Toolchain Path:  D:\programs\keil\core\ARM\ARMCC\Bin
C Compiler:      Armcc.exe V5.06 update 7 (build 960)
Assembler:       Armasm.exe V5.06 update 7 (build 960)
Linker/Locator:  ArmLink.exe V5.06 update 7 (build 960)
Library Manager: ArmAr.exe V5.06 update 7 (build 960)
Hex Converter:   FromElf.exe V5.06 update 7 (build 960)
CPU DLL:         SARMCM3.DLL V5.32.0.0
Dialog DLL:      DCM.DLL V1.17.3.0
Target DLL:      STLink\ST-LINKIII-KEIL_SWO.dll V3.0.8.0
Dialog DLL:      TCM.DLL V1.46.0.0
 
<h2>Project:</h2>
D:\projects\stm32\micromouse\micromouse\test\F103\bluetooth\workspace\bluetooth.uvprojx
Project File Date:  11/04/2021

<h2>Output:</h2>
*** Using Compiler 'V5.06 update 7 (build 960)', folder: 'D:\programs\keil\core\ARM\ARMCC\Bin'
Build target 'bluetooth'
compiling main.c...
.\bluetooth\code\inc\uart1.h(13): warning:  #1-D: last line of file ends without a newline
  #endif /*__UART1_H_*/
bluetooth\code\src\main.c(16): warning:  #177-D: variable "str"  was declared but never referenced
  	char str[16];
bluetooth\code\src\main.c(17): warning:  #177-D: variable "angle"  was declared but never referenced
  	float angle = 0;
bluetooth\code\src\main.c: 3 warnings, 0 errors
linking...
Program Size: Code=1268 RO-data=304 RW-data=0 ZI-data=1632  
".\Objects\bluetooth.axf" - 0 Error(s), 3 Warning(s).

<h2>Software Packages used:</h2>

Package Vendor: Keil
                http://www.keil.com/pack/Keil.STM32F1xx_DFP.2.3.0.pack
                Keil.STM32F1xx_DFP.2.3.0
                STMicroelectronics STM32F1 Series Device Support, Drivers and Examples

<h2>Collection of Component include folders:</h2>
  D:\programs\keil\packs\Keil\STM32F1xx_DFP\2.3.0\Device\Include

<h2>Collection of Component Files used:</h2>
Build Time Elapsed:  00:00:00
</pre>
</body>
</html>
