<html>
<body>
<pre>
<h1>µVision Build Log</h1>
<h2>Tool Versions:</h2>
IDE-Version: µVision V5.32.0.0
Copyright (C) 2020 ARM Ltd and ARM Germany GmbH. All rights reserved.
License Information: Night Condor, university, LIC=----
 
Tool Versions:
Toolchain:       MDK-Lite  Version: 5.32.0.0
Toolchain Path:  D:\programs\keil\core\ARM\ARMCC\Bin
C Compiler:      Armcc.exe V5.06 update 7 (build 960)
Assembler:       Armasm.exe V5.06 update 7 (build 960)
Linker/Locator:  ArmLink.exe V5.06 update 7 (build 960)
Library Manager: ArmAr.exe V5.06 update 7 (build 960)
Hex Converter:   FromElf.exe V5.06 update 7 (build 960)
CPU DLL:         SARMCM3.DLL V5.32.0.0
Dialog DLL:      DCM.DLL V1.17.3.0
Target DLL:      STLink\ST-LINKIII-KEIL_SWO.dll V3.0.8.0
Dialog DLL:      TCM.DLL V1.46.0.0
 
<h2>Project:</h2>
D:\projects\stm32\micromouse\micromouse\test\F411\mpu6500\workspace\mpu6500.uvprojx
Project File Date:  12/01/2021

<h2>Output:</h2>
*** Using Compiler 'V5.06 update 7 (build 960)', folder: 'D:\programs\keil\core\ARM\ARMCC\Bin'
Build target 'mpu6500'
compiling mpu6500.c...
mpu6500\code\src\mpu6500.c(299): warning:  #167-D: argument of type "volatile uint8_t *" is incompatible with parameter of type "uint8_t *"
  		SPI2_BurstRead(FLAG_READ|REG_ACCEL_XOUT_H, &(rawData[0]), 6);
mpu6500\code\src\mpu6500.c(300): warning:  #177-D: variable "gyro_temp"  was declared but never referenced
  		int16_t gyro_temp  =  0;
mpu6500\code\src\mpu6500.c(289): warning:  #177-D: variable "j"  was declared but never referenced
  	int j = 0;
mpu6500\code\src\mpu6500.c(502): warning:  #167-D: argument of type "volatile uint8_t *" is incompatible with parameter of type "uint8_t *"
  		SPI2_BurstRead(FLAG_READ|REG_ACCEL_XOUT_H, &(rawData[0]), 6);
mpu6500\code\src\mpu6500.c(519): warning:  #940-D: missing return statement at end of non-void function "getGyroResolution" 
  }
mpu6500\code\src\mpu6500.c(533): warning:  #940-D: missing return statement at end of non-void function "getAccelResolution" 
  }
mpu6500\code\src\mpu6500.c(506): warning:  #177-D: function "getGyroResolution"  was declared but never referenced
  float getGyroResolution(uint8_t gScale)
mpu6500\code\src\mpu6500.c(521): warning:  #177-D: function "getAccelResolution"  was declared but never referenced
  float getAccelResolution(uint8_t aScale)
mpu6500\code\src\mpu6500.c: 8 warnings, 0 errors
linking...
Program Size: Code=8488 RO-data=616 RW-data=4 ZI-data=2060  
".\Objects\mpu6500.axf" - 0 Error(s), 8 Warning(s).

<h2>Software Packages used:</h2>

Package Vendor: Keil
                http://www.keil.com/pack/Keil.STM32F4xx_DFP.2.15.0.pack
                Keil.STM32F4xx_DFP.2.15.0
                STMicroelectronics STM32F4 Series Device Support, Drivers and Examples

<h2>Collection of Component include folders:</h2>
  D:\programs\keil\packs\Keil\STM32F4xx_DFP\2.15.0\Drivers\CMSIS\Device\ST\STM32F4xx\Include

<h2>Collection of Component Files used:</h2>
Build Time Elapsed:  00:00:00
</pre>
</body>
</html>
